[2.169s] Invoking command in '/home/rschnurr/SkyClaw-Team1/ros2_ws/src/go_green': CMAKE_PREFIX_PATH=/home/rschnurr/SkyClaw-Team1/ros2_ws/install/px4_msgs:/home/rschnurr/SkyClaw-Team1/ros2_ws/install/px4_ros_com LD_LIBRARY_PATH=/home/rschnurr/SkyClaw-Team1/ros2_ws/install/px4_msgs/lib:/home/rschnurr/SkyClaw-Team1/ros2_ws/install/px4_ros_com/lib:/usr/lib/x86_64-linux-gnu/gazebo-11/plugins:/opt/ros/humble/opt/rviz_ogre_vendor/lib:/opt/ros/humble/lib/x86_64-linux-gnu:/opt/ros/humble/lib PYTHONPATH=/home/rschnurr/SkyClaw-Team1/ros2_ws/build/go_green/prefix_override:/usr/lib/python3/dist-packages/colcon_core/task/python/colcon_distutils_commands:/home/rschnurr/SkyClaw-Team1/ros2_ws/install/go_green/lib/python3.10/site-packages:${PYTHONPATH} /usr/bin/python3 -W ignore:setup.py install is deprecated -W ignore:easy_install command is deprecated setup.py egg_info --egg-base ../../build/go_green build --build-base /home/rschnurr/SkyClaw-Team1/ros2_ws/build/go_green/build install --record /home/rschnurr/SkyClaw-Team1/ros2_ws/build/go_green/install.log --single-version-externally-managed install_data
[2.831s] running egg_info
[2.873s] writing ../../build/go_green/go_green.egg-info/PKG-INFO
[2.878s] writing dependency_links to ../../build/go_green/go_green.egg-info/dependency_links.txt
[2.880s] writing entry points to ../../build/go_green/go_green.egg-info/entry_points.txt
[2.881s] writing requirements to ../../build/go_green/go_green.egg-info/requires.txt
[2.881s] writing top-level names to ../../build/go_green/go_green.egg-info/top_level.txt
[2.949s] reading manifest file '../../build/go_green/go_green.egg-info/SOURCES.txt'
[2.952s] writing manifest file '../../build/go_green/go_green.egg-info/SOURCES.txt'
[2.953s] running build
[2.954s] running build_py
[2.954s] copying go_green/__init__.py -> /home/rschnurr/SkyClaw-Team1/ros2_ws/build/go_green/build/lib/go_green
[2.955s] copying go_green/green_tracker.py -> /home/rschnurr/SkyClaw-Team1/ros2_ws/build/go_green/build/lib/go_green
[2.956s] copying go_green/go_green.py -> /home/rschnurr/SkyClaw-Team1/ros2_ws/build/go_green/build/lib/go_green
[2.957s] copying go_green/go_green_simple.py -> /home/rschnurr/SkyClaw-Team1/ros2_ws/build/go_green/build/lib/go_green
[2.958s] running install
[2.968s] running install_lib
[3.000s] running install_data
[3.001s] copying resource/go_green -> /home/rschnurr/SkyClaw-Team1/ros2_ws/install/go_green/share/ament_index/resource_index/packages
[3.002s] copying package.xml -> /home/rschnurr/SkyClaw-Team1/ros2_ws/install/go_green/share/go_green
[3.002s] running install_egg_info
[3.036s] removing '/home/rschnurr/SkyClaw-Team1/ros2_ws/install/go_green/lib/python3.10/site-packages/go_green-0.0.0-py3.10.egg-info' (and everything under it)
[3.036s] Copying ../../build/go_green/go_green.egg-info to /home/rschnurr/SkyClaw-Team1/ros2_ws/install/go_green/lib/python3.10/site-packages/go_green-0.0.0-py3.10.egg-info
[3.041s] running install_scripts
[3.104s] Installing go_green script to /home/rschnurr/SkyClaw-Team1/ros2_ws/install/go_green/lib/go_green
[3.104s] Installing go_green_autoland script to /home/rschnurr/SkyClaw-Team1/ros2_ws/install/go_green/lib/go_green
[3.105s] Installing go_green_simple script to /home/rschnurr/SkyClaw-Team1/ros2_ws/install/go_green/lib/go_green
[3.105s] Installing green_tracker script to /home/rschnurr/SkyClaw-Team1/ros2_ws/install/go_green/lib/go_green
[3.106s] Installing offboard_control script to /home/rschnurr/SkyClaw-Team1/ros2_ws/install/go_green/lib/go_green
[3.107s] writing list of installed files to '/home/rschnurr/SkyClaw-Team1/ros2_ws/build/go_green/install.log'
[3.185s] Invoked command in '/home/rschnurr/SkyClaw-Team1/ros2_ws/src/go_green' returned '0': CMAKE_PREFIX_PATH=/home/rschnurr/SkyClaw-Team1/ros2_ws/install/px4_msgs:/home/rschnurr/SkyClaw-Team1/ros2_ws/install/px4_ros_com LD_LIBRARY_PATH=/home/rschnurr/SkyClaw-Team1/ros2_ws/install/px4_msgs/lib:/home/rschnurr/SkyClaw-Team1/ros2_ws/install/px4_ros_com/lib:/usr/lib/x86_64-linux-gnu/gazebo-11/plugins:/opt/ros/humble/opt/rviz_ogre_vendor/lib:/opt/ros/humble/lib/x86_64-linux-gnu:/opt/ros/humble/lib PYTHONPATH=/home/rschnurr/SkyClaw-Team1/ros2_ws/build/go_green/prefix_override:/usr/lib/python3/dist-packages/colcon_core/task/python/colcon_distutils_commands:/home/rschnurr/SkyClaw-Team1/ros2_ws/install/go_green/lib/python3.10/site-packages:${PYTHONPATH} /usr/bin/python3 -W ignore:setup.py install is deprecated -W ignore:easy_install command is deprecated setup.py egg_info --egg-base ../../build/go_green build --build-base /home/rschnurr/SkyClaw-Team1/ros2_ws/build/go_green/build install --record /home/rschnurr/SkyClaw-Team1/ros2_ws/build/go_green/install.log --single-version-externally-managed install_data
