/home/rschnurr/SkyClaw-Team1/ros2_ws/install/go_green/lib/python3.10/site-packages/go_green/__init__.py
/home/rschnurr/SkyClaw-Team1/ros2_ws/install/go_green/lib/python3.10/site-packages/go_green/green_tracker.py
/home/rschnurr/SkyClaw-Team1/ros2_ws/install/go_green/lib/python3.10/site-packages/go_green/go_green.py
/home/rschnurr/SkyClaw-Team1/ros2_ws/install/go_green/lib/python3.10/site-packages/go_green/go_green_simple.py
/home/rschnurr/SkyClaw-Team1/ros2_ws/install/go_green/lib/python3.10/site-packages/go_green/__pycache__/__init__.cpython-310.pyc
/home/rschnurr/SkyClaw-Team1/ros2_ws/install/go_green/lib/python3.10/site-packages/go_green/__pycache__/green_tracker.cpython-310.pyc
/home/rschnurr/SkyClaw-Team1/ros2_ws/install/go_green/lib/python3.10/site-packages/go_green/__pycache__/go_green.cpython-310.pyc
/home/rschnurr/SkyClaw-Team1/ros2_ws/install/go_green/lib/python3.10/site-packages/go_green/__pycache__/go_green_simple.cpython-310.pyc
/home/rschnurr/SkyClaw-Team1/ros2_ws/install/go_green/share/ament_index/resource_index/packages/go_green
/home/rschnurr/SkyClaw-Team1/ros2_ws/install/go_green/share/go_green/package.xml
/home/rschnurr/SkyClaw-Team1/ros2_ws/install/go_green/share/go_green/launch/green.launch.py
/home/rschnurr/SkyClaw-Team1/ros2_ws/install/go_green/lib/python3.10/site-packages/go_green-0.0.0-py3.10.egg-info/requires.txt
/home/rschnurr/SkyClaw-Team1/ros2_ws/install/go_green/lib/python3.10/site-packages/go_green-0.0.0-py3.10.egg-info/zip-safe
/home/rschnurr/SkyClaw-Team1/ros2_ws/install/go_green/lib/python3.10/site-packages/go_green-0.0.0-py3.10.egg-info/SOURCES.txt
/home/rschnurr/SkyClaw-Team1/ros2_ws/install/go_green/lib/python3.10/site-packages/go_green-0.0.0-py3.10.egg-info/dependency_links.txt
/home/rschnurr/SkyClaw-Team1/ros2_ws/install/go_green/lib/python3.10/site-packages/go_green-0.0.0-py3.10.egg-info/entry_points.txt
/home/rschnurr/SkyClaw-Team1/ros2_ws/install/go_green/lib/python3.10/site-packages/go_green-0.0.0-py3.10.egg-info/PKG-INFO
/home/rschnurr/SkyClaw-Team1/ros2_ws/install/go_green/lib/python3.10/site-packages/go_green-0.0.0-py3.10.egg-info/top_level.txt
/home/rschnurr/SkyClaw-Team1/ros2_ws/install/go_green/lib/go_green/go_green
/home/rschnurr/SkyClaw-Team1/ros2_ws/install/go_green/lib/go_green/go_green_autoland
/home/rschnurr/SkyClaw-Team1/ros2_ws/install/go_green/lib/go_green/go_green_simple
/home/rschnurr/SkyClaw-Team1/ros2_ws/install/go_green/lib/go_green/green_tracker
/home/rschnurr/SkyClaw-Team1/ros2_ws/install/go_green/lib/go_green/offboard_control
