[0.258s] DEBUG:colcon:Command line arguments: ['/usr/bin/colcon', 'build']
[0.258s] DEBUG:colcon:Parsed command line arguments: Namespace(log_base=None, log_level=None, verb_name='build', build_base='build', install_base='install', merge_install=False, symlink_install=False, test_result_base=None, continue_on_error=False, executor='parallel', parallel_workers=16, event_handlers=None, ignore_user_meta=False, metas=['./colcon.meta'], base_paths=['.'], packages_ignore=None, packages_ignore_regex=None, paths=None, packages_up_to=None, packages_up_to_regex=None, packages_above=None, packages_above_and_dependencies=None, packages_above_depth=None, packages_select_by_dep=None, packages_skip_by_dep=None, packages_skip_up_to=None, packages_select_build_failed=False, packages_skip_build_finished=False, packages_select_test_failures=False, packages_skip_test_passed=False, packages_select=None, packages_skip=None, packages_select_regex=None, packages_skip_regex=None, packages_start=None, packages_end=None, allow_overriding=[], cmake_args=None, cmake_target=None, cmake_target_skip_unavailable=False, cmake_clean_cache=False, cmake_clean_first=False, cmake_force_configure=False, ament_cmake_args=None, catkin_cmake_args=None, catkin_skip_building_tests=False, mixin_files=None, mixin=None, verb_parser=<colcon_mixin.mixin.mixin_argument.MixinArgumentDecorator object at 0x746a623536a0>, verb_extension=<colcon_core.verb.build.BuildVerb object at 0x746a62353160>, main=<bound method BuildVerb.main of <colcon_core.verb.build.BuildVerb object at 0x746a62353160>>, mixin_verb=('build',))
[0.312s] Level 1:colcon.colcon_core.package_discovery:discover_packages(colcon_meta) check parameters
[0.312s] Level 1:colcon.colcon_core.package_discovery:discover_packages(recursive) check parameters
[0.313s] Level 1:colcon.colcon_core.package_discovery:discover_packages(ignore) check parameters
[0.313s] Level 1:colcon.colcon_core.package_discovery:discover_packages(path) check parameters
[0.313s] Level 1:colcon.colcon_core.package_discovery:discover_packages(colcon_meta) discover
[0.313s] Level 1:colcon.colcon_core.package_discovery:discover_packages(recursive) discover
[0.313s] INFO:colcon.colcon_core.package_discovery:Crawling recursively for packages in '/home/rschnurr/SkyClaw-Team1/ros2_ws'
[0.313s] Level 1:colcon.colcon_core.package_identification:_identify(.) by extensions ['ignore', 'ignore_ament_install']
[0.314s] Level 1:colcon.colcon_core.package_identification:_identify(.) by extension 'ignore'
[0.314s] Level 1:colcon.colcon_core.package_identification:_identify(.) by extension 'ignore_ament_install'
[0.314s] Level 1:colcon.colcon_core.package_identification:_identify(.) by extensions ['colcon_pkg']
[0.314s] Level 1:colcon.colcon_core.package_identification:_identify(.) by extension 'colcon_pkg'
[0.314s] Level 1:colcon.colcon_core.package_identification:_identify(.) by extensions ['colcon_meta']
[0.314s] Level 1:colcon.colcon_core.package_identification:_identify(.) by extension 'colcon_meta'
[0.314s] Level 1:colcon.colcon_core.package_identification:_identify(.) by extensions ['ros']
[0.314s] Level 1:colcon.colcon_core.package_identification:_identify(.) by extension 'ros'
[0.365s] Level 1:colcon.colcon_core.package_identification:_identify(.) by extensions ['cmake', 'python']
[0.365s] Level 1:colcon.colcon_core.package_identification:_identify(.) by extension 'cmake'
[0.365s] Level 1:colcon.colcon_core.package_identification:_identify(.) by extension 'python'
[0.365s] Level 1:colcon.colcon_core.package_identification:_identify(.) by extensions ['python_setup_py']
[0.365s] Level 1:colcon.colcon_core.package_identification:_identify(.) by extension 'python_setup_py'
[0.366s] Level 1:colcon.colcon_core.package_identification:_identify(build) by extensions ['ignore', 'ignore_ament_install']
[0.366s] Level 1:colcon.colcon_core.package_identification:_identify(build) by extension 'ignore'
[0.366s] Level 1:colcon.colcon_core.package_identification:_identify(build) ignored
[0.366s] Level 1:colcon.colcon_core.package_identification:_identify(install) by extensions ['ignore', 'ignore_ament_install']
[0.366s] Level 1:colcon.colcon_core.package_identification:_identify(install) by extension 'ignore'
[0.366s] Level 1:colcon.colcon_core.package_identification:_identify(install) ignored
[0.366s] Level 1:colcon.colcon_core.package_identification:_identify(log) by extensions ['ignore', 'ignore_ament_install']
[0.367s] Level 1:colcon.colcon_core.package_identification:_identify(log) by extension 'ignore'
[0.367s] Level 1:colcon.colcon_core.package_identification:_identify(log) ignored
[0.368s] Level 1:colcon.colcon_core.package_identification:_identify(src) by extensions ['ignore', 'ignore_ament_install']
[0.368s] Level 1:colcon.colcon_core.package_identification:_identify(src) by extension 'ignore'
[0.368s] Level 1:colcon.colcon_core.package_identification:_identify(src) by extension 'ignore_ament_install'
[0.368s] Level 1:colcon.colcon_core.package_identification:_identify(src) by extensions ['colcon_pkg']
[0.368s] Level 1:colcon.colcon_core.package_identification:_identify(src) by extension 'colcon_pkg'
[0.368s] Level 1:colcon.colcon_core.package_identification:_identify(src) by extensions ['colcon_meta']
[0.370s] Level 1:colcon.colcon_core.package_identification:_identify(src) by extension 'colcon_meta'
[0.370s] Level 1:colcon.colcon_core.package_identification:_identify(src) by extensions ['ros']
[0.370s] Level 1:colcon.colcon_core.package_identification:_identify(src) by extension 'ros'
[0.370s] Level 1:colcon.colcon_core.package_identification:_identify(src) by extensions ['cmake', 'python']
[0.370s] Level 1:colcon.colcon_core.package_identification:_identify(src) by extension 'cmake'
[0.371s] Level 1:colcon.colcon_core.package_identification:_identify(src) by extension 'python'
[0.371s] Level 1:colcon.colcon_core.package_identification:_identify(src) by extensions ['python_setup_py']
[0.371s] Level 1:colcon.colcon_core.package_identification:_identify(src) by extension 'python_setup_py'
[0.371s] Level 1:colcon.colcon_core.package_identification:_identify(src/go_green) by extensions ['ignore', 'ignore_ament_install']
[0.372s] Level 1:colcon.colcon_core.package_identification:_identify(src/go_green) by extension 'ignore'
[0.372s] Level 1:colcon.colcon_core.package_identification:_identify(src/go_green) by extension 'ignore_ament_install'
[0.372s] Level 1:colcon.colcon_core.package_identification:_identify(src/go_green) by extensions ['colcon_pkg']
[0.372s] Level 1:colcon.colcon_core.package_identification:_identify(src/go_green) by extension 'colcon_pkg'
[0.372s] Level 1:colcon.colcon_core.package_identification:_identify(src/go_green) by extensions ['colcon_meta']
[0.372s] Level 1:colcon.colcon_core.package_identification:_identify(src/go_green) by extension 'colcon_meta'
[0.372s] Level 1:colcon.colcon_core.package_identification:_identify(src/go_green) by extensions ['ros']
[0.372s] Level 1:colcon.colcon_core.package_identification:_identify(src/go_green) by extension 'ros'
[0.379s] DEBUG:colcon.colcon_core.package_identification:Package 'src/go_green' with type 'ros.ament_python' and name 'go_green'
[0.379s] Level 1:colcon.colcon_core.package_identification:_identify(src/px4_msgs) by extensions ['ignore', 'ignore_ament_install']
[0.379s] Level 1:colcon.colcon_core.package_identification:_identify(src/px4_msgs) by extension 'ignore'
[0.379s] Level 1:colcon.colcon_core.package_identification:_identify(src/px4_msgs) by extension 'ignore_ament_install'
[0.379s] Level 1:colcon.colcon_core.package_identification:_identify(src/px4_msgs) by extensions ['colcon_pkg']
[0.379s] Level 1:colcon.colcon_core.package_identification:_identify(src/px4_msgs) by extension 'colcon_pkg'
[0.380s] Level 1:colcon.colcon_core.package_identification:_identify(src/px4_msgs) by extensions ['colcon_meta']
[0.380s] Level 1:colcon.colcon_core.package_identification:_identify(src/px4_msgs) by extension 'colcon_meta'
[0.380s] Level 1:colcon.colcon_core.package_identification:_identify(src/px4_msgs) by extensions ['ros']
[0.380s] Level 1:colcon.colcon_core.package_identification:_identify(src/px4_msgs) by extension 'ros'
[0.381s] DEBUG:colcon.colcon_core.package_identification:Package 'src/px4_msgs' with type 'ros.ament_cmake' and name 'px4_msgs'
[0.381s] Level 1:colcon.colcon_core.package_identification:_identify(src/px4_ros_com) by extensions ['ignore', 'ignore_ament_install']
[0.381s] Level 1:colcon.colcon_core.package_identification:_identify(src/px4_ros_com) by extension 'ignore'
[0.381s] Level 1:colcon.colcon_core.package_identification:_identify(src/px4_ros_com) by extension 'ignore_ament_install'
[0.381s] Level 1:colcon.colcon_core.package_identification:_identify(src/px4_ros_com) by extensions ['colcon_pkg']
[0.381s] Level 1:colcon.colcon_core.package_identification:_identify(src/px4_ros_com) by extension 'colcon_pkg'
[0.381s] Level 1:colcon.colcon_core.package_identification:_identify(src/px4_ros_com) by extensions ['colcon_meta']
[0.381s] Level 1:colcon.colcon_core.package_identification:_identify(src/px4_ros_com) by extension 'colcon_meta'
[0.381s] Level 1:colcon.colcon_core.package_identification:_identify(src/px4_ros_com) by extensions ['ros']
[0.381s] Level 1:colcon.colcon_core.package_identification:_identify(src/px4_ros_com) by extension 'ros'
[0.383s] DEBUG:colcon.colcon_core.package_identification:Package 'src/px4_ros_com' with type 'ros.ament_cmake' and name 'px4_ros_com'
[0.383s] Level 1:colcon.colcon_core.package_discovery:discover_packages(recursive) using defaults
[0.383s] Level 1:colcon.colcon_core.package_discovery:discover_packages(ignore) discover
[0.383s] Level 1:colcon.colcon_core.package_discovery:discover_packages(ignore) using defaults
[0.383s] Level 1:colcon.colcon_core.package_discovery:discover_packages(path) discover
[0.383s] Level 1:colcon.colcon_core.package_discovery:discover_packages(path) using defaults
[0.418s] Level 1:colcon.colcon_core.package_discovery:discover_packages(prefix_path) check parameters
[0.418s] Level 1:colcon.colcon_core.package_discovery:discover_packages(prefix_path) discover
[0.420s] DEBUG:colcon.colcon_installed_package_information.package_discovery:Found 3 installed packages in /home/rschnurr/SkyClaw-Team1/ros2_ws/install
[0.421s] DEBUG:colcon.colcon_installed_package_information.package_discovery:Found 278 installed packages in /opt/ros/humble
[0.422s] Level 1:colcon.colcon_core.package_discovery:discover_packages(prefix_path) using defaults
[0.464s] Level 5:colcon.colcon_core.verb:set package 'px4_msgs' build argument 'cmake_args' from command line to 'None'
[0.465s] Level 5:colcon.colcon_core.verb:set package 'px4_msgs' build argument 'cmake_target' from command line to 'None'
[0.465s] Level 5:colcon.colcon_core.verb:set package 'px4_msgs' build argument 'cmake_target_skip_unavailable' from command line to 'False'
[0.465s] Level 5:colcon.colcon_core.verb:set package 'px4_msgs' build argument 'cmake_clean_cache' from command line to 'False'
[0.465s] Level 5:colcon.colcon_core.verb:set package 'px4_msgs' build argument 'cmake_clean_first' from command line to 'False'
[0.465s] Level 5:colcon.colcon_core.verb:set package 'px4_msgs' build argument 'cmake_force_configure' from command line to 'False'
[0.465s] Level 5:colcon.colcon_core.verb:set package 'px4_msgs' build argument 'ament_cmake_args' from command line to 'None'
[0.466s] Level 5:colcon.colcon_core.verb:set package 'px4_msgs' build argument 'catkin_cmake_args' from command line to 'None'
[0.466s] Level 5:colcon.colcon_core.verb:set package 'px4_msgs' build argument 'catkin_skip_building_tests' from command line to 'False'
[0.466s] DEBUG:colcon.colcon_core.verb:Building package 'px4_msgs' with the following arguments: {'ament_cmake_args': None, 'build_base': '/home/rschnurr/SkyClaw-Team1/ros2_ws/build/px4_msgs', 'catkin_cmake_args': None, 'catkin_skip_building_tests': False, 'cmake_args': None, 'cmake_clean_cache': False, 'cmake_clean_first': False, 'cmake_force_configure': False, 'cmake_target': None, 'cmake_target_skip_unavailable': False, 'install_base': '/home/rschnurr/SkyClaw-Team1/ros2_ws/install/px4_msgs', 'merge_install': False, 'path': '/home/rschnurr/SkyClaw-Team1/ros2_ws/src/px4_msgs', 'symlink_install': False, 'test_result_base': None}
[0.466s] Level 5:colcon.colcon_core.verb:set package 'go_green' build argument 'cmake_args' from command line to 'None'
[0.466s] Level 5:colcon.colcon_core.verb:set package 'go_green' build argument 'cmake_target' from command line to 'None'
[0.466s] Level 5:colcon.colcon_core.verb:set package 'go_green' build argument 'cmake_target_skip_unavailable' from command line to 'False'
[0.467s] Level 5:colcon.colcon_core.verb:set package 'go_green' build argument 'cmake_clean_cache' from command line to 'False'
[0.467s] Level 5:colcon.colcon_core.verb:set package 'go_green' build argument 'cmake_clean_first' from command line to 'False'
[0.467s] Level 5:colcon.colcon_core.verb:set package 'go_green' build argument 'cmake_force_configure' from command line to 'False'
[0.467s] Level 5:colcon.colcon_core.verb:set package 'go_green' build argument 'ament_cmake_args' from command line to 'None'
[0.467s] Level 5:colcon.colcon_core.verb:set package 'go_green' build argument 'catkin_cmake_args' from command line to 'None'
[0.467s] Level 5:colcon.colcon_core.verb:set package 'go_green' build argument 'catkin_skip_building_tests' from command line to 'False'
[0.467s] DEBUG:colcon.colcon_core.verb:Building package 'go_green' with the following arguments: {'ament_cmake_args': None, 'build_base': '/home/rschnurr/SkyClaw-Team1/ros2_ws/build/go_green', 'catkin_cmake_args': None, 'catkin_skip_building_tests': False, 'cmake_args': None, 'cmake_clean_cache': False, 'cmake_clean_first': False, 'cmake_force_configure': False, 'cmake_target': None, 'cmake_target_skip_unavailable': False, 'install_base': '/home/rschnurr/SkyClaw-Team1/ros2_ws/install/go_green', 'merge_install': False, 'path': '/home/rschnurr/SkyClaw-Team1/ros2_ws/src/go_green', 'symlink_install': False, 'test_result_base': None}
[0.467s] Level 5:colcon.colcon_core.verb:set package 'px4_ros_com' build argument 'cmake_args' from command line to 'None'
[0.467s] Level 5:colcon.colcon_core.verb:set package 'px4_ros_com' build argument 'cmake_target' from command line to 'None'
[0.467s] Level 5:colcon.colcon_core.verb:set package 'px4_ros_com' build argument 'cmake_target_skip_unavailable' from command line to 'False'
[0.467s] Level 5:colcon.colcon_core.verb:set package 'px4_ros_com' build argument 'cmake_clean_cache' from command line to 'False'
[0.467s] Level 5:colcon.colcon_core.verb:set package 'px4_ros_com' build argument 'cmake_clean_first' from command line to 'False'
[0.467s] Level 5:colcon.colcon_core.verb:set package 'px4_ros_com' build argument 'cmake_force_configure' from command line to 'False'
[0.467s] Level 5:colcon.colcon_core.verb:set package 'px4_ros_com' build argument 'ament_cmake_args' from command line to 'None'
[0.467s] Level 5:colcon.colcon_core.verb:set package 'px4_ros_com' build argument 'catkin_cmake_args' from command line to 'None'
[0.467s] Level 5:colcon.colcon_core.verb:set package 'px4_ros_com' build argument 'catkin_skip_building_tests' from command line to 'False'
[0.467s] DEBUG:colcon.colcon_core.verb:Building package 'px4_ros_com' with the following arguments: {'ament_cmake_args': None, 'build_base': '/home/rschnurr/SkyClaw-Team1/ros2_ws/build/px4_ros_com', 'catkin_cmake_args': None, 'catkin_skip_building_tests': False, 'cmake_args': None, 'cmake_clean_cache': False, 'cmake_clean_first': False, 'cmake_force_configure': False, 'cmake_target': None, 'cmake_target_skip_unavailable': False, 'install_base': '/home/rschnurr/SkyClaw-Team1/ros2_ws/install/px4_ros_com', 'merge_install': False, 'path': '/home/rschnurr/SkyClaw-Team1/ros2_ws/src/px4_ros_com', 'symlink_install': False, 'test_result_base': None}
[0.468s] INFO:colcon.colcon_core.executor:Executing jobs using 'parallel' executor
[0.472s] DEBUG:colcon.colcon_parallel_executor.executor.parallel:run_until_complete
[0.473s] INFO:colcon.colcon_ros.task.ament_cmake.build:Building ROS package in '/home/rschnurr/SkyClaw-Team1/ros2_ws/src/px4_msgs' with build type 'ament_cmake'
[0.473s] INFO:colcon.colcon_cmake.task.cmake.build:Building CMake package in '/home/rschnurr/SkyClaw-Team1/ros2_ws/src/px4_msgs'
[0.476s] INFO:colcon.colcon_core.plugin_system:Skipping extension 'colcon_core.shell.bat': Not used on non-Windows systems
[0.476s] INFO:colcon.colcon_core.shell:Skip shell extension 'powershell' for command environment: Not usable outside of PowerShell
[0.476s] DEBUG:colcon.colcon_core.shell:Skip shell extension 'dsv' for command environment
[0.491s] DEBUG:colcon.colcon_core.event_handler.log_command:Invoking command in '/home/rschnurr/SkyClaw-Team1/ros2_ws/build/px4_msgs': CMAKE_PREFIX_PATH=${CMAKE_PREFIX_PATH}:/home/rschnurr/SkyClaw-Team1/ros2_ws/install/go_green:/opt/ros/humble /usr/bin/cmake --build /home/rschnurr/SkyClaw-Team1/ros2_ws/build/px4_msgs -- -j16 -l16
[1.629s] DEBUG:colcon.colcon_core.event_handler.log_command:Invoked command in '/home/rschnurr/SkyClaw-Team1/ros2_ws/build/px4_msgs' returned '0': CMAKE_PREFIX_PATH=${CMAKE_PREFIX_PATH}:/home/rschnurr/SkyClaw-Team1/ros2_ws/install/go_green:/opt/ros/humble /usr/bin/cmake --build /home/rschnurr/SkyClaw-Team1/ros2_ws/build/px4_msgs -- -j16 -l16
[1.647s] DEBUG:colcon.colcon_core.event_handler.log_command:Invoking command in '/home/rschnurr/SkyClaw-Team1/ros2_ws/build/px4_msgs': CMAKE_PREFIX_PATH=${CMAKE_PREFIX_PATH}:/home/rschnurr/SkyClaw-Team1/ros2_ws/install/go_green:/opt/ros/humble /usr/bin/cmake --install /home/rschnurr/SkyClaw-Team1/ros2_ws/build/px4_msgs
[2.442s] Level 1:colcon.colcon_core.environment:create_environment_scripts_only(px4_msgs)
[2.456s] DEBUG:colcon.colcon_core.event_handler.log_command:Invoked command in '/home/rschnurr/SkyClaw-Team1/ros2_ws/build/px4_msgs' returned '0': CMAKE_PREFIX_PATH=${CMAKE_PREFIX_PATH}:/home/rschnurr/SkyClaw-Team1/ros2_ws/install/go_green:/opt/ros/humble /usr/bin/cmake --install /home/rschnurr/SkyClaw-Team1/ros2_ws/build/px4_msgs
[2.460s] Level 1:colcon.colcon_core.environment:checking '/home/rschnurr/SkyClaw-Team1/ros2_ws/install/px4_msgs' for CMake module files
[2.461s] Level 1:colcon.colcon_core.environment:checking '/home/rschnurr/SkyClaw-Team1/ros2_ws/install/px4_msgs' for CMake config files
[2.461s] Level 1:colcon.colcon_core.shell:create_environment_hook('px4_msgs', 'cmake_prefix_path')
[2.461s] INFO:colcon.colcon_core.shell:Creating environment hook '/home/rschnurr/SkyClaw-Team1/ros2_ws/install/px4_msgs/share/px4_msgs/hook/cmake_prefix_path.ps1'
[2.462s] INFO:colcon.colcon_core.shell:Creating environment descriptor '/home/rschnurr/SkyClaw-Team1/ros2_ws/install/px4_msgs/share/px4_msgs/hook/cmake_prefix_path.dsv'
[2.464s] INFO:colcon.colcon_core.shell:Creating environment hook '/home/rschnurr/SkyClaw-Team1/ros2_ws/install/px4_msgs/share/px4_msgs/hook/cmake_prefix_path.sh'
[2.467s] Level 1:colcon.colcon_core.environment:checking '/home/rschnurr/SkyClaw-Team1/ros2_ws/install/px4_msgs/lib'
[2.468s] Level 1:colcon.colcon_core.shell:create_environment_hook('px4_msgs', 'ld_library_path_lib')
[2.468s] INFO:colcon.colcon_core.shell:Creating environment hook '/home/rschnurr/SkyClaw-Team1/ros2_ws/install/px4_msgs/share/px4_msgs/hook/ld_library_path_lib.ps1'
[2.469s] INFO:colcon.colcon_core.shell:Creating environment descriptor '/home/rschnurr/SkyClaw-Team1/ros2_ws/install/px4_msgs/share/px4_msgs/hook/ld_library_path_lib.dsv'
[2.470s] INFO:colcon.colcon_core.shell:Creating environment hook '/home/rschnurr/SkyClaw-Team1/ros2_ws/install/px4_msgs/share/px4_msgs/hook/ld_library_path_lib.sh'
[2.470s] Level 1:colcon.colcon_core.environment:checking '/home/rschnurr/SkyClaw-Team1/ros2_ws/install/px4_msgs/bin'
[2.470s] Level 1:colcon.colcon_core.environment:checking '/home/rschnurr/SkyClaw-Team1/ros2_ws/install/px4_msgs/lib/pkgconfig/px4_msgs.pc'
[2.470s] Level 1:colcon.colcon_core.environment:checking '/home/rschnurr/SkyClaw-Team1/ros2_ws/install/px4_msgs/lib/python3.10/site-packages'
[2.471s] Level 1:colcon.colcon_core.environment:checking '/home/rschnurr/SkyClaw-Team1/ros2_ws/install/px4_msgs/bin'
[2.471s] INFO:colcon.colcon_core.shell:Creating package script '/home/rschnurr/SkyClaw-Team1/ros2_ws/install/px4_msgs/share/px4_msgs/package.ps1'
[2.472s] INFO:colcon.colcon_core.shell:Creating package descriptor '/home/rschnurr/SkyClaw-Team1/ros2_ws/install/px4_msgs/share/px4_msgs/package.dsv'
[2.473s] INFO:colcon.colcon_core.shell:Creating package script '/home/rschnurr/SkyClaw-Team1/ros2_ws/install/px4_msgs/share/px4_msgs/package.sh'
[2.474s] INFO:colcon.colcon_core.shell:Creating package script '/home/rschnurr/SkyClaw-Team1/ros2_ws/install/px4_msgs/share/px4_msgs/package.bash'
[2.475s] INFO:colcon.colcon_core.shell:Creating package script '/home/rschnurr/SkyClaw-Team1/ros2_ws/install/px4_msgs/share/px4_msgs/package.zsh'
[2.475s] Level 1:colcon.colcon_core.environment:create_file_with_runtime_dependencies(/home/rschnurr/SkyClaw-Team1/ros2_ws/install/px4_msgs/share/colcon-core/packages/px4_msgs)
[2.478s] Level 1:colcon.colcon_core.environment:create_environment_scripts_only(px4_msgs)
[2.478s] Level 1:colcon.colcon_core.environment:checking '/home/rschnurr/SkyClaw-Team1/ros2_ws/install/px4_msgs' for CMake module files
[2.478s] Level 1:colcon.colcon_core.environment:checking '/home/rschnurr/SkyClaw-Team1/ros2_ws/install/px4_msgs' for CMake config files
[2.479s] Level 1:colcon.colcon_core.shell:create_environment_hook('px4_msgs', 'cmake_prefix_path')
[2.479s] INFO:colcon.colcon_core.shell:Creating environment hook '/home/rschnurr/SkyClaw-Team1/ros2_ws/install/px4_msgs/share/px4_msgs/hook/cmake_prefix_path.ps1'
[2.480s] INFO:colcon.colcon_core.shell:Creating environment descriptor '/home/rschnurr/SkyClaw-Team1/ros2_ws/install/px4_msgs/share/px4_msgs/hook/cmake_prefix_path.dsv'
[2.480s] INFO:colcon.colcon_core.shell:Creating environment hook '/home/rschnurr/SkyClaw-Team1/ros2_ws/install/px4_msgs/share/px4_msgs/hook/cmake_prefix_path.sh'
[2.481s] Level 1:colcon.colcon_core.environment:checking '/home/rschnurr/SkyClaw-Team1/ros2_ws/install/px4_msgs/lib'
[2.481s] Level 1:colcon.colcon_core.shell:create_environment_hook('px4_msgs', 'ld_library_path_lib')
[2.482s] INFO:colcon.colcon_core.shell:Creating environment hook '/home/rschnurr/SkyClaw-Team1/ros2_ws/install/px4_msgs/share/px4_msgs/hook/ld_library_path_lib.ps1'
[2.483s] INFO:colcon.colcon_core.shell:Creating environment descriptor '/home/rschnurr/SkyClaw-Team1/ros2_ws/install/px4_msgs/share/px4_msgs/hook/ld_library_path_lib.dsv'
[2.483s] INFO:colcon.colcon_core.shell:Creating environment hook '/home/rschnurr/SkyClaw-Team1/ros2_ws/install/px4_msgs/share/px4_msgs/hook/ld_library_path_lib.sh'
[2.484s] Level 1:colcon.colcon_core.environment:checking '/home/rschnurr/SkyClaw-Team1/ros2_ws/install/px4_msgs/bin'
[2.484s] Level 1:colcon.colcon_core.environment:checking '/home/rschnurr/SkyClaw-Team1/ros2_ws/install/px4_msgs/lib/pkgconfig/px4_msgs.pc'
[2.485s] Level 1:colcon.colcon_core.environment:checking '/home/rschnurr/SkyClaw-Team1/ros2_ws/install/px4_msgs/lib/python3.10/site-packages'
[2.485s] Level 1:colcon.colcon_core.environment:checking '/home/rschnurr/SkyClaw-Team1/ros2_ws/install/px4_msgs/bin'
[2.486s] INFO:colcon.colcon_core.shell:Creating package script '/home/rschnurr/SkyClaw-Team1/ros2_ws/install/px4_msgs/share/px4_msgs/package.ps1'
[2.486s] INFO:colcon.colcon_core.shell:Creating package descriptor '/home/rschnurr/SkyClaw-Team1/ros2_ws/install/px4_msgs/share/px4_msgs/package.dsv'
[2.487s] INFO:colcon.colcon_core.shell:Creating package script '/home/rschnurr/SkyClaw-Team1/ros2_ws/install/px4_msgs/share/px4_msgs/package.sh'
[2.489s] INFO:colcon.colcon_core.shell:Creating package script '/home/rschnurr/SkyClaw-Team1/ros2_ws/install/px4_msgs/share/px4_msgs/package.bash'
[2.490s] INFO:colcon.colcon_core.shell:Creating package script '/home/rschnurr/SkyClaw-Team1/ros2_ws/install/px4_msgs/share/px4_msgs/package.zsh'
[2.490s] Level 1:colcon.colcon_core.environment:create_file_with_runtime_dependencies(/home/rschnurr/SkyClaw-Team1/ros2_ws/install/px4_msgs/share/colcon-core/packages/px4_msgs)
[2.491s] INFO:colcon.colcon_ros.task.ament_python.build:Building ROS package in '/home/rschnurr/SkyClaw-Team1/ros2_ws/src/go_green' with build type 'ament_python'
[2.491s] Level 1:colcon.colcon_core.shell:create_environment_hook('go_green', 'ament_prefix_path')
[2.491s] INFO:colcon.colcon_core.shell:Creating environment hook '/home/rschnurr/SkyClaw-Team1/ros2_ws/install/go_green/share/go_green/hook/ament_prefix_path.ps1'
[2.494s] INFO:colcon.colcon_core.shell:Creating environment descriptor '/home/rschnurr/SkyClaw-Team1/ros2_ws/install/go_green/share/go_green/hook/ament_prefix_path.dsv'
[2.495s] INFO:colcon.colcon_core.shell:Creating environment hook '/home/rschnurr/SkyClaw-Team1/ros2_ws/install/go_green/share/go_green/hook/ament_prefix_path.sh'
[2.497s] INFO:colcon.colcon_core.shell:Skip shell extension 'powershell' for command environment: Not usable outside of PowerShell
[2.497s] DEBUG:colcon.colcon_core.shell:Skip shell extension 'dsv' for command environment
[2.503s] INFO:colcon.colcon_ros.task.ament_cmake.build:Building ROS package in '/home/rschnurr/SkyClaw-Team1/ros2_ws/src/px4_ros_com' with build type 'ament_cmake'
[2.503s] INFO:colcon.colcon_cmake.task.cmake.build:Building CMake package in '/home/rschnurr/SkyClaw-Team1/ros2_ws/src/px4_ros_com'
[2.504s] INFO:colcon.colcon_core.shell:Skip shell extension 'powershell' for command environment: Not usable outside of PowerShell
[2.504s] DEBUG:colcon.colcon_core.shell:Skip shell extension 'dsv' for command environment
[2.618s] DEBUG:colcon.colcon_core.event_handler.log_command:Invoking command in '/home/rschnurr/SkyClaw-Team1/ros2_ws/build/px4_ros_com': CMAKE_PREFIX_PATH=/home/rschnurr/SkyClaw-Team1/ros2_ws/install/px4_msgs:/home/rschnurr/SkyClaw-Team1/ros2_ws/install/px4_ros_com:/home/rschnurr/SkyClaw-Team1/ros2_ws/install/go_green:/opt/ros/humble LD_LIBRARY_PATH=/home/rschnurr/SkyClaw-Team1/ros2_ws/install/px4_msgs/lib:/home/rschnurr/SkyClaw-Team1/ros2_ws/install/px4_ros_com/lib:/usr/lib/x86_64-linux-gnu/gazebo-11/plugins:/opt/ros/humble/opt/rviz_ogre_vendor/lib:/opt/ros/humble/lib/x86_64-linux-gnu:/opt/ros/humble/lib /usr/bin/cmake --build /home/rschnurr/SkyClaw-Team1/ros2_ws/build/px4_ros_com -- -j16 -l16
[3.004s] INFO:colcon.colcon_core.task.python.build:Building Python package in '/home/rschnurr/SkyClaw-Team1/ros2_ws/src/go_green'
[3.005s] INFO:colcon.colcon_core.shell:Skip shell extension 'powershell' for command environment: Not usable outside of PowerShell
[3.005s] DEBUG:colcon.colcon_core.shell:Skip shell extension 'dsv' for command environment
[3.380s] DEBUG:colcon.colcon_core.event_handler.log_command:Invoked command in '/home/rschnurr/SkyClaw-Team1/ros2_ws/build/px4_ros_com' returned '0': CMAKE_PREFIX_PATH=/home/rschnurr/SkyClaw-Team1/ros2_ws/install/px4_msgs:/home/rschnurr/SkyClaw-Team1/ros2_ws/install/px4_ros_com:/home/rschnurr/SkyClaw-Team1/ros2_ws/install/go_green:/opt/ros/humble LD_LIBRARY_PATH=/home/rschnurr/SkyClaw-Team1/ros2_ws/install/px4_msgs/lib:/home/rschnurr/SkyClaw-Team1/ros2_ws/install/px4_ros_com/lib:/usr/lib/x86_64-linux-gnu/gazebo-11/plugins:/opt/ros/humble/opt/rviz_ogre_vendor/lib:/opt/ros/humble/lib/x86_64-linux-gnu:/opt/ros/humble/lib /usr/bin/cmake --build /home/rschnurr/SkyClaw-Team1/ros2_ws/build/px4_ros_com -- -j16 -l16
[3.388s] DEBUG:colcon.colcon_core.event_handler.log_command:Invoking command in '/home/rschnurr/SkyClaw-Team1/ros2_ws/build/px4_ros_com': CMAKE_PREFIX_PATH=/home/rschnurr/SkyClaw-Team1/ros2_ws/install/px4_msgs:/home/rschnurr/SkyClaw-Team1/ros2_ws/install/px4_ros_com:/home/rschnurr/SkyClaw-Team1/ros2_ws/install/go_green:/opt/ros/humble LD_LIBRARY_PATH=/home/rschnurr/SkyClaw-Team1/ros2_ws/install/px4_msgs/lib:/home/rschnurr/SkyClaw-Team1/ros2_ws/install/px4_ros_com/lib:/usr/lib/x86_64-linux-gnu/gazebo-11/plugins:/opt/ros/humble/opt/rviz_ogre_vendor/lib:/opt/ros/humble/lib/x86_64-linux-gnu:/opt/ros/humble/lib /usr/bin/cmake --install /home/rschnurr/SkyClaw-Team1/ros2_ws/build/px4_ros_com
[3.489s] Level 1:colcon.colcon_core.environment:create_environment_scripts_only(px4_ros_com)
[3.489s] Level 1:colcon.colcon_core.environment:checking '/home/rschnurr/SkyClaw-Team1/ros2_ws/install/px4_ros_com' for CMake module files
[3.490s] DEBUG:colcon.colcon_core.event_handler.log_command:Invoked command in '/home/rschnurr/SkyClaw-Team1/ros2_ws/build/px4_ros_com' returned '0': CMAKE_PREFIX_PATH=/home/rschnurr/SkyClaw-Team1/ros2_ws/install/px4_msgs:/home/rschnurr/SkyClaw-Team1/ros2_ws/install/px4_ros_com:/home/rschnurr/SkyClaw-Team1/ros2_ws/install/go_green:/opt/ros/humble LD_LIBRARY_PATH=/home/rschnurr/SkyClaw-Team1/ros2_ws/install/px4_msgs/lib:/home/rschnurr/SkyClaw-Team1/ros2_ws/install/px4_ros_com/lib:/usr/lib/x86_64-linux-gnu/gazebo-11/plugins:/opt/ros/humble/opt/rviz_ogre_vendor/lib:/opt/ros/humble/lib/x86_64-linux-gnu:/opt/ros/humble/lib /usr/bin/cmake --install /home/rschnurr/SkyClaw-Team1/ros2_ws/build/px4_ros_com
[3.491s] Level 1:colcon.colcon_core.environment:checking '/home/rschnurr/SkyClaw-Team1/ros2_ws/install/px4_ros_com' for CMake config files
[3.491s] Level 1:colcon.colcon_core.shell:create_environment_hook('px4_ros_com', 'cmake_prefix_path')
[3.492s] INFO:colcon.colcon_core.shell:Creating environment hook '/home/rschnurr/SkyClaw-Team1/ros2_ws/install/px4_ros_com/share/px4_ros_com/hook/cmake_prefix_path.ps1'
[3.492s] INFO:colcon.colcon_core.shell:Creating environment descriptor '/home/rschnurr/SkyClaw-Team1/ros2_ws/install/px4_ros_com/share/px4_ros_com/hook/cmake_prefix_path.dsv'
[3.493s] INFO:colcon.colcon_core.shell:Creating environment hook '/home/rschnurr/SkyClaw-Team1/ros2_ws/install/px4_ros_com/share/px4_ros_com/hook/cmake_prefix_path.sh'
[3.494s] Level 1:colcon.colcon_core.environment:checking '/home/rschnurr/SkyClaw-Team1/ros2_ws/install/px4_ros_com/lib'
[3.494s] Level 1:colcon.colcon_core.shell:create_environment_hook('px4_ros_com', 'ld_library_path_lib')
[3.495s] INFO:colcon.colcon_core.shell:Creating environment hook '/home/rschnurr/SkyClaw-Team1/ros2_ws/install/px4_ros_com/share/px4_ros_com/hook/ld_library_path_lib.ps1'
[3.496s] INFO:colcon.colcon_core.shell:Creating environment descriptor '/home/rschnurr/SkyClaw-Team1/ros2_ws/install/px4_ros_com/share/px4_ros_com/hook/ld_library_path_lib.dsv'
[3.496s] INFO:colcon.colcon_core.shell:Creating environment hook '/home/rschnurr/SkyClaw-Team1/ros2_ws/install/px4_ros_com/share/px4_ros_com/hook/ld_library_path_lib.sh'
[3.497s] Level 1:colcon.colcon_core.environment:checking '/home/rschnurr/SkyClaw-Team1/ros2_ws/install/px4_ros_com/bin'
[3.497s] Level 1:colcon.colcon_core.environment:checking '/home/rschnurr/SkyClaw-Team1/ros2_ws/install/px4_ros_com/lib/pkgconfig/px4_ros_com.pc'
[3.498s] Level 1:colcon.colcon_core.environment:checking '/home/rschnurr/SkyClaw-Team1/ros2_ws/install/px4_ros_com/lib/python3.10/site-packages'
[3.498s] Level 1:colcon.colcon_core.environment:checking '/home/rschnurr/SkyClaw-Team1/ros2_ws/install/px4_ros_com/bin'
[3.500s] INFO:colcon.colcon_core.shell:Creating package script '/home/rschnurr/SkyClaw-Team1/ros2_ws/install/px4_ros_com/share/px4_ros_com/package.ps1'
[3.501s] INFO:colcon.colcon_core.shell:Creating package descriptor '/home/rschnurr/SkyClaw-Team1/ros2_ws/install/px4_ros_com/share/px4_ros_com/package.dsv'
[3.501s] INFO:colcon.colcon_core.shell:Creating package script '/home/rschnurr/SkyClaw-Team1/ros2_ws/install/px4_ros_com/share/px4_ros_com/package.sh'
[3.502s] INFO:colcon.colcon_core.shell:Creating package script '/home/rschnurr/SkyClaw-Team1/ros2_ws/install/px4_ros_com/share/px4_ros_com/package.bash'
[3.504s] INFO:colcon.colcon_core.shell:Creating package script '/home/rschnurr/SkyClaw-Team1/ros2_ws/install/px4_ros_com/share/px4_ros_com/package.zsh'
[3.505s] Level 1:colcon.colcon_core.environment:create_file_with_runtime_dependencies(/home/rschnurr/SkyClaw-Team1/ros2_ws/install/px4_ros_com/share/colcon-core/packages/px4_ros_com)
[3.506s] Level 1:colcon.colcon_core.environment:create_environment_scripts_only(px4_ros_com)
[3.506s] Level 1:colcon.colcon_core.environment:checking '/home/rschnurr/SkyClaw-Team1/ros2_ws/install/px4_ros_com' for CMake module files
[3.508s] Level 1:colcon.colcon_core.environment:checking '/home/rschnurr/SkyClaw-Team1/ros2_ws/install/px4_ros_com' for CMake config files
[3.508s] Level 1:colcon.colcon_core.shell:create_environment_hook('px4_ros_com', 'cmake_prefix_path')
[3.509s] INFO:colcon.colcon_core.shell:Creating environment hook '/home/rschnurr/SkyClaw-Team1/ros2_ws/install/px4_ros_com/share/px4_ros_com/hook/cmake_prefix_path.ps1'
[3.509s] INFO:colcon.colcon_core.shell:Creating environment descriptor '/home/rschnurr/SkyClaw-Team1/ros2_ws/install/px4_ros_com/share/px4_ros_com/hook/cmake_prefix_path.dsv'
[3.510s] INFO:colcon.colcon_core.shell:Creating environment hook '/home/rschnurr/SkyClaw-Team1/ros2_ws/install/px4_ros_com/share/px4_ros_com/hook/cmake_prefix_path.sh'
[3.511s] Level 1:colcon.colcon_core.environment:checking '/home/rschnurr/SkyClaw-Team1/ros2_ws/install/px4_ros_com/lib'
[3.511s] Level 1:colcon.colcon_core.shell:create_environment_hook('px4_ros_com', 'ld_library_path_lib')
[3.511s] INFO:colcon.colcon_core.shell:Creating environment hook '/home/rschnurr/SkyClaw-Team1/ros2_ws/install/px4_ros_com/share/px4_ros_com/hook/ld_library_path_lib.ps1'
[3.512s] INFO:colcon.colcon_core.shell:Creating environment descriptor '/home/rschnurr/SkyClaw-Team1/ros2_ws/install/px4_ros_com/share/px4_ros_com/hook/ld_library_path_lib.dsv'
[3.513s] INFO:colcon.colcon_core.shell:Creating environment hook '/home/rschnurr/SkyClaw-Team1/ros2_ws/install/px4_ros_com/share/px4_ros_com/hook/ld_library_path_lib.sh'
[3.514s] Level 1:colcon.colcon_core.environment:checking '/home/rschnurr/SkyClaw-Team1/ros2_ws/install/px4_ros_com/bin'
[3.514s] Level 1:colcon.colcon_core.environment:checking '/home/rschnurr/SkyClaw-Team1/ros2_ws/install/px4_ros_com/lib/pkgconfig/px4_ros_com.pc'
[3.514s] Level 1:colcon.colcon_core.environment:checking '/home/rschnurr/SkyClaw-Team1/ros2_ws/install/px4_ros_com/lib/python3.10/site-packages'
[3.515s] Level 1:colcon.colcon_core.environment:checking '/home/rschnurr/SkyClaw-Team1/ros2_ws/install/px4_ros_com/bin'
[3.516s] INFO:colcon.colcon_core.shell:Creating package script '/home/rschnurr/SkyClaw-Team1/ros2_ws/install/px4_ros_com/share/px4_ros_com/package.ps1'
[3.517s] INFO:colcon.colcon_core.shell:Creating package descriptor '/home/rschnurr/SkyClaw-Team1/ros2_ws/install/px4_ros_com/share/px4_ros_com/package.dsv'
[3.517s] INFO:colcon.colcon_core.shell:Creating package script '/home/rschnurr/SkyClaw-Team1/ros2_ws/install/px4_ros_com/share/px4_ros_com/package.sh'
[3.518s] INFO:colcon.colcon_core.shell:Creating package script '/home/rschnurr/SkyClaw-Team1/ros2_ws/install/px4_ros_com/share/px4_ros_com/package.bash'
[3.519s] INFO:colcon.colcon_core.shell:Creating package script '/home/rschnurr/SkyClaw-Team1/ros2_ws/install/px4_ros_com/share/px4_ros_com/package.zsh'
[3.520s] Level 1:colcon.colcon_core.environment:create_file_with_runtime_dependencies(/home/rschnurr/SkyClaw-Team1/ros2_ws/install/px4_ros_com/share/colcon-core/packages/px4_ros_com)
[3.994s] DEBUG:colcon.colcon_core.event_handler.log_command:Invoking command in '/home/rschnurr/SkyClaw-Team1/ros2_ws/src/go_green': CMAKE_PREFIX_PATH=/home/rschnurr/SkyClaw-Team1/ros2_ws/install/px4_msgs:/home/rschnurr/SkyClaw-Team1/ros2_ws/install/px4_ros_com LD_LIBRARY_PATH=/home/rschnurr/SkyClaw-Team1/ros2_ws/install/px4_msgs/lib:/home/rschnurr/SkyClaw-Team1/ros2_ws/install/px4_ros_com/lib:/usr/lib/x86_64-linux-gnu/gazebo-11/plugins:/opt/ros/humble/opt/rviz_ogre_vendor/lib:/opt/ros/humble/lib/x86_64-linux-gnu:/opt/ros/humble/lib PYTHONPATH=/home/rschnurr/SkyClaw-Team1/ros2_ws/build/go_green/prefix_override:/usr/lib/python3/dist-packages/colcon_core/task/python/colcon_distutils_commands:/home/rschnurr/SkyClaw-Team1/ros2_ws/install/go_green/lib/python3.10/site-packages:${PYTHONPATH} /usr/bin/python3 -W ignore:setup.py install is deprecated -W ignore:easy_install command is deprecated setup.py egg_info --egg-base ../../build/go_green build --build-base /home/rschnurr/SkyClaw-Team1/ros2_ws/build/go_green/build install --record /home/rschnurr/SkyClaw-Team1/ros2_ws/build/go_green/install.log --single-version-externally-managed install_data
[4.662s] Level 1:colcon.colcon_core.environment:checking '/home/rschnurr/SkyClaw-Team1/ros2_ws/install/go_green' for CMake module files
[4.663s] DEBUG:colcon.colcon_core.event_handler.log_command:Invoked command in '/home/rschnurr/SkyClaw-Team1/ros2_ws/src/go_green' returned '0': CMAKE_PREFIX_PATH=/home/rschnurr/SkyClaw-Team1/ros2_ws/install/px4_msgs:/home/rschnurr/SkyClaw-Team1/ros2_ws/install/px4_ros_com LD_LIBRARY_PATH=/home/rschnurr/SkyClaw-Team1/ros2_ws/install/px4_msgs/lib:/home/rschnurr/SkyClaw-Team1/ros2_ws/install/px4_ros_com/lib:/usr/lib/x86_64-linux-gnu/gazebo-11/plugins:/opt/ros/humble/opt/rviz_ogre_vendor/lib:/opt/ros/humble/lib/x86_64-linux-gnu:/opt/ros/humble/lib PYTHONPATH=/home/rschnurr/SkyClaw-Team1/ros2_ws/build/go_green/prefix_override:/usr/lib/python3/dist-packages/colcon_core/task/python/colcon_distutils_commands:/home/rschnurr/SkyClaw-Team1/ros2_ws/install/go_green/lib/python3.10/site-packages:${PYTHONPATH} /usr/bin/python3 -W ignore:setup.py install is deprecated -W ignore:easy_install command is deprecated setup.py egg_info --egg-base ../../build/go_green build --build-base /home/rschnurr/SkyClaw-Team1/ros2_ws/build/go_green/build install --record /home/rschnurr/SkyClaw-Team1/ros2_ws/build/go_green/install.log --single-version-externally-managed install_data
[4.663s] Level 1:colcon.colcon_core.environment:checking '/home/rschnurr/SkyClaw-Team1/ros2_ws/install/go_green' for CMake config files
[4.664s] Level 1:colcon.colcon_core.environment:checking '/home/rschnurr/SkyClaw-Team1/ros2_ws/install/go_green/lib'
[4.664s] Level 1:colcon.colcon_core.environment:checking '/home/rschnurr/SkyClaw-Team1/ros2_ws/install/go_green/bin'
[4.665s] Level 1:colcon.colcon_core.environment:checking '/home/rschnurr/SkyClaw-Team1/ros2_ws/install/go_green/lib/pkgconfig/go_green.pc'
[4.665s] Level 1:colcon.colcon_core.environment:checking '/home/rschnurr/SkyClaw-Team1/ros2_ws/install/go_green/lib/python3.10/site-packages'
[4.665s] Level 1:colcon.colcon_core.shell:create_environment_hook('go_green', 'pythonpath')
[4.665s] INFO:colcon.colcon_core.shell:Creating environment hook '/home/rschnurr/SkyClaw-Team1/ros2_ws/install/go_green/share/go_green/hook/pythonpath.ps1'
[4.666s] INFO:colcon.colcon_core.shell:Creating environment descriptor '/home/rschnurr/SkyClaw-Team1/ros2_ws/install/go_green/share/go_green/hook/pythonpath.dsv'
[4.667s] INFO:colcon.colcon_core.shell:Creating environment hook '/home/rschnurr/SkyClaw-Team1/ros2_ws/install/go_green/share/go_green/hook/pythonpath.sh'
[4.669s] Level 1:colcon.colcon_core.environment:checking '/home/rschnurr/SkyClaw-Team1/ros2_ws/install/go_green/bin'
[4.669s] Level 1:colcon.colcon_core.environment:create_environment_scripts_only(go_green)
[4.670s] INFO:colcon.colcon_core.shell:Creating package script '/home/rschnurr/SkyClaw-Team1/ros2_ws/install/go_green/share/go_green/package.ps1'
[4.671s] INFO:colcon.colcon_core.shell:Creating package descriptor '/home/rschnurr/SkyClaw-Team1/ros2_ws/install/go_green/share/go_green/package.dsv'
[4.672s] INFO:colcon.colcon_core.shell:Creating package script '/home/rschnurr/SkyClaw-Team1/ros2_ws/install/go_green/share/go_green/package.sh'
[4.673s] INFO:colcon.colcon_core.shell:Creating package script '/home/rschnurr/SkyClaw-Team1/ros2_ws/install/go_green/share/go_green/package.bash'
[4.673s] INFO:colcon.colcon_core.shell:Creating package script '/home/rschnurr/SkyClaw-Team1/ros2_ws/install/go_green/share/go_green/package.zsh'
[4.674s] Level 1:colcon.colcon_core.environment:create_file_with_runtime_dependencies(/home/rschnurr/SkyClaw-Team1/ros2_ws/install/go_green/share/colcon-core/packages/go_green)
[4.675s] DEBUG:colcon.colcon_parallel_executor.executor.parallel:closing loop
[4.676s] DEBUG:colcon.colcon_parallel_executor.executor.parallel:loop closed
[4.676s] DEBUG:colcon.colcon_parallel_executor.executor.parallel:run_until_complete finished with '0'
[4.676s] DEBUG:colcon.colcon_core.event_reactor:joining thread
[4.787s] INFO:colcon.colcon_core.plugin_system:Skipping extension 'colcon_notification.desktop_notification.notify_send': Could not find 'notify-send'
[4.788s] INFO:colcon.colcon_core.plugin_system:Skipping extension 'colcon_notification.desktop_notification.terminal_notifier': Not used on non-Darwin systems
[4.788s] INFO:colcon.colcon_core.plugin_system:Skipping extension 'colcon_notification.desktop_notification.win32': Not used on non-Windows systems
[4.788s] INFO:colcon.colcon_notification.desktop_notification:Sending desktop notification using 'notify2'
[4.788s] DEBUG:colcon.colcon_notification.desktop_notification.notify2:Failed to initialize notify2: org.freedesktop.DBus.Error.FileNotFound: Failed to connect to socket /run/user/1000/bus: No such file or directory
[4.789s] DEBUG:colcon.colcon_core.event_reactor:joined thread
[4.790s] INFO:colcon.colcon_core.shell:Creating prefix script '/home/rschnurr/SkyClaw-Team1/ros2_ws/install/local_setup.ps1'
[4.792s] INFO:colcon.colcon_core.shell:Creating prefix util module '/home/rschnurr/SkyClaw-Team1/ros2_ws/install/_local_setup_util_ps1.py'
[4.794s] INFO:colcon.colcon_core.shell:Creating prefix chain script '/home/rschnurr/SkyClaw-Team1/ros2_ws/install/setup.ps1'
[4.796s] INFO:colcon.colcon_core.shell:Creating prefix script '/home/rschnurr/SkyClaw-Team1/ros2_ws/install/local_setup.sh'
[4.797s] INFO:colcon.colcon_core.shell:Creating prefix util module '/home/rschnurr/SkyClaw-Team1/ros2_ws/install/_local_setup_util_sh.py'
[4.798s] INFO:colcon.colcon_core.shell:Creating prefix chain script '/home/rschnurr/SkyClaw-Team1/ros2_ws/install/setup.sh'
[4.800s] INFO:colcon.colcon_core.shell:Creating prefix script '/home/rschnurr/SkyClaw-Team1/ros2_ws/install/local_setup.bash'
[4.801s] INFO:colcon.colcon_core.shell:Creating prefix chain script '/home/rschnurr/SkyClaw-Team1/ros2_ws/install/setup.bash'
[4.802s] INFO:colcon.colcon_core.shell:Creating prefix script '/home/rschnurr/SkyClaw-Team1/ros2_ws/install/local_setup.zsh'
[4.803s] INFO:colcon.colcon_core.shell:Creating prefix chain script '/home/rschnurr/SkyClaw-Team1/ros2_ws/install/setup.zsh'
