[1.601s] Invoking command in '/home/rschnurr/SkyClaw-Team1/ros2_ws/src/go_green': CMAKE_PREFIX_PATH=/home/rschnurr/SkyClaw-Team1/ros2_ws/install/px4_msgs:/home/rschnurr/SkyClaw-Team1/ros2_ws/install/px4_ros_com LD_LIBRARY_PATH=/home/rschnurr/SkyClaw-Team1/ros2_ws/install/px4_msgs/lib:/home/rschnurr/SkyClaw-Team1/ros2_ws/install/px4_ros_com/lib:/usr/lib/x86_64-linux-gnu/gazebo-11/plugins:/opt/ros/humble/opt/rviz_ogre_vendor/lib:/opt/ros/humble/lib/x86_64-linux-gnu:/opt/ros/humble/lib PYTHONPATH=/home/rschnurr/SkyClaw-Team1/ros2_ws/build/go_green/prefix_override:/usr/lib/python3/dist-packages/colcon_core/task/python/colcon_distutils_commands:/home/rschnurr/SkyClaw-Team1/ros2_ws/install/go_green/lib/python3.10/site-packages:${PYTHONPATH} /usr/bin/python3 -W ignore:setup.py install is deprecated -W ignore:easy_install command is deprecated setup.py egg_info --egg-base ../../build/go_green build --build-base /home/rschnurr/SkyClaw-Team1/ros2_ws/build/go_green/build install --record /home/rschnurr/SkyClaw-Team1/ros2_ws/build/go_green/install.log --single-version-externally-managed install_data
[2.176s] running egg_info
[2.202s] writing ../../build/go_green/go_green.egg-info/PKG-INFO
[2.203s] writing dependency_links to ../../build/go_green/go_green.egg-info/dependency_links.txt
[2.204s] writing entry points to ../../build/go_green/go_green.egg-info/entry_points.txt
[2.205s] writing requirements to ../../build/go_green/go_green.egg-info/requires.txt
[2.205s] writing top-level names to ../../build/go_green/go_green.egg-info/top_level.txt
[2.252s] reading manifest file '../../build/go_green/go_green.egg-info/SOURCES.txt'
[2.253s] writing manifest file '../../build/go_green/go_green.egg-info/SOURCES.txt'
[2.254s] running build
[2.254s] running build_py
[2.254s] copying go_green/__init__.py -> /home/rschnurr/SkyClaw-Team1/ros2_ws/build/go_green/build/lib/go_green
[2.255s] copying go_green/green_tracker.py -> /home/rschnurr/SkyClaw-Team1/ros2_ws/build/go_green/build/lib/go_green
[2.256s] copying go_green/go_green.py -> /home/rschnurr/SkyClaw-Team1/ros2_ws/build/go_green/build/lib/go_green
[2.256s] copying go_green/go_green_simple.py -> /home/rschnurr/SkyClaw-Team1/ros2_ws/build/go_green/build/lib/go_green
[2.257s] running install
[2.263s] running install_lib
[2.285s] copying /home/rschnurr/SkyClaw-Team1/ros2_ws/build/go_green/build/lib/go_green/go_green.py -> /home/rschnurr/SkyClaw-Team1/ros2_ws/install/go_green/lib/python3.10/site-packages/go_green
[2.288s] byte-compiling /home/rschnurr/SkyClaw-Team1/ros2_ws/install/go_green/lib/python3.10/site-packages/go_green/go_green.py to go_green.cpython-310.pyc
[2.292s] running install_data
[2.292s] copying resource/go_green -> /home/rschnurr/SkyClaw-Team1/ros2_ws/install/go_green/share/ament_index/resource_index/packages
[2.293s] copying package.xml -> /home/rschnurr/SkyClaw-Team1/ros2_ws/install/go_green/share/go_green
[2.293s] running install_egg_info
[2.318s] removing '/home/rschnurr/SkyClaw-Team1/ros2_ws/install/go_green/lib/python3.10/site-packages/go_green-0.0.0-py3.10.egg-info' (and everything under it)
[2.320s] Copying ../../build/go_green/go_green.egg-info to /home/rschnurr/SkyClaw-Team1/ros2_ws/install/go_green/lib/python3.10/site-packages/go_green-0.0.0-py3.10.egg-info
[2.324s] running install_scripts
[2.386s] Installing go_green script to /home/rschnurr/SkyClaw-Team1/ros2_ws/install/go_green/lib/go_green
[2.387s] Installing go_green_autoland script to /home/rschnurr/SkyClaw-Team1/ros2_ws/install/go_green/lib/go_green
[2.387s] Installing go_green_simple script to /home/rschnurr/SkyClaw-Team1/ros2_ws/install/go_green/lib/go_green
[2.387s] Installing green_tracker script to /home/rschnurr/SkyClaw-Team1/ros2_ws/install/go_green/lib/go_green
[2.388s] Installing offboard_control script to /home/rschnurr/SkyClaw-Team1/ros2_ws/install/go_green/lib/go_green
[2.389s] writing list of installed files to '/home/rschnurr/SkyClaw-Team1/ros2_ws/build/go_green/install.log'
[2.475s] Invoked command in '/home/rschnurr/SkyClaw-Team1/ros2_ws/src/go_green' returned '0': CMAKE_PREFIX_PATH=/home/rschnurr/SkyClaw-Team1/ros2_ws/install/px4_msgs:/home/rschnurr/SkyClaw-Team1/ros2_ws/install/px4_ros_com LD_LIBRARY_PATH=/home/rschnurr/SkyClaw-Team1/ros2_ws/install/px4_msgs/lib:/home/rschnurr/SkyClaw-Team1/ros2_ws/install/px4_ros_com/lib:/usr/lib/x86_64-linux-gnu/gazebo-11/plugins:/opt/ros/humble/opt/rviz_ogre_vendor/lib:/opt/ros/humble/lib/x86_64-linux-gnu:/opt/ros/humble/lib PYTHONPATH=/home/rschnurr/SkyClaw-Team1/ros2_ws/build/go_green/prefix_override:/usr/lib/python3/dist-packages/colcon_core/task/python/colcon_distutils_commands:/home/rschnurr/SkyClaw-Team1/ros2_ws/install/go_green/lib/python3.10/site-packages:${PYTHONPATH} /usr/bin/python3 -W ignore:setup.py install is deprecated -W ignore:easy_install command is deprecated setup.py egg_info --egg-base ../../build/go_green build --build-base /home/rschnurr/SkyClaw-Team1/ros2_ws/build/go_green/build install --record /home/rschnurr/SkyClaw-Team1/ros2_ws/build/go_green/install.log --single-version-externally-managed install_data
