Traceback (most recent call last):
  File "/opt/ros/humble/share/rosidl_generator_cpp/cmake/../../../lib/rosidl_generator_cpp/rosidl_generator_cpp", line 38, in <module>
Traceback (most recent call last):
    sys.exit(main())
  File "/opt/ros/humble/share/rosidl_generator_cpp/cmake/../../../lib/rosidl_generator_cpp/rosidl_generator_cpp", line 34, in main
  File "/opt/ros/humble/share/rosidl_generator_c/cmake/../../../lib/rosidl_generator_c/rosidl_generator_c", line 38, in <module>
    generate_cpp(args.generator_arguments_file)
gmake[2]: *** Deleting file 'rosidl_generator_cpp/px4_msgs/msg/action_request.hpp'
  File "/opt/ros/humble/local/lib/python3.10/dist-packages/rosidl_generator_cpp/__init__.py", line 39, in generate_cpp
gmake[2]: *** Deleting file 'rosidl_generator_c/px4_msgs/msg/action_request.h'
    return generate_files(
  File "/opt/ros/humble/local/lib/python3.10/dist-packages/rosidl_cmake/__init__.py", line 74, in generate_files
    sys.exit(main())
    idl_file = parse_idl_file(locator)
  File "/opt/ros/humble/local/lib/python3.10/dist-packages/rosidl_parser/parser.py", line 64, in parse_idl_file
  File "/opt/ros/humble/share/rosidl_generator_c/cmake/../../../lib/rosidl_generator_c/rosidl_generator_c", line 34, in main
    content = parse_idl_string(string, png_file=png_file)
  File "/opt/ros/humble/local/lib/python3.10/dist-packages/rosidl_parser/parser.py", line 72, in parse_idl_string
    generate_c(args.generator_arguments_file)
  File "/opt/ros/humble/local/lib/python3.10/dist-packages/rosidl_generator_c/__init__.py", line 37, in generate_c
    return generate_files(
  File "/opt/ros/humble/local/lib/python3.10/dist-packages/rosidl_cmake/__init__.py", line 74, in generate_files
    tree = get_ast_from_idl_string(idl_string)
  File "/opt/ros/humble/local/lib/python3.10/dist-packages/rosidl_parser/parser.py", line 89, in get_ast_from_idl_string
    idl_file = parse_idl_file(locator)
  File "/opt/ros/humble/local/lib/python3.10/dist-packages/rosidl_parser/parser.py", line 64, in parse_idl_file
    content = parse_idl_string(string, png_file=png_file)
  File "/opt/ros/humble/local/lib/python3.10/dist-packages/rosidl_parser/parser.py", line 72, in parse_idl_string
    tree = get_ast_from_idl_string(idl_string)
  File "/opt/ros/humble/local/lib/python3.10/dist-packages/rosidl_parser/parser.py", line 89, in get_ast_from_idl_string
    return _parser.parse(idl_string)
  File "/home/rschnurr/.local/lib/python3.10/site-packages/lark/lark.py", line 676, in parse
    return _parser.parse(idl_string)
  File "/home/rschnurr/.local/lib/python3.10/site-packages/lark/lark.py", line 676, in parse
    return self.parser.parse(text, start=start, on_error=on_error)
    return self.parser.parse(text, start=start, on_error=on_error)
  File "/home/rschnurr/.local/lib/python3.10/site-packages/lark/parser_frontends.py", line 123, in parse
  File "/home/rschnurr/.local/lib/python3.10/site-packages/lark/parser_frontends.py", line 123, in parse
    return self.parser.parse(stream, chosen_start, **kw)
    return self.parser.parse(stream, chosen_start, **kw)
  File "/home/rschnurr/.local/lib/python3.10/site-packages/lark/parsers/earley.py", line 280, in parse
  File "/home/rschnurr/.local/lib/python3.10/site-packages/lark/parsers/earley.py", line 280, in parse
    to_scan = self._parse(lexer, columns, to_scan, start_symbol)
  File "/home/rschnurr/.local/lib/python3.10/site-packages/lark/parsers/xearley.py", line 151, in _parse
    to_scan = self._parse(lexer, columns, to_scan, start_symbol)
  File "/home/rschnurr/.local/lib/python3.10/site-packages/lark/parsers/xearley.py", line 151, in _parse
    self.predict_and_complete(i, to_scan, columns, transitives, node_cache)
  File "/home/rschnurr/.local/lib/python3.10/site-packages/lark/parsers/earley.py", line 152, in predict_and_complete
    self.predict_and_complete(i, to_scan, columns, transitives, node_cache)
    new_item = Item(rule, 0, i)
  File "/home/rschnurr/.local/lib/python3.10/site-packages/lark/parsers/earley_common.py", line 15, in __init__
  File "/home/rschnurr/.local/lib/python3.10/site-packages/lark/parsers/earley.py", line 140, in predict_and_complete
    if new_item.expect in self.TERMINALS:
KeyboardInterrupt
    if self.is_complete:
KeyboardInterrupt
gmake[2]: *** [CMakeFiles/px4_msgs__cpp.dir/build.make:1505: rosidl_generator_cpp/px4_msgs/msg/action_request.hpp] Interrupt
gmake[1]: *** [CMakeFiles/Makefile2:265: CMakeFiles/px4_msgs__cpp.dir/all] Interrupt
gmake[2]: *** [CMakeFiles/px4_msgs__rosidl_generator_c.dir/build.make:324: rosidl_generator_c/px4_msgs/msg/action_request.h] Interrupt
gmake[1]: *** [CMakeFiles/Makefile2:212: CMakeFiles/px4_msgs__rosidl_generator_c.dir/all] Interrupt
gmake: *** [Makefile:146: all] Interrupt
