-- The C compiler identification is GNU 11.4.0
-- The CXX compiler identification is GNU 11.4.0
-- Detecting C compiler ABI info
-- Detecting C compiler ABI info - done
-- Check for working C compiler: /usr/bin/cc - skipped
-- Detecting C compile features
-- Detecting C compile features - done
-- Detecting CXX compiler ABI info
-- Detecting CXX compiler ABI info - done
-- Check for working CXX compiler: /usr/bin/c++ - skipped
-- Detecting CXX compile features
-- Detecting CXX compile features - done
-- Found ament_cmake: 1.3.12 (/opt/ros/humble/share/ament_cmake/cmake)
-- Found Python3: /usr/bin/python3 (found version "3.10.12") found components: Interpreter 
-- Found builtin_interfaces: 1.2.2 (/opt/ros/humble/share/builtin_interfaces/cmake)
-- Found rosidl_generator_c: 3.1.7 (/opt/ros/humble/share/rosidl_generator_c/cmake)
-- Found rosidl_adapter: 3.1.7 (/opt/ros/humble/share/rosidl_adapter/cmake)
-- Found rosidl_generator_cpp: 3.1.7 (/opt/ros/humble/share/rosidl_generator_cpp/cmake)
-- Using all available rosidl_typesupport_c: rosidl_typesupport_fastrtps_c;rosidl_typesupport_introspection_c
-- Using all available rosidl_typesupport_cpp: rosidl_typesupport_fastrtps_cpp;rosidl_typesupport_introspection_cpp
-- Found rosidl_default_generators: 1.2.0 (/opt/ros/humble/share/rosidl_default_generators/cmake)
-- Found ament_cmake_ros: 0.10.0 (/opt/ros/humble/share/ament_cmake_ros/cmake)
-- Using all available rosidl_typesupport_c: rosidl_typesupport_fastrtps_c;rosidl_typesupport_introspection_c
-- Using all available rosidl_typesupport_cpp: rosidl_typesupport_fastrtps_cpp;rosidl_typesupport_introspection_cpp
-- Found PythonInterp: /usr/bin/python3 (found suitable version "3.10.12", minimum required is "3.6") 
-- Found python_cmake_module: 0.10.0 (/opt/ros/humble/share/python_cmake_module/cmake)
-- Found PythonLibs: /usr/lib/x86_64-linux-gnu/libpython3.10.so (found suitable version "3.10.12", minimum required is "3.5") 
-- Using PYTHON_EXECUTABLE: /usr/bin/python3
-- Using PYTHON_INCLUDE_DIRS: /usr/include/python3.10
-- Using PYTHON_LIBRARIES: /usr/lib/x86_64-linux-gnu/libpython3.10.so
-- Found PythonExtra: .so  
-- Configuring done
-- Generating done
-- Build files have been written to: /home/rschnurr/SkyClaw-Team1/ros2_ws/src/build/px4_msgs
[  0%] [34m[1mGenerating C code for ROS interfaces[0m
[  0%] Built target ament_cmake_python_copy_px4_msgs
[  0%] [34m[1mGenerating C++ code for ROS interfaces[0m
running egg_info
creating px4_msgs.egg-info
writing px4_msgs.egg-info/PKG-INFO
writing dependency_links to px4_msgs.egg-info/dependency_links.txt
writing top-level names to px4_msgs.egg-info/top_level.txt
writing manifest file 'px4_msgs.egg-info/SOURCES.txt'
reading manifest file 'px4_msgs.egg-info/SOURCES.txt'
writing manifest file 'px4_msgs.egg-info/SOURCES.txt'
[  0%] Built target ament_cmake_python_build_px4_msgs_egg
Traceback (most recent call last):
  File "/opt/ros/humble/share/rosidl_generator_cpp/cmake/../../../lib/rosidl_generator_cpp/rosidl_generator_cpp", line 38, in <module>
Traceback (most recent call last):
    sys.exit(main())
  File "/opt/ros/humble/share/rosidl_generator_cpp/cmake/../../../lib/rosidl_generator_cpp/rosidl_generator_cpp", line 34, in main
  File "/opt/ros/humble/share/rosidl_generator_c/cmake/../../../lib/rosidl_generator_c/rosidl_generator_c", line 38, in <module>
    generate_cpp(args.generator_arguments_file)
gmake[2]: *** Deleting file 'rosidl_generator_cpp/px4_msgs/msg/action_request.hpp'
  File "/opt/ros/humble/local/lib/python3.10/dist-packages/rosidl_generator_cpp/__init__.py", line 39, in generate_cpp
gmake[2]: *** Deleting file 'rosidl_generator_c/px4_msgs/msg/action_request.h'
    return generate_files(
  File "/opt/ros/humble/local/lib/python3.10/dist-packages/rosidl_cmake/__init__.py", line 74, in generate_files
    sys.exit(main())
    idl_file = parse_idl_file(locator)
  File "/opt/ros/humble/local/lib/python3.10/dist-packages/rosidl_parser/parser.py", line 64, in parse_idl_file
  File "/opt/ros/humble/share/rosidl_generator_c/cmake/../../../lib/rosidl_generator_c/rosidl_generator_c", line 34, in main
    content = parse_idl_string(string, png_file=png_file)
  File "/opt/ros/humble/local/lib/python3.10/dist-packages/rosidl_parser/parser.py", line 72, in parse_idl_string
    generate_c(args.generator_arguments_file)
  File "/opt/ros/humble/local/lib/python3.10/dist-packages/rosidl_generator_c/__init__.py", line 37, in generate_c
    return generate_files(
  File "/opt/ros/humble/local/lib/python3.10/dist-packages/rosidl_cmake/__init__.py", line 74, in generate_files
    tree = get_ast_from_idl_string(idl_string)
  File "/opt/ros/humble/local/lib/python3.10/dist-packages/rosidl_parser/parser.py", line 89, in get_ast_from_idl_string
    idl_file = parse_idl_file(locator)
  File "/opt/ros/humble/local/lib/python3.10/dist-packages/rosidl_parser/parser.py", line 64, in parse_idl_file
    content = parse_idl_string(string, png_file=png_file)
  File "/opt/ros/humble/local/lib/python3.10/dist-packages/rosidl_parser/parser.py", line 72, in parse_idl_string
    tree = get_ast_from_idl_string(idl_string)
  File "/opt/ros/humble/local/lib/python3.10/dist-packages/rosidl_parser/parser.py", line 89, in get_ast_from_idl_string
    return _parser.parse(idl_string)
  File "/home/rschnurr/.local/lib/python3.10/site-packages/lark/lark.py", line 676, in parse
    return _parser.parse(idl_string)
  File "/home/rschnurr/.local/lib/python3.10/site-packages/lark/lark.py", line 676, in parse
    return self.parser.parse(text, start=start, on_error=on_error)
    return self.parser.parse(text, start=start, on_error=on_error)
  File "/home/rschnurr/.local/lib/python3.10/site-packages/lark/parser_frontends.py", line 123, in parse
  File "/home/rschnurr/.local/lib/python3.10/site-packages/lark/parser_frontends.py", line 123, in parse
    return self.parser.parse(stream, chosen_start, **kw)
    return self.parser.parse(stream, chosen_start, **kw)
  File "/home/rschnurr/.local/lib/python3.10/site-packages/lark/parsers/earley.py", line 280, in parse
  File "/home/rschnurr/.local/lib/python3.10/site-packages/lark/parsers/earley.py", line 280, in parse
    to_scan = self._parse(lexer, columns, to_scan, start_symbol)
  File "/home/rschnurr/.local/lib/python3.10/site-packages/lark/parsers/xearley.py", line 151, in _parse
    to_scan = self._parse(lexer, columns, to_scan, start_symbol)
  File "/home/rschnurr/.local/lib/python3.10/site-packages/lark/parsers/xearley.py", line 151, in _parse
    self.predict_and_complete(i, to_scan, columns, transitives, node_cache)
  File "/home/rschnurr/.local/lib/python3.10/site-packages/lark/parsers/earley.py", line 152, in predict_and_complete
    self.predict_and_complete(i, to_scan, columns, transitives, node_cache)
    new_item = Item(rule, 0, i)
  File "/home/rschnurr/.local/lib/python3.10/site-packages/lark/parsers/earley_common.py", line 15, in __init__
  File "/home/rschnurr/.local/lib/python3.10/site-packages/lark/parsers/earley.py", line 140, in predict_and_complete
    if new_item.expect in self.TERMINALS:
KeyboardInterrupt
    if self.is_complete:
KeyboardInterrupt
gmake[2]: *** [CMakeFiles/px4_msgs__cpp.dir/build.make:1505: rosidl_generator_cpp/px4_msgs/msg/action_request.hpp] Interrupt
gmake[1]: *** [CMakeFiles/Makefile2:265: CMakeFiles/px4_msgs__cpp.dir/all] Interrupt
gmake[2]: *** [CMakeFiles/px4_msgs__rosidl_generator_c.dir/build.make:324: rosidl_generator_c/px4_msgs/msg/action_request.h] Interrupt
gmake[1]: *** [CMakeFiles/Makefile2:212: CMakeFiles/px4_msgs__rosidl_generator_c.dir/all] Interrupt
gmake: *** [Makefile:146: all] Interrupt
