[0.027s] Invoking command in '/home/rschnurr/SkyClaw-Team1/ros2_ws/src/build/px4_msgs': CMAKE_PREFIX_PATH=/opt/ros/humble /usr/bin/cmake /home/rschnurr/SkyClaw-Team1/ros2_ws/src/px4_msgs -DCMAKE_INSTALL_PREFIX=/home/rschnurr/SkyClaw-Team1/ros2_ws/src/install/px4_msgs
[0.523s] -- The C compiler identification is GNU 11.4.0
[1.526s] -- The CXX compiler identification is GNU 11.4.0
[2.167s] -- Detecting C compiler ABI info
[2.457s] -- Detecting C compiler ABI info - done
[2.463s] -- Check for working C compiler: /usr/bin/cc - skipped
[2.468s] -- Detecting C compile features
[2.469s] -- Detecting C compile features - done
[2.477s] -- Detecting CXX compiler ABI info
[2.773s] -- Detecting CXX compiler ABI info - done
[2.783s] -- Check for working CXX compiler: /usr/bin/c++ - skipped
[2.785s] -- Detecting CXX compile features
[2.785s] -- Detecting CXX compile features - done
[2.810s] -- Found ament_cmake: 1.3.12 (/opt/ros/humble/share/ament_cmake/cmake)
[3.411s] -- Found Python3: /usr/bin/python3 (found version "3.10.12") found components: Interpreter 
[3.663s] -- Found builtin_interfaces: 1.2.2 (/opt/ros/humble/share/builtin_interfaces/cmake)
[4.009s] -- Found rosidl_generator_c: 3.1.7 (/opt/ros/humble/share/rosidl_generator_c/cmake)
[4.025s] -- Found rosidl_adapter: 3.1.7 (/opt/ros/humble/share/rosidl_adapter/cmake)
[4.053s] -- Found rosidl_generator_cpp: 3.1.7 (/opt/ros/humble/share/rosidl_generator_cpp/cmake)
[4.093s] -- Using all available rosidl_typesupport_c: rosidl_typesupport_fastrtps_c;rosidl_typesupport_introspection_c
[4.137s] -- Using all available rosidl_typesupport_cpp: rosidl_typesupport_fastrtps_cpp;rosidl_typesupport_introspection_cpp
[4.167s] -- Found rosidl_default_generators: 1.2.0 (/opt/ros/humble/share/rosidl_default_generators/cmake)
[7.090s] -- Found ament_cmake_ros: 0.10.0 (/opt/ros/humble/share/ament_cmake_ros/cmake)
[7.712s] -- Using all available rosidl_typesupport_c: rosidl_typesupport_fastrtps_c;rosidl_typesupport_introspection_c
[7.946s] -- Using all available rosidl_typesupport_cpp: rosidl_typesupport_fastrtps_cpp;rosidl_typesupport_introspection_cpp
[8.199s] -- Found PythonInterp: /usr/bin/python3 (found suitable version "3.10.12", minimum required is "3.6") 
[8.208s] -- Found python_cmake_module: 0.10.0 (/opt/ros/humble/share/python_cmake_module/cmake)
[8.958s] -- Found PythonLibs: /usr/lib/x86_64-linux-gnu/libpython3.10.so (found suitable version "3.10.12", minimum required is "3.5") 
[8.958s] -- Using PYTHON_EXECUTABLE: /usr/bin/python3
[8.958s] -- Using PYTHON_INCLUDE_DIRS: /usr/include/python3.10
[8.959s] -- Using PYTHON_LIBRARIES: /usr/lib/x86_64-linux-gnu/libpython3.10.so
[8.997s] -- Found PythonExtra: .so  
[9.247s] -- Configuring done
[10.086s] -- Generating done
[10.188s] -- Build files have been written to: /home/rschnurr/SkyClaw-Team1/ros2_ws/src/build/px4_msgs
[10.248s] Invoked command in '/home/rschnurr/SkyClaw-Team1/ros2_ws/src/build/px4_msgs' returned '0': CMAKE_PREFIX_PATH=/opt/ros/humble /usr/bin/cmake /home/rschnurr/SkyClaw-Team1/ros2_ws/src/px4_msgs -DCMAKE_INSTALL_PREFIX=/home/rschnurr/SkyClaw-Team1/ros2_ws/src/install/px4_msgs
[10.251s] Invoking command in '/home/rschnurr/SkyClaw-Team1/ros2_ws/src/build/px4_msgs': CMAKE_PREFIX_PATH=/opt/ros/humble /usr/bin/cmake --build /home/rschnurr/SkyClaw-Team1/ros2_ws/src/build/px4_msgs -- -j16 -l16
[10.917s] [  0%] [34m[1mGenerating C code for ROS interfaces[0m
[10.938s] [  0%] Built target ament_cmake_python_copy_px4_msgs
[10.966s] [  0%] [34m[1mGenerating C++ code for ROS interfaces[0m
[11.347s] running egg_info
[11.390s] creating px4_msgs.egg-info
[11.391s] writing px4_msgs.egg-info/PKG-INFO
[11.391s] writing dependency_links to px4_msgs.egg-info/dependency_links.txt
[11.392s] writing top-level names to px4_msgs.egg-info/top_level.txt
[11.392s] writing manifest file 'px4_msgs.egg-info/SOURCES.txt'
[11.524s] reading manifest file 'px4_msgs.egg-info/SOURCES.txt'
[11.527s] writing manifest file 'px4_msgs.egg-info/SOURCES.txt'
[11.629s] [  0%] Built target ament_cmake_python_build_px4_msgs_egg
[13.565s] Traceback (most recent call last):
[13.565s]   File "/opt/ros/humble/share/rosidl_generator_cpp/cmake/../../../lib/rosidl_generator_cpp/rosidl_generator_cpp", line 38, in <module>
[13.566s] Traceback (most recent call last):
[13.566s]     sys.exit(main())
[13.566s]   File "/opt/ros/humble/share/rosidl_generator_cpp/cmake/../../../lib/rosidl_generator_cpp/rosidl_generator_cpp", line 34, in main
[13.567s]   File "/opt/ros/humble/share/rosidl_generator_c/cmake/../../../lib/rosidl_generator_c/rosidl_generator_c", line 38, in <module>
[13.569s]     generate_cpp(args.generator_arguments_file)
[13.569s] gmake[2]: *** Deleting file 'rosidl_generator_cpp/px4_msgs/msg/action_request.hpp'
[13.570s]   File "/opt/ros/humble/local/lib/python3.10/dist-packages/rosidl_generator_cpp/__init__.py", line 39, in generate_cpp
[13.571s] gmake[2]: *** Deleting file 'rosidl_generator_c/px4_msgs/msg/action_request.h'
[13.571s]     return generate_files(
[13.571s]   File "/opt/ros/humble/local/lib/python3.10/dist-packages/rosidl_cmake/__init__.py", line 74, in generate_files
[13.571s]     sys.exit(main())
[13.571s]     idl_file = parse_idl_file(locator)
[13.571s]   File "/opt/ros/humble/local/lib/python3.10/dist-packages/rosidl_parser/parser.py", line 64, in parse_idl_file
[13.571s]   File "/opt/ros/humble/share/rosidl_generator_c/cmake/../../../lib/rosidl_generator_c/rosidl_generator_c", line 34, in main
[13.571s]     content = parse_idl_string(string, png_file=png_file)
[13.571s]   File "/opt/ros/humble/local/lib/python3.10/dist-packages/rosidl_parser/parser.py", line 72, in parse_idl_string
[13.572s]     generate_c(args.generator_arguments_file)
[13.572s]   File "/opt/ros/humble/local/lib/python3.10/dist-packages/rosidl_generator_c/__init__.py", line 37, in generate_c
[13.572s]     return generate_files(
[13.572s]   File "/opt/ros/humble/local/lib/python3.10/dist-packages/rosidl_cmake/__init__.py", line 74, in generate_files
[13.572s]     tree = get_ast_from_idl_string(idl_string)
[13.572s]   File "/opt/ros/humble/local/lib/python3.10/dist-packages/rosidl_parser/parser.py", line 89, in get_ast_from_idl_string
[13.572s]     idl_file = parse_idl_file(locator)
[13.572s]   File "/opt/ros/humble/local/lib/python3.10/dist-packages/rosidl_parser/parser.py", line 64, in parse_idl_file
[13.572s]     content = parse_idl_string(string, png_file=png_file)
[13.572s]   File "/opt/ros/humble/local/lib/python3.10/dist-packages/rosidl_parser/parser.py", line 72, in parse_idl_string
[13.572s]     tree = get_ast_from_idl_string(idl_string)
[13.572s]   File "/opt/ros/humble/local/lib/python3.10/dist-packages/rosidl_parser/parser.py", line 89, in get_ast_from_idl_string
[13.572s]     return _parser.parse(idl_string)
[13.572s]   File "/home/rschnurr/.local/lib/python3.10/site-packages/lark/lark.py", line 676, in parse
[13.572s]     return _parser.parse(idl_string)
[13.572s]   File "/home/rschnurr/.local/lib/python3.10/site-packages/lark/lark.py", line 676, in parse
[13.572s]     return self.parser.parse(text, start=start, on_error=on_error)
[13.572s]     return self.parser.parse(text, start=start, on_error=on_error)
[13.572s]   File "/home/rschnurr/.local/lib/python3.10/site-packages/lark/parser_frontends.py", line 123, in parse
[13.572s]   File "/home/rschnurr/.local/lib/python3.10/site-packages/lark/parser_frontends.py", line 123, in parse
[13.572s]     return self.parser.parse(stream, chosen_start, **kw)
[13.572s]     return self.parser.parse(stream, chosen_start, **kw)
[13.572s]   File "/home/rschnurr/.local/lib/python3.10/site-packages/lark/parsers/earley.py", line 280, in parse
[13.573s]   File "/home/rschnurr/.local/lib/python3.10/site-packages/lark/parsers/earley.py", line 280, in parse
[13.573s]     to_scan = self._parse(lexer, columns, to_scan, start_symbol)
[13.573s]   File "/home/rschnurr/.local/lib/python3.10/site-packages/lark/parsers/xearley.py", line 151, in _parse
[13.573s]     to_scan = self._parse(lexer, columns, to_scan, start_symbol)
[13.573s]   File "/home/rschnurr/.local/lib/python3.10/site-packages/lark/parsers/xearley.py", line 151, in _parse
[13.573s]     self.predict_and_complete(i, to_scan, columns, transitives, node_cache)
[13.573s]   File "/home/rschnurr/.local/lib/python3.10/site-packages/lark/parsers/earley.py", line 152, in predict_and_complete
[13.573s]     self.predict_and_complete(i, to_scan, columns, transitives, node_cache)
[13.573s]     new_item = Item(rule, 0, i)
[13.573s]   File "/home/rschnurr/.local/lib/python3.10/site-packages/lark/parsers/earley_common.py", line 15, in __init__
[13.573s]   File "/home/rschnurr/.local/lib/python3.10/site-packages/lark/parsers/earley.py", line 140, in predict_and_complete
[13.573s]     if new_item.expect in self.TERMINALS:
[13.573s] KeyboardInterrupt
[13.573s]     if self.is_complete:
[13.573s] KeyboardInterrupt
[13.690s] gmake[2]: *** [CMakeFiles/px4_msgs__cpp.dir/build.make:1505: rosidl_generator_cpp/px4_msgs/msg/action_request.hpp] Interrupt
[13.690s] gmake[1]: *** [CMakeFiles/Makefile2:265: CMakeFiles/px4_msgs__cpp.dir/all] Interrupt
[13.690s] gmake[2]: *** [CMakeFiles/px4_msgs__rosidl_generator_c.dir/build.make:324: rosidl_generator_c/px4_msgs/msg/action_request.h] Interrupt
[13.691s] gmake[1]: *** [CMakeFiles/Makefile2:212: CMakeFiles/px4_msgs__rosidl_generator_c.dir/all] Interrupt
[13.691s] gmake: *** [Makefile:146: all] Interrupt
[13.695s] Invoked command in '/home/rschnurr/SkyClaw-Team1/ros2_ws/src/build/px4_msgs' returned '-2': CMAKE_PREFIX_PATH=/opt/ros/humble /usr/bin/cmake --build /home/rschnurr/SkyClaw-Team1/ros2_ws/src/build/px4_msgs -- -j16 -l16
