[0.163s] DEBUG:colcon:Command line arguments: ['/usr/bin/colcon', 'build']
[0.164s] DEBUG:colcon:Parsed command line arguments: Namespace(log_base=None, log_level=None, verb_name='build', build_base='build', install_base='install', merge_install=False, symlink_install=False, test_result_base=None, continue_on_error=False, executor='parallel', parallel_workers=16, event_handlers=None, ignore_user_meta=False, metas=['./colcon.meta'], base_paths=['.'], packages_ignore=None, packages_ignore_regex=None, paths=None, packages_up_to=None, packages_up_to_regex=None, packages_above=None, packages_above_and_dependencies=None, packages_above_depth=None, packages_select_by_dep=None, packages_skip_by_dep=None, packages_skip_up_to=None, packages_select_build_failed=False, packages_skip_build_finished=False, packages_select_test_failures=False, packages_skip_test_passed=False, packages_select=None, packages_skip=None, packages_select_regex=None, packages_skip_regex=None, packages_start=None, packages_end=None, allow_overriding=[], cmake_args=None, cmake_target=None, cmake_target_skip_unavailable=False, cmake_clean_cache=False, cmake_clean_first=False, cmake_force_configure=False, ament_cmake_args=None, catkin_cmake_args=None, catkin_skip_building_tests=False, mixin_files=None, mixin=None, verb_parser=<colcon_mixin.mixin.mixin_argument.MixinArgumentDecorator object at 0x7840a6453af0>, verb_extension=<colcon_core.verb.build.BuildVerb object at 0x7840a64535b0>, main=<bound method BuildVerb.main of <colcon_core.verb.build.BuildVerb object at 0x7840a64535b0>>, mixin_verb=('build',))
[0.209s] Level 1:colcon.colcon_core.package_discovery:discover_packages(colcon_meta) check parameters
[0.210s] Level 1:colcon.colcon_core.package_discovery:discover_packages(recursive) check parameters
[0.210s] Level 1:colcon.colcon_core.package_discovery:discover_packages(ignore) check parameters
[0.210s] Level 1:colcon.colcon_core.package_discovery:discover_packages(path) check parameters
[0.210s] Level 1:colcon.colcon_core.package_discovery:discover_packages(colcon_meta) discover
[0.210s] Level 1:colcon.colcon_core.package_discovery:discover_packages(recursive) discover
[0.210s] INFO:colcon.colcon_core.package_discovery:Crawling recursively for packages in '/home/rschnurr/SkyClaw-Team1/ros2_ws'
[0.210s] Level 1:colcon.colcon_core.package_identification:_identify(.) by extensions ['ignore', 'ignore_ament_install']
[0.210s] Level 1:colcon.colcon_core.package_identification:_identify(.) by extension 'ignore'
[0.210s] Level 1:colcon.colcon_core.package_identification:_identify(.) by extension 'ignore_ament_install'
[0.210s] Level 1:colcon.colcon_core.package_identification:_identify(.) by extensions ['colcon_pkg']
[0.210s] Level 1:colcon.colcon_core.package_identification:_identify(.) by extension 'colcon_pkg'
[0.210s] Level 1:colcon.colcon_core.package_identification:_identify(.) by extensions ['colcon_meta']
[0.210s] Level 1:colcon.colcon_core.package_identification:_identify(.) by extension 'colcon_meta'
[0.211s] Level 1:colcon.colcon_core.package_identification:_identify(.) by extensions ['ros']
[0.211s] Level 1:colcon.colcon_core.package_identification:_identify(.) by extension 'ros'
[0.245s] Level 1:colcon.colcon_core.package_identification:_identify(.) by extensions ['cmake', 'python']
[0.245s] Level 1:colcon.colcon_core.package_identification:_identify(.) by extension 'cmake'
[0.245s] Level 1:colcon.colcon_core.package_identification:_identify(.) by extension 'python'
[0.245s] Level 1:colcon.colcon_core.package_identification:_identify(.) by extensions ['python_setup_py']
[0.245s] Level 1:colcon.colcon_core.package_identification:_identify(.) by extension 'python_setup_py'
[0.245s] Level 1:colcon.colcon_core.package_identification:_identify(build) by extensions ['ignore', 'ignore_ament_install']
[0.245s] Level 1:colcon.colcon_core.package_identification:_identify(build) by extension 'ignore'
[0.245s] Level 1:colcon.colcon_core.package_identification:_identify(build) ignored
[0.246s] Level 1:colcon.colcon_core.package_identification:_identify(install) by extensions ['ignore', 'ignore_ament_install']
[0.246s] Level 1:colcon.colcon_core.package_identification:_identify(install) by extension 'ignore'
[0.246s] Level 1:colcon.colcon_core.package_identification:_identify(install) ignored
[0.246s] Level 1:colcon.colcon_core.package_identification:_identify(log) by extensions ['ignore', 'ignore_ament_install']
[0.246s] Level 1:colcon.colcon_core.package_identification:_identify(log) by extension 'ignore'
[0.246s] Level 1:colcon.colcon_core.package_identification:_identify(log) ignored
[0.246s] Level 1:colcon.colcon_core.package_identification:_identify(src) by extensions ['ignore', 'ignore_ament_install']
[0.246s] Level 1:colcon.colcon_core.package_identification:_identify(src) by extension 'ignore'
[0.246s] Level 1:colcon.colcon_core.package_identification:_identify(src) by extension 'ignore_ament_install'
[0.246s] Level 1:colcon.colcon_core.package_identification:_identify(src) by extensions ['colcon_pkg']
[0.246s] Level 1:colcon.colcon_core.package_identification:_identify(src) by extension 'colcon_pkg'
[0.246s] Level 1:colcon.colcon_core.package_identification:_identify(src) by extensions ['colcon_meta']
[0.246s] Level 1:colcon.colcon_core.package_identification:_identify(src) by extension 'colcon_meta'
[0.246s] Level 1:colcon.colcon_core.package_identification:_identify(src) by extensions ['ros']
[0.246s] Level 1:colcon.colcon_core.package_identification:_identify(src) by extension 'ros'
[0.246s] Level 1:colcon.colcon_core.package_identification:_identify(src) by extensions ['cmake', 'python']
[0.246s] Level 1:colcon.colcon_core.package_identification:_identify(src) by extension 'cmake'
[0.246s] Level 1:colcon.colcon_core.package_identification:_identify(src) by extension 'python'
[0.246s] Level 1:colcon.colcon_core.package_identification:_identify(src) by extensions ['python_setup_py']
[0.246s] Level 1:colcon.colcon_core.package_identification:_identify(src) by extension 'python_setup_py'
[0.246s] Level 1:colcon.colcon_core.package_identification:_identify(src/go_green) by extensions ['ignore', 'ignore_ament_install']
[0.247s] Level 1:colcon.colcon_core.package_identification:_identify(src/go_green) by extension 'ignore'
[0.247s] Level 1:colcon.colcon_core.package_identification:_identify(src/go_green) by extension 'ignore_ament_install'
[0.247s] Level 1:colcon.colcon_core.package_identification:_identify(src/go_green) by extensions ['colcon_pkg']
[0.247s] Level 1:colcon.colcon_core.package_identification:_identify(src/go_green) by extension 'colcon_pkg'
[0.247s] Level 1:colcon.colcon_core.package_identification:_identify(src/go_green) by extensions ['colcon_meta']
[0.247s] Level 1:colcon.colcon_core.package_identification:_identify(src/go_green) by extension 'colcon_meta'
[0.247s] Level 1:colcon.colcon_core.package_identification:_identify(src/go_green) by extensions ['ros']
[0.247s] Level 1:colcon.colcon_core.package_identification:_identify(src/go_green) by extension 'ros'
[0.249s] DEBUG:colcon.colcon_core.package_identification:Package 'src/go_green' with type 'ros.ament_python' and name 'go_green'
[0.250s] Level 1:colcon.colcon_core.package_identification:_identify(src/px4_msgs) by extensions ['ignore', 'ignore_ament_install']
[0.250s] Level 1:colcon.colcon_core.package_identification:_identify(src/px4_msgs) by extension 'ignore'
[0.250s] Level 1:colcon.colcon_core.package_identification:_identify(src/px4_msgs) by extension 'ignore_ament_install'
[0.250s] Level 1:colcon.colcon_core.package_identification:_identify(src/px4_msgs) by extensions ['colcon_pkg']
[0.250s] Level 1:colcon.colcon_core.package_identification:_identify(src/px4_msgs) by extension 'colcon_pkg'
[0.250s] Level 1:colcon.colcon_core.package_identification:_identify(src/px4_msgs) by extensions ['colcon_meta']
[0.250s] Level 1:colcon.colcon_core.package_identification:_identify(src/px4_msgs) by extension 'colcon_meta'
[0.250s] Level 1:colcon.colcon_core.package_identification:_identify(src/px4_msgs) by extensions ['ros']
[0.250s] Level 1:colcon.colcon_core.package_identification:_identify(src/px4_msgs) by extension 'ros'
[0.251s] DEBUG:colcon.colcon_core.package_identification:Package 'src/px4_msgs' with type 'ros.ament_cmake' and name 'px4_msgs'
[0.251s] Level 1:colcon.colcon_core.package_identification:_identify(src/px4_ros_com) by extensions ['ignore', 'ignore_ament_install']
[0.251s] Level 1:colcon.colcon_core.package_identification:_identify(src/px4_ros_com) by extension 'ignore'
[0.251s] Level 1:colcon.colcon_core.package_identification:_identify(src/px4_ros_com) by extension 'ignore_ament_install'
[0.251s] Level 1:colcon.colcon_core.package_identification:_identify(src/px4_ros_com) by extensions ['colcon_pkg']
[0.251s] Level 1:colcon.colcon_core.package_identification:_identify(src/px4_ros_com) by extension 'colcon_pkg'
[0.251s] Level 1:colcon.colcon_core.package_identification:_identify(src/px4_ros_com) by extensions ['colcon_meta']
[0.251s] Level 1:colcon.colcon_core.package_identification:_identify(src/px4_ros_com) by extension 'colcon_meta'
[0.251s] Level 1:colcon.colcon_core.package_identification:_identify(src/px4_ros_com) by extensions ['ros']
[0.251s] Level 1:colcon.colcon_core.package_identification:_identify(src/px4_ros_com) by extension 'ros'
[0.252s] DEBUG:colcon.colcon_core.package_identification:Package 'src/px4_ros_com' with type 'ros.ament_cmake' and name 'px4_ros_com'
[0.252s] Level 1:colcon.colcon_core.package_discovery:discover_packages(recursive) using defaults
[0.252s] Level 1:colcon.colcon_core.package_discovery:discover_packages(ignore) discover
[0.252s] Level 1:colcon.colcon_core.package_discovery:discover_packages(ignore) using defaults
[0.252s] Level 1:colcon.colcon_core.package_discovery:discover_packages(path) discover
[0.252s] Level 1:colcon.colcon_core.package_discovery:discover_packages(path) using defaults
[0.272s] Level 1:colcon.colcon_core.package_discovery:discover_packages(prefix_path) check parameters
[0.272s] Level 1:colcon.colcon_core.package_discovery:discover_packages(prefix_path) discover
[0.274s] DEBUG:colcon.colcon_installed_package_information.package_discovery:Found 3 installed packages in /home/rschnurr/SkyClaw-Team1/ros2_ws/install
[0.274s] DEBUG:colcon.colcon_installed_package_information.package_discovery:Found 3 installed packages in /home/rschnurr/workspace_real/install
[0.275s] DEBUG:colcon.colcon_installed_package_information.package_discovery:Found 278 installed packages in /opt/ros/humble
[0.276s] Level 1:colcon.colcon_core.package_discovery:discover_packages(prefix_path) using defaults
[0.310s] Level 5:colcon.colcon_core.verb:set package 'px4_msgs' build argument 'cmake_args' from command line to 'None'
[0.310s] Level 5:colcon.colcon_core.verb:set package 'px4_msgs' build argument 'cmake_target' from command line to 'None'
[0.310s] Level 5:colcon.colcon_core.verb:set package 'px4_msgs' build argument 'cmake_target_skip_unavailable' from command line to 'False'
[0.310s] Level 5:colcon.colcon_core.verb:set package 'px4_msgs' build argument 'cmake_clean_cache' from command line to 'False'
[0.310s] Level 5:colcon.colcon_core.verb:set package 'px4_msgs' build argument 'cmake_clean_first' from command line to 'False'
[0.310s] Level 5:colcon.colcon_core.verb:set package 'px4_msgs' build argument 'cmake_force_configure' from command line to 'False'
[0.310s] Level 5:colcon.colcon_core.verb:set package 'px4_msgs' build argument 'ament_cmake_args' from command line to 'None'
[0.310s] Level 5:colcon.colcon_core.verb:set package 'px4_msgs' build argument 'catkin_cmake_args' from command line to 'None'
[0.310s] Level 5:colcon.colcon_core.verb:set package 'px4_msgs' build argument 'catkin_skip_building_tests' from command line to 'False'
[0.310s] DEBUG:colcon.colcon_core.verb:Building package 'px4_msgs' with the following arguments: {'ament_cmake_args': None, 'build_base': '/home/rschnurr/SkyClaw-Team1/ros2_ws/build/px4_msgs', 'catkin_cmake_args': None, 'catkin_skip_building_tests': False, 'cmake_args': None, 'cmake_clean_cache': False, 'cmake_clean_first': False, 'cmake_force_configure': False, 'cmake_target': None, 'cmake_target_skip_unavailable': False, 'install_base': '/home/rschnurr/SkyClaw-Team1/ros2_ws/install/px4_msgs', 'merge_install': False, 'path': '/home/rschnurr/SkyClaw-Team1/ros2_ws/src/px4_msgs', 'symlink_install': False, 'test_result_base': None}
[0.311s] Level 5:colcon.colcon_core.verb:set package 'go_green' build argument 'cmake_args' from command line to 'None'
[0.311s] Level 5:colcon.colcon_core.verb:set package 'go_green' build argument 'cmake_target' from command line to 'None'
[0.311s] Level 5:colcon.colcon_core.verb:set package 'go_green' build argument 'cmake_target_skip_unavailable' from command line to 'False'
[0.311s] Level 5:colcon.colcon_core.verb:set package 'go_green' build argument 'cmake_clean_cache' from command line to 'False'
[0.311s] Level 5:colcon.colcon_core.verb:set package 'go_green' build argument 'cmake_clean_first' from command line to 'False'
[0.311s] Level 5:colcon.colcon_core.verb:set package 'go_green' build argument 'cmake_force_configure' from command line to 'False'
[0.311s] Level 5:colcon.colcon_core.verb:set package 'go_green' build argument 'ament_cmake_args' from command line to 'None'
[0.311s] Level 5:colcon.colcon_core.verb:set package 'go_green' build argument 'catkin_cmake_args' from command line to 'None'
[0.311s] Level 5:colcon.colcon_core.verb:set package 'go_green' build argument 'catkin_skip_building_tests' from command line to 'False'
[0.311s] DEBUG:colcon.colcon_core.verb:Building package 'go_green' with the following arguments: {'ament_cmake_args': None, 'build_base': '/home/rschnurr/SkyClaw-Team1/ros2_ws/build/go_green', 'catkin_cmake_args': None, 'catkin_skip_building_tests': False, 'cmake_args': None, 'cmake_clean_cache': False, 'cmake_clean_first': False, 'cmake_force_configure': False, 'cmake_target': None, 'cmake_target_skip_unavailable': False, 'install_base': '/home/rschnurr/SkyClaw-Team1/ros2_ws/install/go_green', 'merge_install': False, 'path': '/home/rschnurr/SkyClaw-Team1/ros2_ws/src/go_green', 'symlink_install': False, 'test_result_base': None}
[0.311s] Level 5:colcon.colcon_core.verb:set package 'px4_ros_com' build argument 'cmake_args' from command line to 'None'
[0.311s] Level 5:colcon.colcon_core.verb:set package 'px4_ros_com' build argument 'cmake_target' from command line to 'None'
[0.311s] Level 5:colcon.colcon_core.verb:set package 'px4_ros_com' build argument 'cmake_target_skip_unavailable' from command line to 'False'
[0.311s] Level 5:colcon.colcon_core.verb:set package 'px4_ros_com' build argument 'cmake_clean_cache' from command line to 'False'
[0.311s] Level 5:colcon.colcon_core.verb:set package 'px4_ros_com' build argument 'cmake_clean_first' from command line to 'False'
[0.311s] Level 5:colcon.colcon_core.verb:set package 'px4_ros_com' build argument 'cmake_force_configure' from command line to 'False'
[0.311s] Level 5:colcon.colcon_core.verb:set package 'px4_ros_com' build argument 'ament_cmake_args' from command line to 'None'
[0.311s] Level 5:colcon.colcon_core.verb:set package 'px4_ros_com' build argument 'catkin_cmake_args' from command line to 'None'
[0.311s] Level 5:colcon.colcon_core.verb:set package 'px4_ros_com' build argument 'catkin_skip_building_tests' from command line to 'False'
[0.311s] DEBUG:colcon.colcon_core.verb:Building package 'px4_ros_com' with the following arguments: {'ament_cmake_args': None, 'build_base': '/home/rschnurr/SkyClaw-Team1/ros2_ws/build/px4_ros_com', 'catkin_cmake_args': None, 'catkin_skip_building_tests': False, 'cmake_args': None, 'cmake_clean_cache': False, 'cmake_clean_first': False, 'cmake_force_configure': False, 'cmake_target': None, 'cmake_target_skip_unavailable': False, 'install_base': '/home/rschnurr/SkyClaw-Team1/ros2_ws/install/px4_ros_com', 'merge_install': False, 'path': '/home/rschnurr/SkyClaw-Team1/ros2_ws/src/px4_ros_com', 'symlink_install': False, 'test_result_base': None}
[0.311s] INFO:colcon.colcon_core.executor:Executing jobs using 'parallel' executor
[0.313s] DEBUG:colcon.colcon_parallel_executor.executor.parallel:run_until_complete
[0.314s] INFO:colcon.colcon_ros.task.ament_cmake.build:Building ROS package in '/home/rschnurr/SkyClaw-Team1/ros2_ws/src/px4_msgs' with build type 'ament_cmake'
[0.315s] INFO:colcon.colcon_cmake.task.cmake.build:Building CMake package in '/home/rschnurr/SkyClaw-Team1/ros2_ws/src/px4_msgs'
[0.319s] INFO:colcon.colcon_core.plugin_system:Skipping extension 'colcon_core.shell.bat': Not used on non-Windows systems
[0.319s] INFO:colcon.colcon_core.shell:Skip shell extension 'powershell' for command environment: Not usable outside of PowerShell
[0.319s] DEBUG:colcon.colcon_core.shell:Skip shell extension 'dsv' for command environment
[0.335s] DEBUG:colcon.colcon_core.event_handler.log_command:Invoking command in '/home/rschnurr/SkyClaw-Team1/ros2_ws/build/px4_msgs': CMAKE_PREFIX_PATH=${CMAKE_PREFIX_PATH}:/home/rschnurr/SkyClaw-Team1/ros2_ws/install/go_green:/home/rschnurr/workspace_real/install/go_green:/opt/ros/humble /usr/bin/cmake --build /home/rschnurr/SkyClaw-Team1/ros2_ws/build/px4_msgs -- -j16 -l16
[1.227s] DEBUG:colcon.colcon_core.event_handler.log_command:Invoked command in '/home/rschnurr/SkyClaw-Team1/ros2_ws/build/px4_msgs' returned '0': CMAKE_PREFIX_PATH=${CMAKE_PREFIX_PATH}:/home/rschnurr/SkyClaw-Team1/ros2_ws/install/go_green:/home/rschnurr/workspace_real/install/go_green:/opt/ros/humble /usr/bin/cmake --build /home/rschnurr/SkyClaw-Team1/ros2_ws/build/px4_msgs -- -j16 -l16
[1.238s] DEBUG:colcon.colcon_core.event_handler.log_command:Invoking command in '/home/rschnurr/SkyClaw-Team1/ros2_ws/build/px4_msgs': CMAKE_PREFIX_PATH=${CMAKE_PREFIX_PATH}:/home/rschnurr/SkyClaw-Team1/ros2_ws/install/go_green:/home/rschnurr/workspace_real/install/go_green:/opt/ros/humble /usr/bin/cmake --install /home/rschnurr/SkyClaw-Team1/ros2_ws/build/px4_msgs
[1.692s] Level 1:colcon.colcon_core.environment:create_environment_scripts_only(px4_msgs)
[1.693s] DEBUG:colcon.colcon_core.event_handler.log_command:Invoked command in '/home/rschnurr/SkyClaw-Team1/ros2_ws/build/px4_msgs' returned '0': CMAKE_PREFIX_PATH=${CMAKE_PREFIX_PATH}:/home/rschnurr/SkyClaw-Team1/ros2_ws/install/go_green:/home/rschnurr/workspace_real/install/go_green:/opt/ros/humble /usr/bin/cmake --install /home/rschnurr/SkyClaw-Team1/ros2_ws/build/px4_msgs
[1.696s] Level 1:colcon.colcon_core.environment:checking '/home/rschnurr/SkyClaw-Team1/ros2_ws/install/px4_msgs' for CMake module files
[1.697s] Level 1:colcon.colcon_core.environment:checking '/home/rschnurr/SkyClaw-Team1/ros2_ws/install/px4_msgs' for CMake config files
[1.697s] Level 1:colcon.colcon_core.shell:create_environment_hook('px4_msgs', 'cmake_prefix_path')
[1.697s] INFO:colcon.colcon_core.shell:Creating environment hook '/home/rschnurr/SkyClaw-Team1/ros2_ws/install/px4_msgs/share/px4_msgs/hook/cmake_prefix_path.ps1'
[1.698s] INFO:colcon.colcon_core.shell:Creating environment descriptor '/home/rschnurr/SkyClaw-Team1/ros2_ws/install/px4_msgs/share/px4_msgs/hook/cmake_prefix_path.dsv'
[1.698s] INFO:colcon.colcon_core.shell:Creating environment hook '/home/rschnurr/SkyClaw-Team1/ros2_ws/install/px4_msgs/share/px4_msgs/hook/cmake_prefix_path.sh'
[1.699s] Level 1:colcon.colcon_core.environment:checking '/home/rschnurr/SkyClaw-Team1/ros2_ws/install/px4_msgs/lib'
[1.699s] Level 1:colcon.colcon_core.shell:create_environment_hook('px4_msgs', 'ld_library_path_lib')
[1.700s] INFO:colcon.colcon_core.shell:Creating environment hook '/home/rschnurr/SkyClaw-Team1/ros2_ws/install/px4_msgs/share/px4_msgs/hook/ld_library_path_lib.ps1'
[1.700s] INFO:colcon.colcon_core.shell:Creating environment descriptor '/home/rschnurr/SkyClaw-Team1/ros2_ws/install/px4_msgs/share/px4_msgs/hook/ld_library_path_lib.dsv'
[1.700s] INFO:colcon.colcon_core.shell:Creating environment hook '/home/rschnurr/SkyClaw-Team1/ros2_ws/install/px4_msgs/share/px4_msgs/hook/ld_library_path_lib.sh'
[1.701s] Level 1:colcon.colcon_core.environment:checking '/home/rschnurr/SkyClaw-Team1/ros2_ws/install/px4_msgs/bin'
[1.701s] Level 1:colcon.colcon_core.environment:checking '/home/rschnurr/SkyClaw-Team1/ros2_ws/install/px4_msgs/lib/pkgconfig/px4_msgs.pc'
[1.701s] Level 1:colcon.colcon_core.environment:checking '/home/rschnurr/SkyClaw-Team1/ros2_ws/install/px4_msgs/lib/python3.10/site-packages'
[1.701s] Level 1:colcon.colcon_core.environment:checking '/home/rschnurr/SkyClaw-Team1/ros2_ws/install/px4_msgs/bin'
[1.702s] INFO:colcon.colcon_core.shell:Creating package script '/home/rschnurr/SkyClaw-Team1/ros2_ws/install/px4_msgs/share/px4_msgs/package.ps1'
[1.702s] INFO:colcon.colcon_core.shell:Creating package descriptor '/home/rschnurr/SkyClaw-Team1/ros2_ws/install/px4_msgs/share/px4_msgs/package.dsv'
[1.703s] INFO:colcon.colcon_core.shell:Creating package script '/home/rschnurr/SkyClaw-Team1/ros2_ws/install/px4_msgs/share/px4_msgs/package.sh'
[1.703s] INFO:colcon.colcon_core.shell:Creating package script '/home/rschnurr/SkyClaw-Team1/ros2_ws/install/px4_msgs/share/px4_msgs/package.bash'
[1.704s] INFO:colcon.colcon_core.shell:Creating package script '/home/rschnurr/SkyClaw-Team1/ros2_ws/install/px4_msgs/share/px4_msgs/package.zsh'
[1.704s] Level 1:colcon.colcon_core.environment:create_file_with_runtime_dependencies(/home/rschnurr/SkyClaw-Team1/ros2_ws/install/px4_msgs/share/colcon-core/packages/px4_msgs)
[1.705s] Level 1:colcon.colcon_core.environment:create_environment_scripts_only(px4_msgs)
[1.705s] Level 1:colcon.colcon_core.environment:checking '/home/rschnurr/SkyClaw-Team1/ros2_ws/install/px4_msgs' for CMake module files
[1.706s] Level 1:colcon.colcon_core.environment:checking '/home/rschnurr/SkyClaw-Team1/ros2_ws/install/px4_msgs' for CMake config files
[1.706s] Level 1:colcon.colcon_core.shell:create_environment_hook('px4_msgs', 'cmake_prefix_path')
[1.706s] INFO:colcon.colcon_core.shell:Creating environment hook '/home/rschnurr/SkyClaw-Team1/ros2_ws/install/px4_msgs/share/px4_msgs/hook/cmake_prefix_path.ps1'
[1.706s] INFO:colcon.colcon_core.shell:Creating environment descriptor '/home/rschnurr/SkyClaw-Team1/ros2_ws/install/px4_msgs/share/px4_msgs/hook/cmake_prefix_path.dsv'
[1.707s] INFO:colcon.colcon_core.shell:Creating environment hook '/home/rschnurr/SkyClaw-Team1/ros2_ws/install/px4_msgs/share/px4_msgs/hook/cmake_prefix_path.sh'
[1.707s] Level 1:colcon.colcon_core.environment:checking '/home/rschnurr/SkyClaw-Team1/ros2_ws/install/px4_msgs/lib'
[1.707s] Level 1:colcon.colcon_core.shell:create_environment_hook('px4_msgs', 'ld_library_path_lib')
[1.707s] INFO:colcon.colcon_core.shell:Creating environment hook '/home/rschnurr/SkyClaw-Team1/ros2_ws/install/px4_msgs/share/px4_msgs/hook/ld_library_path_lib.ps1'
[1.708s] INFO:colcon.colcon_core.shell:Creating environment descriptor '/home/rschnurr/SkyClaw-Team1/ros2_ws/install/px4_msgs/share/px4_msgs/hook/ld_library_path_lib.dsv'
[1.708s] INFO:colcon.colcon_core.shell:Creating environment hook '/home/rschnurr/SkyClaw-Team1/ros2_ws/install/px4_msgs/share/px4_msgs/hook/ld_library_path_lib.sh'
[1.708s] Level 1:colcon.colcon_core.environment:checking '/home/rschnurr/SkyClaw-Team1/ros2_ws/install/px4_msgs/bin'
[1.708s] Level 1:colcon.colcon_core.environment:checking '/home/rschnurr/SkyClaw-Team1/ros2_ws/install/px4_msgs/lib/pkgconfig/px4_msgs.pc'
[1.708s] Level 1:colcon.colcon_core.environment:checking '/home/rschnurr/SkyClaw-Team1/ros2_ws/install/px4_msgs/lib/python3.10/site-packages'
[1.708s] Level 1:colcon.colcon_core.environment:checking '/home/rschnurr/SkyClaw-Team1/ros2_ws/install/px4_msgs/bin'
[1.709s] INFO:colcon.colcon_core.shell:Creating package script '/home/rschnurr/SkyClaw-Team1/ros2_ws/install/px4_msgs/share/px4_msgs/package.ps1'
[1.709s] INFO:colcon.colcon_core.shell:Creating package descriptor '/home/rschnurr/SkyClaw-Team1/ros2_ws/install/px4_msgs/share/px4_msgs/package.dsv'
[1.709s] INFO:colcon.colcon_core.shell:Creating package script '/home/rschnurr/SkyClaw-Team1/ros2_ws/install/px4_msgs/share/px4_msgs/package.sh'
[1.710s] INFO:colcon.colcon_core.shell:Creating package script '/home/rschnurr/SkyClaw-Team1/ros2_ws/install/px4_msgs/share/px4_msgs/package.bash'
[1.710s] INFO:colcon.colcon_core.shell:Creating package script '/home/rschnurr/SkyClaw-Team1/ros2_ws/install/px4_msgs/share/px4_msgs/package.zsh'
[1.710s] Level 1:colcon.colcon_core.environment:create_file_with_runtime_dependencies(/home/rschnurr/SkyClaw-Team1/ros2_ws/install/px4_msgs/share/colcon-core/packages/px4_msgs)
[1.711s] INFO:colcon.colcon_ros.task.ament_python.build:Building ROS package in '/home/rschnurr/SkyClaw-Team1/ros2_ws/src/go_green' with build type 'ament_python'
[1.711s] Level 1:colcon.colcon_core.shell:create_environment_hook('go_green', 'ament_prefix_path')
[1.711s] INFO:colcon.colcon_core.shell:Creating environment hook '/home/rschnurr/SkyClaw-Team1/ros2_ws/install/go_green/share/go_green/hook/ament_prefix_path.ps1'
[1.712s] INFO:colcon.colcon_core.shell:Creating environment descriptor '/home/rschnurr/SkyClaw-Team1/ros2_ws/install/go_green/share/go_green/hook/ament_prefix_path.dsv'
[1.713s] INFO:colcon.colcon_core.shell:Creating environment hook '/home/rschnurr/SkyClaw-Team1/ros2_ws/install/go_green/share/go_green/hook/ament_prefix_path.sh'
[1.713s] INFO:colcon.colcon_core.shell:Skip shell extension 'powershell' for command environment: Not usable outside of PowerShell
[1.713s] DEBUG:colcon.colcon_core.shell:Skip shell extension 'dsv' for command environment
[1.717s] INFO:colcon.colcon_ros.task.ament_cmake.build:Building ROS package in '/home/rschnurr/SkyClaw-Team1/ros2_ws/src/px4_ros_com' with build type 'ament_cmake'
[1.717s] INFO:colcon.colcon_cmake.task.cmake.build:Building CMake package in '/home/rschnurr/SkyClaw-Team1/ros2_ws/src/px4_ros_com'
[1.717s] INFO:colcon.colcon_core.shell:Skip shell extension 'powershell' for command environment: Not usable outside of PowerShell
[1.717s] DEBUG:colcon.colcon_core.shell:Skip shell extension 'dsv' for command environment
[1.961s] INFO:colcon.colcon_core.task.python.build:Building Python package in '/home/rschnurr/SkyClaw-Team1/ros2_ws/src/go_green'
[1.961s] INFO:colcon.colcon_core.shell:Skip shell extension 'powershell' for command environment: Not usable outside of PowerShell
[1.961s] DEBUG:colcon.colcon_core.shell:Skip shell extension 'dsv' for command environment
[1.969s] DEBUG:colcon.colcon_core.event_handler.log_command:Invoking command in '/home/rschnurr/SkyClaw-Team1/ros2_ws/build/px4_ros_com': CMAKE_PREFIX_PATH=/home/rschnurr/SkyClaw-Team1/ros2_ws/install/px4_msgs:/home/rschnurr/SkyClaw-Team1/ros2_ws/install/px4_ros_com:/home/rschnurr/workspace_real/install/px4_ros_com:/home/rschnurr/workspace_real/install/px4_msgs:/home/rschnurr/SkyClaw-Team1/ros2_ws/install/go_green:/home/rschnurr/workspace_real/install/go_green:/opt/ros/humble LD_LIBRARY_PATH=/home/rschnurr/SkyClaw-Team1/ros2_ws/install/px4_msgs/lib:/home/rschnurr/SkyClaw-Team1/ros2_ws/install/px4_ros_com/lib:/home/rschnurr/workspace_real/install/px4_ros_com/lib:/home/rschnurr/workspace_real/install/px4_msgs/lib:/usr/lib/x86_64-linux-gnu/gazebo-11/plugins:/opt/ros/humble/opt/rviz_ogre_vendor/lib:/opt/ros/humble/lib/x86_64-linux-gnu:/opt/ros/humble/lib /usr/bin/cmake --build /home/rschnurr/SkyClaw-Team1/ros2_ws/build/px4_ros_com -- -j16 -l16
[2.455s] DEBUG:colcon.colcon_core.event_handler.log_command:Invoked command in '/home/rschnurr/SkyClaw-Team1/ros2_ws/build/px4_ros_com' returned '0': CMAKE_PREFIX_PATH=/home/rschnurr/SkyClaw-Team1/ros2_ws/install/px4_msgs:/home/rschnurr/SkyClaw-Team1/ros2_ws/install/px4_ros_com:/home/rschnurr/workspace_real/install/px4_ros_com:/home/rschnurr/workspace_real/install/px4_msgs:/home/rschnurr/SkyClaw-Team1/ros2_ws/install/go_green:/home/rschnurr/workspace_real/install/go_green:/opt/ros/humble LD_LIBRARY_PATH=/home/rschnurr/SkyClaw-Team1/ros2_ws/install/px4_msgs/lib:/home/rschnurr/SkyClaw-Team1/ros2_ws/install/px4_ros_com/lib:/home/rschnurr/workspace_real/install/px4_ros_com/lib:/home/rschnurr/workspace_real/install/px4_msgs/lib:/usr/lib/x86_64-linux-gnu/gazebo-11/plugins:/opt/ros/humble/opt/rviz_ogre_vendor/lib:/opt/ros/humble/lib/x86_64-linux-gnu:/opt/ros/humble/lib /usr/bin/cmake --build /home/rschnurr/SkyClaw-Team1/ros2_ws/build/px4_ros_com -- -j16 -l16
[2.460s] DEBUG:colcon.colcon_core.event_handler.log_command:Invoking command in '/home/rschnurr/SkyClaw-Team1/ros2_ws/build/px4_ros_com': CMAKE_PREFIX_PATH=/home/rschnurr/SkyClaw-Team1/ros2_ws/install/px4_msgs:/home/rschnurr/SkyClaw-Team1/ros2_ws/install/px4_ros_com:/home/rschnurr/workspace_real/install/px4_ros_com:/home/rschnurr/workspace_real/install/px4_msgs:/home/rschnurr/SkyClaw-Team1/ros2_ws/install/go_green:/home/rschnurr/workspace_real/install/go_green:/opt/ros/humble LD_LIBRARY_PATH=/home/rschnurr/SkyClaw-Team1/ros2_ws/install/px4_msgs/lib:/home/rschnurr/SkyClaw-Team1/ros2_ws/install/px4_ros_com/lib:/home/rschnurr/workspace_real/install/px4_ros_com/lib:/home/rschnurr/workspace_real/install/px4_msgs/lib:/usr/lib/x86_64-linux-gnu/gazebo-11/plugins:/opt/ros/humble/opt/rviz_ogre_vendor/lib:/opt/ros/humble/lib/x86_64-linux-gnu:/opt/ros/humble/lib /usr/bin/cmake --install /home/rschnurr/SkyClaw-Team1/ros2_ws/build/px4_ros_com
[2.544s] Level 1:colcon.colcon_core.environment:create_environment_scripts_only(px4_ros_com)
[2.544s] Level 1:colcon.colcon_core.environment:checking '/home/rschnurr/SkyClaw-Team1/ros2_ws/install/px4_ros_com' for CMake module files
[2.545s] DEBUG:colcon.colcon_core.event_handler.log_command:Invoked command in '/home/rschnurr/SkyClaw-Team1/ros2_ws/build/px4_ros_com' returned '0': CMAKE_PREFIX_PATH=/home/rschnurr/SkyClaw-Team1/ros2_ws/install/px4_msgs:/home/rschnurr/SkyClaw-Team1/ros2_ws/install/px4_ros_com:/home/rschnurr/workspace_real/install/px4_ros_com:/home/rschnurr/workspace_real/install/px4_msgs:/home/rschnurr/SkyClaw-Team1/ros2_ws/install/go_green:/home/rschnurr/workspace_real/install/go_green:/opt/ros/humble LD_LIBRARY_PATH=/home/rschnurr/SkyClaw-Team1/ros2_ws/install/px4_msgs/lib:/home/rschnurr/SkyClaw-Team1/ros2_ws/install/px4_ros_com/lib:/home/rschnurr/workspace_real/install/px4_ros_com/lib:/home/rschnurr/workspace_real/install/px4_msgs/lib:/usr/lib/x86_64-linux-gnu/gazebo-11/plugins:/opt/ros/humble/opt/rviz_ogre_vendor/lib:/opt/ros/humble/lib/x86_64-linux-gnu:/opt/ros/humble/lib /usr/bin/cmake --install /home/rschnurr/SkyClaw-Team1/ros2_ws/build/px4_ros_com
[2.546s] Level 1:colcon.colcon_core.environment:checking '/home/rschnurr/SkyClaw-Team1/ros2_ws/install/px4_ros_com' for CMake config files
[2.547s] Level 1:colcon.colcon_core.shell:create_environment_hook('px4_ros_com', 'cmake_prefix_path')
[2.547s] INFO:colcon.colcon_core.shell:Creating environment hook '/home/rschnurr/SkyClaw-Team1/ros2_ws/install/px4_ros_com/share/px4_ros_com/hook/cmake_prefix_path.ps1'
[2.548s] INFO:colcon.colcon_core.shell:Creating environment descriptor '/home/rschnurr/SkyClaw-Team1/ros2_ws/install/px4_ros_com/share/px4_ros_com/hook/cmake_prefix_path.dsv'
[2.549s] INFO:colcon.colcon_core.shell:Creating environment hook '/home/rschnurr/SkyClaw-Team1/ros2_ws/install/px4_ros_com/share/px4_ros_com/hook/cmake_prefix_path.sh'
[2.550s] Level 1:colcon.colcon_core.environment:checking '/home/rschnurr/SkyClaw-Team1/ros2_ws/install/px4_ros_com/lib'
[2.550s] Level 1:colcon.colcon_core.shell:create_environment_hook('px4_ros_com', 'ld_library_path_lib')
[2.550s] INFO:colcon.colcon_core.shell:Creating environment hook '/home/rschnurr/SkyClaw-Team1/ros2_ws/install/px4_ros_com/share/px4_ros_com/hook/ld_library_path_lib.ps1'
[2.551s] INFO:colcon.colcon_core.shell:Creating environment descriptor '/home/rschnurr/SkyClaw-Team1/ros2_ws/install/px4_ros_com/share/px4_ros_com/hook/ld_library_path_lib.dsv'
[2.551s] INFO:colcon.colcon_core.shell:Creating environment hook '/home/rschnurr/SkyClaw-Team1/ros2_ws/install/px4_ros_com/share/px4_ros_com/hook/ld_library_path_lib.sh'
[2.551s] Level 1:colcon.colcon_core.environment:checking '/home/rschnurr/SkyClaw-Team1/ros2_ws/install/px4_ros_com/bin'
[2.551s] Level 1:colcon.colcon_core.environment:checking '/home/rschnurr/SkyClaw-Team1/ros2_ws/install/px4_ros_com/lib/pkgconfig/px4_ros_com.pc'
[2.552s] Level 1:colcon.colcon_core.environment:checking '/home/rschnurr/SkyClaw-Team1/ros2_ws/install/px4_ros_com/lib/python3.10/site-packages'
[2.552s] Level 1:colcon.colcon_core.environment:checking '/home/rschnurr/SkyClaw-Team1/ros2_ws/install/px4_ros_com/bin'
[2.552s] INFO:colcon.colcon_core.shell:Creating package script '/home/rschnurr/SkyClaw-Team1/ros2_ws/install/px4_ros_com/share/px4_ros_com/package.ps1'
[2.553s] INFO:colcon.colcon_core.shell:Creating package descriptor '/home/rschnurr/SkyClaw-Team1/ros2_ws/install/px4_ros_com/share/px4_ros_com/package.dsv'
[2.553s] INFO:colcon.colcon_core.shell:Creating package script '/home/rschnurr/SkyClaw-Team1/ros2_ws/install/px4_ros_com/share/px4_ros_com/package.sh'
[2.554s] INFO:colcon.colcon_core.shell:Creating package script '/home/rschnurr/SkyClaw-Team1/ros2_ws/install/px4_ros_com/share/px4_ros_com/package.bash'
[2.554s] INFO:colcon.colcon_core.shell:Creating package script '/home/rschnurr/SkyClaw-Team1/ros2_ws/install/px4_ros_com/share/px4_ros_com/package.zsh'
[2.555s] Level 1:colcon.colcon_core.environment:create_file_with_runtime_dependencies(/home/rschnurr/SkyClaw-Team1/ros2_ws/install/px4_ros_com/share/colcon-core/packages/px4_ros_com)
[2.556s] Level 1:colcon.colcon_core.environment:create_environment_scripts_only(px4_ros_com)
[2.556s] Level 1:colcon.colcon_core.environment:checking '/home/rschnurr/SkyClaw-Team1/ros2_ws/install/px4_ros_com' for CMake module files
[2.556s] Level 1:colcon.colcon_core.environment:checking '/home/rschnurr/SkyClaw-Team1/ros2_ws/install/px4_ros_com' for CMake config files
[2.557s] Level 1:colcon.colcon_core.shell:create_environment_hook('px4_ros_com', 'cmake_prefix_path')
[2.557s] INFO:colcon.colcon_core.shell:Creating environment hook '/home/rschnurr/SkyClaw-Team1/ros2_ws/install/px4_ros_com/share/px4_ros_com/hook/cmake_prefix_path.ps1'
[2.558s] INFO:colcon.colcon_core.shell:Creating environment descriptor '/home/rschnurr/SkyClaw-Team1/ros2_ws/install/px4_ros_com/share/px4_ros_com/hook/cmake_prefix_path.dsv'
[2.558s] INFO:colcon.colcon_core.shell:Creating environment hook '/home/rschnurr/SkyClaw-Team1/ros2_ws/install/px4_ros_com/share/px4_ros_com/hook/cmake_prefix_path.sh'
[2.559s] Level 1:colcon.colcon_core.environment:checking '/home/rschnurr/SkyClaw-Team1/ros2_ws/install/px4_ros_com/lib'
[2.559s] Level 1:colcon.colcon_core.shell:create_environment_hook('px4_ros_com', 'ld_library_path_lib')
[2.559s] INFO:colcon.colcon_core.shell:Creating environment hook '/home/rschnurr/SkyClaw-Team1/ros2_ws/install/px4_ros_com/share/px4_ros_com/hook/ld_library_path_lib.ps1'
[2.560s] INFO:colcon.colcon_core.shell:Creating environment descriptor '/home/rschnurr/SkyClaw-Team1/ros2_ws/install/px4_ros_com/share/px4_ros_com/hook/ld_library_path_lib.dsv'
[2.560s] INFO:colcon.colcon_core.shell:Creating environment hook '/home/rschnurr/SkyClaw-Team1/ros2_ws/install/px4_ros_com/share/px4_ros_com/hook/ld_library_path_lib.sh'
[2.561s] Level 1:colcon.colcon_core.environment:checking '/home/rschnurr/SkyClaw-Team1/ros2_ws/install/px4_ros_com/bin'
[2.561s] Level 1:colcon.colcon_core.environment:checking '/home/rschnurr/SkyClaw-Team1/ros2_ws/install/px4_ros_com/lib/pkgconfig/px4_ros_com.pc'
[2.561s] Level 1:colcon.colcon_core.environment:checking '/home/rschnurr/SkyClaw-Team1/ros2_ws/install/px4_ros_com/lib/python3.10/site-packages'
[2.561s] Level 1:colcon.colcon_core.environment:checking '/home/rschnurr/SkyClaw-Team1/ros2_ws/install/px4_ros_com/bin'
[2.562s] INFO:colcon.colcon_core.shell:Creating package script '/home/rschnurr/SkyClaw-Team1/ros2_ws/install/px4_ros_com/share/px4_ros_com/package.ps1'
[2.562s] INFO:colcon.colcon_core.shell:Creating package descriptor '/home/rschnurr/SkyClaw-Team1/ros2_ws/install/px4_ros_com/share/px4_ros_com/package.dsv'
[2.563s] INFO:colcon.colcon_core.shell:Creating package script '/home/rschnurr/SkyClaw-Team1/ros2_ws/install/px4_ros_com/share/px4_ros_com/package.sh'
[2.563s] INFO:colcon.colcon_core.shell:Creating package script '/home/rschnurr/SkyClaw-Team1/ros2_ws/install/px4_ros_com/share/px4_ros_com/package.bash'
[2.564s] INFO:colcon.colcon_core.shell:Creating package script '/home/rschnurr/SkyClaw-Team1/ros2_ws/install/px4_ros_com/share/px4_ros_com/package.zsh'
[2.564s] Level 1:colcon.colcon_core.environment:create_file_with_runtime_dependencies(/home/rschnurr/SkyClaw-Team1/ros2_ws/install/px4_ros_com/share/colcon-core/packages/px4_ros_com)
[2.572s] DEBUG:colcon.colcon_core.event_handler.log_command:Invoking command in '/home/rschnurr/SkyClaw-Team1/ros2_ws/src/go_green': CMAKE_PREFIX_PATH=/home/rschnurr/SkyClaw-Team1/ros2_ws/install/px4_msgs:/home/rschnurr/SkyClaw-Team1/ros2_ws/install/px4_ros_com:/home/rschnurr/workspace_real/install/px4_ros_com:/home/rschnurr/workspace_real/install/px4_msgs LD_LIBRARY_PATH=/home/rschnurr/SkyClaw-Team1/ros2_ws/install/px4_msgs/lib:/home/rschnurr/SkyClaw-Team1/ros2_ws/install/px4_ros_com/lib:/home/rschnurr/workspace_real/install/px4_ros_com/lib:/home/rschnurr/workspace_real/install/px4_msgs/lib:/usr/lib/x86_64-linux-gnu/gazebo-11/plugins:/opt/ros/humble/opt/rviz_ogre_vendor/lib:/opt/ros/humble/lib/x86_64-linux-gnu:/opt/ros/humble/lib PYTHONPATH=/home/rschnurr/SkyClaw-Team1/ros2_ws/build/go_green/prefix_override:/usr/lib/python3/dist-packages/colcon_core/task/python/colcon_distutils_commands:/home/rschnurr/SkyClaw-Team1/ros2_ws/install/go_green/lib/python3.10/site-packages:${PYTHONPATH} /usr/bin/python3 -W ignore:setup.py install is deprecated -W ignore:easy_install command is deprecated setup.py egg_info --egg-base ../../build/go_green build --build-base /home/rschnurr/SkyClaw-Team1/ros2_ws/build/go_green/build install --record /home/rschnurr/SkyClaw-Team1/ros2_ws/build/go_green/install.log --single-version-externally-managed install_data
[2.960s] Level 1:colcon.colcon_core.environment:checking '/home/rschnurr/SkyClaw-Team1/ros2_ws/install/go_green' for CMake module files
[2.960s] DEBUG:colcon.colcon_core.event_handler.log_command:Invoked command in '/home/rschnurr/SkyClaw-Team1/ros2_ws/src/go_green' returned '0': CMAKE_PREFIX_PATH=/home/rschnurr/SkyClaw-Team1/ros2_ws/install/px4_msgs:/home/rschnurr/SkyClaw-Team1/ros2_ws/install/px4_ros_com:/home/rschnurr/workspace_real/install/px4_ros_com:/home/rschnurr/workspace_real/install/px4_msgs LD_LIBRARY_PATH=/home/rschnurr/SkyClaw-Team1/ros2_ws/install/px4_msgs/lib:/home/rschnurr/SkyClaw-Team1/ros2_ws/install/px4_ros_com/lib:/home/rschnurr/workspace_real/install/px4_ros_com/lib:/home/rschnurr/workspace_real/install/px4_msgs/lib:/usr/lib/x86_64-linux-gnu/gazebo-11/plugins:/opt/ros/humble/opt/rviz_ogre_vendor/lib:/opt/ros/humble/lib/x86_64-linux-gnu:/opt/ros/humble/lib PYTHONPATH=/home/rschnurr/SkyClaw-Team1/ros2_ws/build/go_green/prefix_override:/usr/lib/python3/dist-packages/colcon_core/task/python/colcon_distutils_commands:/home/rschnurr/SkyClaw-Team1/ros2_ws/install/go_green/lib/python3.10/site-packages:${PYTHONPATH} /usr/bin/python3 -W ignore:setup.py install is deprecated -W ignore:easy_install command is deprecated setup.py egg_info --egg-base ../../build/go_green build --build-base /home/rschnurr/SkyClaw-Team1/ros2_ws/build/go_green/build install --record /home/rschnurr/SkyClaw-Team1/ros2_ws/build/go_green/install.log --single-version-externally-managed install_data
[2.961s] Level 1:colcon.colcon_core.environment:checking '/home/rschnurr/SkyClaw-Team1/ros2_ws/install/go_green' for CMake config files
[2.961s] Level 1:colcon.colcon_core.environment:checking '/home/rschnurr/SkyClaw-Team1/ros2_ws/install/go_green/lib'
[2.961s] Level 1:colcon.colcon_core.environment:checking '/home/rschnurr/SkyClaw-Team1/ros2_ws/install/go_green/bin'
[2.961s] Level 1:colcon.colcon_core.environment:checking '/home/rschnurr/SkyClaw-Team1/ros2_ws/install/go_green/lib/pkgconfig/go_green.pc'
[2.961s] Level 1:colcon.colcon_core.environment:checking '/home/rschnurr/SkyClaw-Team1/ros2_ws/install/go_green/lib/python3.10/site-packages'
[2.962s] Level 1:colcon.colcon_core.shell:create_environment_hook('go_green', 'pythonpath')
[2.962s] INFO:colcon.colcon_core.shell:Creating environment hook '/home/rschnurr/SkyClaw-Team1/ros2_ws/install/go_green/share/go_green/hook/pythonpath.ps1'
[2.962s] INFO:colcon.colcon_core.shell:Creating environment descriptor '/home/rschnurr/SkyClaw-Team1/ros2_ws/install/go_green/share/go_green/hook/pythonpath.dsv'
[2.963s] INFO:colcon.colcon_core.shell:Creating environment hook '/home/rschnurr/SkyClaw-Team1/ros2_ws/install/go_green/share/go_green/hook/pythonpath.sh'
[2.963s] Level 1:colcon.colcon_core.environment:checking '/home/rschnurr/SkyClaw-Team1/ros2_ws/install/go_green/bin'
[2.963s] Level 1:colcon.colcon_core.environment:create_environment_scripts_only(go_green)
[2.964s] INFO:colcon.colcon_core.shell:Creating package script '/home/rschnurr/SkyClaw-Team1/ros2_ws/install/go_green/share/go_green/package.ps1'
[2.964s] INFO:colcon.colcon_core.shell:Creating package descriptor '/home/rschnurr/SkyClaw-Team1/ros2_ws/install/go_green/share/go_green/package.dsv'
[2.965s] INFO:colcon.colcon_core.shell:Creating package script '/home/rschnurr/SkyClaw-Team1/ros2_ws/install/go_green/share/go_green/package.sh'
[2.965s] INFO:colcon.colcon_core.shell:Creating package script '/home/rschnurr/SkyClaw-Team1/ros2_ws/install/go_green/share/go_green/package.bash'
[2.966s] INFO:colcon.colcon_core.shell:Creating package script '/home/rschnurr/SkyClaw-Team1/ros2_ws/install/go_green/share/go_green/package.zsh'
[2.966s] Level 1:colcon.colcon_core.environment:create_file_with_runtime_dependencies(/home/rschnurr/SkyClaw-Team1/ros2_ws/install/go_green/share/colcon-core/packages/go_green)
[2.967s] DEBUG:colcon.colcon_parallel_executor.executor.parallel:closing loop
[2.968s] DEBUG:colcon.colcon_parallel_executor.executor.parallel:loop closed
[2.968s] DEBUG:colcon.colcon_parallel_executor.executor.parallel:run_until_complete finished with '0'
[2.968s] DEBUG:colcon.colcon_core.event_reactor:joining thread
[2.996s] INFO:colcon.colcon_core.plugin_system:Skipping extension 'colcon_notification.desktop_notification.notify_send': Could not find 'notify-send'
[2.997s] INFO:colcon.colcon_core.plugin_system:Skipping extension 'colcon_notification.desktop_notification.terminal_notifier': Not used on non-Darwin systems
[2.997s] INFO:colcon.colcon_core.plugin_system:Skipping extension 'colcon_notification.desktop_notification.win32': Not used on non-Windows systems
[2.997s] INFO:colcon.colcon_notification.desktop_notification:Sending desktop notification using 'notify2'
[2.997s] DEBUG:colcon.colcon_notification.desktop_notification.notify2:Failed to initialize notify2: org.freedesktop.DBus.Error.FileNotFound: Failed to connect to socket /run/user/1000/bus: No such file or directory
[2.998s] DEBUG:colcon.colcon_core.event_reactor:joined thread
[2.998s] INFO:colcon.colcon_core.shell:Creating prefix script '/home/rschnurr/SkyClaw-Team1/ros2_ws/install/local_setup.ps1'
[3.000s] INFO:colcon.colcon_core.shell:Creating prefix util module '/home/rschnurr/SkyClaw-Team1/ros2_ws/install/_local_setup_util_ps1.py'
[3.001s] INFO:colcon.colcon_core.shell:Creating prefix chain script '/home/rschnurr/SkyClaw-Team1/ros2_ws/install/setup.ps1'
[3.003s] INFO:colcon.colcon_core.shell:Creating prefix script '/home/rschnurr/SkyClaw-Team1/ros2_ws/install/local_setup.sh'
[3.003s] INFO:colcon.colcon_core.shell:Creating prefix util module '/home/rschnurr/SkyClaw-Team1/ros2_ws/install/_local_setup_util_sh.py'
[3.004s] INFO:colcon.colcon_core.shell:Creating prefix chain script '/home/rschnurr/SkyClaw-Team1/ros2_ws/install/setup.sh'
[3.005s] INFO:colcon.colcon_core.shell:Creating prefix script '/home/rschnurr/SkyClaw-Team1/ros2_ws/install/local_setup.bash'
[3.006s] INFO:colcon.colcon_core.shell:Creating prefix chain script '/home/rschnurr/SkyClaw-Team1/ros2_ws/install/setup.bash'
[3.007s] INFO:colcon.colcon_core.shell:Creating prefix script '/home/rschnurr/SkyClaw-Team1/ros2_ws/install/local_setup.zsh'
[3.007s] INFO:colcon.colcon_core.shell:Creating prefix chain script '/home/rschnurr/SkyClaw-Team1/ros2_ws/install/setup.zsh'
