[0.334s] DEBUG:colcon:Command line arguments: ['/usr/bin/colcon', 'build']
[0.334s] DEBUG:colcon:Parsed command line arguments: Namespace(log_base=None, log_level=None, verb_name='build', build_base='build', install_base='install', merge_install=False, symlink_install=False, test_result_base=None, continue_on_error=False, executor='parallel', parallel_workers=16, event_handlers=None, ignore_user_meta=False, metas=['./colcon.meta'], base_paths=['.'], packages_ignore=None, packages_ignore_regex=None, paths=None, packages_up_to=None, packages_up_to_regex=None, packages_above=None, packages_above_and_dependencies=None, packages_above_depth=None, packages_select_by_dep=None, packages_skip_by_dep=None, packages_skip_up_to=None, packages_select_build_failed=False, packages_skip_build_finished=False, packages_select_test_failures=False, packages_skip_test_passed=False, packages_select=None, packages_skip=None, packages_select_regex=None, packages_skip_regex=None, packages_start=None, packages_end=None, allow_overriding=[], cmake_args=None, cmake_target=None, cmake_target_skip_unavailable=False, cmake_clean_cache=False, cmake_clean_first=False, cmake_force_configure=False, ament_cmake_args=None, catkin_cmake_args=None, catkin_skip_building_tests=False, mixin_files=None, mixin=None, verb_parser=<colcon_mixin.mixin.mixin_argument.MixinArgumentDecorator object at 0x7b114df636d0>, verb_extension=<colcon_core.verb.build.BuildVerb object at 0x7b114df63190>, main=<bound method BuildVerb.main of <colcon_core.verb.build.BuildVerb object at 0x7b114df63190>>, mixin_verb=('build',))
[0.415s] Level 1:colcon.colcon_core.package_discovery:discover_packages(colcon_meta) check parameters
[0.415s] Level 1:colcon.colcon_core.package_discovery:discover_packages(recursive) check parameters
[0.416s] Level 1:colcon.colcon_core.package_discovery:discover_packages(ignore) check parameters
[0.416s] Level 1:colcon.colcon_core.package_discovery:discover_packages(path) check parameters
[0.416s] Level 1:colcon.colcon_core.package_discovery:discover_packages(colcon_meta) discover
[0.416s] Level 1:colcon.colcon_core.package_discovery:discover_packages(recursive) discover
[0.416s] INFO:colcon.colcon_core.package_discovery:Crawling recursively for packages in '/home/rschnurr/SkyClaw-Team1/ros2_ws'
[0.417s] Level 1:colcon.colcon_core.package_identification:_identify(.) by extensions ['ignore', 'ignore_ament_install']
[0.417s] Level 1:colcon.colcon_core.package_identification:_identify(.) by extension 'ignore'
[0.417s] Level 1:colcon.colcon_core.package_identification:_identify(.) by extension 'ignore_ament_install'
[0.417s] Level 1:colcon.colcon_core.package_identification:_identify(.) by extensions ['colcon_pkg']
[0.417s] Level 1:colcon.colcon_core.package_identification:_identify(.) by extension 'colcon_pkg'
[0.417s] Level 1:colcon.colcon_core.package_identification:_identify(.) by extensions ['colcon_meta']
[0.418s] Level 1:colcon.colcon_core.package_identification:_identify(.) by extension 'colcon_meta'
[0.418s] Level 1:colcon.colcon_core.package_identification:_identify(.) by extensions ['ros']
[0.418s] Level 1:colcon.colcon_core.package_identification:_identify(.) by extension 'ros'
[0.475s] Level 1:colcon.colcon_core.package_identification:_identify(.) by extensions ['cmake', 'python']
[0.476s] Level 1:colcon.colcon_core.package_identification:_identify(.) by extension 'cmake'
[0.476s] Level 1:colcon.colcon_core.package_identification:_identify(.) by extension 'python'
[0.476s] Level 1:colcon.colcon_core.package_identification:_identify(.) by extensions ['python_setup_py']
[0.476s] Level 1:colcon.colcon_core.package_identification:_identify(.) by extension 'python_setup_py'
[0.477s] Level 1:colcon.colcon_core.package_identification:_identify(build) by extensions ['ignore', 'ignore_ament_install']
[0.477s] Level 1:colcon.colcon_core.package_identification:_identify(build) by extension 'ignore'
[0.477s] Level 1:colcon.colcon_core.package_identification:_identify(build) ignored
[0.477s] Level 1:colcon.colcon_core.package_identification:_identify(install) by extensions ['ignore', 'ignore_ament_install']
[0.478s] Level 1:colcon.colcon_core.package_identification:_identify(install) by extension 'ignore'
[0.478s] Level 1:colcon.colcon_core.package_identification:_identify(install) ignored
[0.478s] Level 1:colcon.colcon_core.package_identification:_identify(log) by extensions ['ignore', 'ignore_ament_install']
[0.478s] Level 1:colcon.colcon_core.package_identification:_identify(log) by extension 'ignore'
[0.478s] Level 1:colcon.colcon_core.package_identification:_identify(log) ignored
[0.478s] Level 1:colcon.colcon_core.package_identification:_identify(src) by extensions ['ignore', 'ignore_ament_install']
[0.478s] Level 1:colcon.colcon_core.package_identification:_identify(src) by extension 'ignore'
[0.479s] Level 1:colcon.colcon_core.package_identification:_identify(src) by extension 'ignore_ament_install'
[0.479s] Level 1:colcon.colcon_core.package_identification:_identify(src) by extensions ['colcon_pkg']
[0.479s] Level 1:colcon.colcon_core.package_identification:_identify(src) by extension 'colcon_pkg'
[0.479s] Level 1:colcon.colcon_core.package_identification:_identify(src) by extensions ['colcon_meta']
[0.479s] Level 1:colcon.colcon_core.package_identification:_identify(src) by extension 'colcon_meta'
[0.479s] Level 1:colcon.colcon_core.package_identification:_identify(src) by extensions ['ros']
[0.479s] Level 1:colcon.colcon_core.package_identification:_identify(src) by extension 'ros'
[0.479s] Level 1:colcon.colcon_core.package_identification:_identify(src) by extensions ['cmake', 'python']
[0.479s] Level 1:colcon.colcon_core.package_identification:_identify(src) by extension 'cmake'
[0.479s] Level 1:colcon.colcon_core.package_identification:_identify(src) by extension 'python'
[0.479s] Level 1:colcon.colcon_core.package_identification:_identify(src) by extensions ['python_setup_py']
[0.479s] Level 1:colcon.colcon_core.package_identification:_identify(src) by extension 'python_setup_py'
[0.479s] Level 1:colcon.colcon_core.package_identification:_identify(src/go_green) by extensions ['ignore', 'ignore_ament_install']
[0.479s] Level 1:colcon.colcon_core.package_identification:_identify(src/go_green) by extension 'ignore'
[0.479s] Level 1:colcon.colcon_core.package_identification:_identify(src/go_green) by extension 'ignore_ament_install'
[0.479s] Level 1:colcon.colcon_core.package_identification:_identify(src/go_green) by extensions ['colcon_pkg']
[0.479s] Level 1:colcon.colcon_core.package_identification:_identify(src/go_green) by extension 'colcon_pkg'
[0.479s] Level 1:colcon.colcon_core.package_identification:_identify(src/go_green) by extensions ['colcon_meta']
[0.479s] Level 1:colcon.colcon_core.package_identification:_identify(src/go_green) by extension 'colcon_meta'
[0.479s] Level 1:colcon.colcon_core.package_identification:_identify(src/go_green) by extensions ['ros']
[0.479s] Level 1:colcon.colcon_core.package_identification:_identify(src/go_green) by extension 'ros'
[0.488s] DEBUG:colcon.colcon_core.package_identification:Package 'src/go_green' with type 'ros.ament_python' and name 'go_green'
[0.489s] Level 1:colcon.colcon_core.package_identification:_identify(src/px4_msgs) by extensions ['ignore', 'ignore_ament_install']
[0.489s] Level 1:colcon.colcon_core.package_identification:_identify(src/px4_msgs) by extension 'ignore'
[0.489s] Level 1:colcon.colcon_core.package_identification:_identify(src/px4_msgs) by extension 'ignore_ament_install'
[0.489s] Level 1:colcon.colcon_core.package_identification:_identify(src/px4_msgs) by extensions ['colcon_pkg']
[0.490s] Level 1:colcon.colcon_core.package_identification:_identify(src/px4_msgs) by extension 'colcon_pkg'
[0.490s] Level 1:colcon.colcon_core.package_identification:_identify(src/px4_msgs) by extensions ['colcon_meta']
[0.490s] Level 1:colcon.colcon_core.package_identification:_identify(src/px4_msgs) by extension 'colcon_meta'
[0.490s] Level 1:colcon.colcon_core.package_identification:_identify(src/px4_msgs) by extensions ['ros']
[0.490s] Level 1:colcon.colcon_core.package_identification:_identify(src/px4_msgs) by extension 'ros'
[0.491s] DEBUG:colcon.colcon_core.package_identification:Package 'src/px4_msgs' with type 'ros.ament_cmake' and name 'px4_msgs'
[0.492s] Level 1:colcon.colcon_core.package_identification:_identify(src/px4_ros_com) by extensions ['ignore', 'ignore_ament_install']
[0.492s] Level 1:colcon.colcon_core.package_identification:_identify(src/px4_ros_com) by extension 'ignore'
[0.492s] Level 1:colcon.colcon_core.package_identification:_identify(src/px4_ros_com) by extension 'ignore_ament_install'
[0.492s] Level 1:colcon.colcon_core.package_identification:_identify(src/px4_ros_com) by extensions ['colcon_pkg']
[0.492s] Level 1:colcon.colcon_core.package_identification:_identify(src/px4_ros_com) by extension 'colcon_pkg'
[0.492s] Level 1:colcon.colcon_core.package_identification:_identify(src/px4_ros_com) by extensions ['colcon_meta']
[0.492s] Level 1:colcon.colcon_core.package_identification:_identify(src/px4_ros_com) by extension 'colcon_meta'
[0.492s] Level 1:colcon.colcon_core.package_identification:_identify(src/px4_ros_com) by extensions ['ros']
[0.492s] Level 1:colcon.colcon_core.package_identification:_identify(src/px4_ros_com) by extension 'ros'
[0.494s] DEBUG:colcon.colcon_core.package_identification:Package 'src/px4_ros_com' with type 'ros.ament_cmake' and name 'px4_ros_com'
[0.494s] Level 1:colcon.colcon_core.package_discovery:discover_packages(recursive) using defaults
[0.496s] Level 1:colcon.colcon_core.package_discovery:discover_packages(ignore) discover
[0.496s] Level 1:colcon.colcon_core.package_discovery:discover_packages(ignore) using defaults
[0.496s] Level 1:colcon.colcon_core.package_discovery:discover_packages(path) discover
[0.496s] Level 1:colcon.colcon_core.package_discovery:discover_packages(path) using defaults
[0.536s] Level 1:colcon.colcon_core.package_discovery:discover_packages(prefix_path) check parameters
[0.536s] Level 1:colcon.colcon_core.package_discovery:discover_packages(prefix_path) discover
[0.538s] DEBUG:colcon.colcon_installed_package_information.package_discovery:Found 3 installed packages in /home/rschnurr/SkyClaw-Team1/ros2_ws/install
[0.540s] DEBUG:colcon.colcon_installed_package_information.package_discovery:Found 278 installed packages in /opt/ros/humble
[0.544s] Level 1:colcon.colcon_core.package_discovery:discover_packages(prefix_path) using defaults
[0.598s] Level 5:colcon.colcon_core.verb:set package 'px4_msgs' build argument 'cmake_args' from command line to 'None'
[0.598s] Level 5:colcon.colcon_core.verb:set package 'px4_msgs' build argument 'cmake_target' from command line to 'None'
[0.598s] Level 5:colcon.colcon_core.verb:set package 'px4_msgs' build argument 'cmake_target_skip_unavailable' from command line to 'False'
[0.598s] Level 5:colcon.colcon_core.verb:set package 'px4_msgs' build argument 'cmake_clean_cache' from command line to 'False'
[0.598s] Level 5:colcon.colcon_core.verb:set package 'px4_msgs' build argument 'cmake_clean_first' from command line to 'False'
[0.598s] Level 5:colcon.colcon_core.verb:set package 'px4_msgs' build argument 'cmake_force_configure' from command line to 'False'
[0.598s] Level 5:colcon.colcon_core.verb:set package 'px4_msgs' build argument 'ament_cmake_args' from command line to 'None'
[0.598s] Level 5:colcon.colcon_core.verb:set package 'px4_msgs' build argument 'catkin_cmake_args' from command line to 'None'
[0.598s] Level 5:colcon.colcon_core.verb:set package 'px4_msgs' build argument 'catkin_skip_building_tests' from command line to 'False'
[0.598s] DEBUG:colcon.colcon_core.verb:Building package 'px4_msgs' with the following arguments: {'ament_cmake_args': None, 'build_base': '/home/rschnurr/SkyClaw-Team1/ros2_ws/build/px4_msgs', 'catkin_cmake_args': None, 'catkin_skip_building_tests': False, 'cmake_args': None, 'cmake_clean_cache': False, 'cmake_clean_first': False, 'cmake_force_configure': False, 'cmake_target': None, 'cmake_target_skip_unavailable': False, 'install_base': '/home/rschnurr/SkyClaw-Team1/ros2_ws/install/px4_msgs', 'merge_install': False, 'path': '/home/rschnurr/SkyClaw-Team1/ros2_ws/src/px4_msgs', 'symlink_install': False, 'test_result_base': None}
[0.599s] Level 5:colcon.colcon_core.verb:set package 'go_green' build argument 'cmake_args' from command line to 'None'
[0.599s] Level 5:colcon.colcon_core.verb:set package 'go_green' build argument 'cmake_target' from command line to 'None'
[0.599s] Level 5:colcon.colcon_core.verb:set package 'go_green' build argument 'cmake_target_skip_unavailable' from command line to 'False'
[0.599s] Level 5:colcon.colcon_core.verb:set package 'go_green' build argument 'cmake_clean_cache' from command line to 'False'
[0.599s] Level 5:colcon.colcon_core.verb:set package 'go_green' build argument 'cmake_clean_first' from command line to 'False'
[0.599s] Level 5:colcon.colcon_core.verb:set package 'go_green' build argument 'cmake_force_configure' from command line to 'False'
[0.599s] Level 5:colcon.colcon_core.verb:set package 'go_green' build argument 'ament_cmake_args' from command line to 'None'
[0.599s] Level 5:colcon.colcon_core.verb:set package 'go_green' build argument 'catkin_cmake_args' from command line to 'None'
[0.599s] Level 5:colcon.colcon_core.verb:set package 'go_green' build argument 'catkin_skip_building_tests' from command line to 'False'
[0.599s] DEBUG:colcon.colcon_core.verb:Building package 'go_green' with the following arguments: {'ament_cmake_args': None, 'build_base': '/home/rschnurr/SkyClaw-Team1/ros2_ws/build/go_green', 'catkin_cmake_args': None, 'catkin_skip_building_tests': False, 'cmake_args': None, 'cmake_clean_cache': False, 'cmake_clean_first': False, 'cmake_force_configure': False, 'cmake_target': None, 'cmake_target_skip_unavailable': False, 'install_base': '/home/rschnurr/SkyClaw-Team1/ros2_ws/install/go_green', 'merge_install': False, 'path': '/home/rschnurr/SkyClaw-Team1/ros2_ws/src/go_green', 'symlink_install': False, 'test_result_base': None}
[0.600s] Level 5:colcon.colcon_core.verb:set package 'px4_ros_com' build argument 'cmake_args' from command line to 'None'
[0.600s] Level 5:colcon.colcon_core.verb:set package 'px4_ros_com' build argument 'cmake_target' from command line to 'None'
[0.601s] Level 5:colcon.colcon_core.verb:set package 'px4_ros_com' build argument 'cmake_target_skip_unavailable' from command line to 'False'
[0.601s] Level 5:colcon.colcon_core.verb:set package 'px4_ros_com' build argument 'cmake_clean_cache' from command line to 'False'
[0.601s] Level 5:colcon.colcon_core.verb:set package 'px4_ros_com' build argument 'cmake_clean_first' from command line to 'False'
[0.601s] Level 5:colcon.colcon_core.verb:set package 'px4_ros_com' build argument 'cmake_force_configure' from command line to 'False'
[0.601s] Level 5:colcon.colcon_core.verb:set package 'px4_ros_com' build argument 'ament_cmake_args' from command line to 'None'
[0.601s] Level 5:colcon.colcon_core.verb:set package 'px4_ros_com' build argument 'catkin_cmake_args' from command line to 'None'
[0.601s] Level 5:colcon.colcon_core.verb:set package 'px4_ros_com' build argument 'catkin_skip_building_tests' from command line to 'False'
[0.601s] DEBUG:colcon.colcon_core.verb:Building package 'px4_ros_com' with the following arguments: {'ament_cmake_args': None, 'build_base': '/home/rschnurr/SkyClaw-Team1/ros2_ws/build/px4_ros_com', 'catkin_cmake_args': None, 'catkin_skip_building_tests': False, 'cmake_args': None, 'cmake_clean_cache': False, 'cmake_clean_first': False, 'cmake_force_configure': False, 'cmake_target': None, 'cmake_target_skip_unavailable': False, 'install_base': '/home/rschnurr/SkyClaw-Team1/ros2_ws/install/px4_ros_com', 'merge_install': False, 'path': '/home/rschnurr/SkyClaw-Team1/ros2_ws/src/px4_ros_com', 'symlink_install': False, 'test_result_base': None}
[0.601s] INFO:colcon.colcon_core.executor:Executing jobs using 'parallel' executor
[0.604s] DEBUG:colcon.colcon_parallel_executor.executor.parallel:run_until_complete
[0.605s] INFO:colcon.colcon_ros.task.ament_cmake.build:Building ROS package in '/home/rschnurr/SkyClaw-Team1/ros2_ws/src/px4_msgs' with build type 'ament_cmake'
[0.606s] INFO:colcon.colcon_cmake.task.cmake.build:Building CMake package in '/home/rschnurr/SkyClaw-Team1/ros2_ws/src/px4_msgs'
[0.616s] INFO:colcon.colcon_core.plugin_system:Skipping extension 'colcon_core.shell.bat': Not used on non-Windows systems
[0.617s] INFO:colcon.colcon_core.shell:Skip shell extension 'powershell' for command environment: Not usable outside of PowerShell
[0.617s] DEBUG:colcon.colcon_core.shell:Skip shell extension 'dsv' for command environment
[0.639s] DEBUG:colcon.colcon_core.event_handler.log_command:Invoking command in '/home/rschnurr/SkyClaw-Team1/ros2_ws/build/px4_msgs': CMAKE_PREFIX_PATH=${CMAKE_PREFIX_PATH}:/home/rschnurr/SkyClaw-Team1/ros2_ws/install/go_green:/opt/ros/humble /usr/bin/cmake --build /home/rschnurr/SkyClaw-Team1/ros2_ws/build/px4_msgs -- -j16 -l16
[2.168s] DEBUG:colcon.colcon_core.event_handler.log_command:Invoked command in '/home/rschnurr/SkyClaw-Team1/ros2_ws/build/px4_msgs' returned '0': CMAKE_PREFIX_PATH=${CMAKE_PREFIX_PATH}:/home/rschnurr/SkyClaw-Team1/ros2_ws/install/go_green:/opt/ros/humble /usr/bin/cmake --build /home/rschnurr/SkyClaw-Team1/ros2_ws/build/px4_msgs -- -j16 -l16
[2.196s] DEBUG:colcon.colcon_core.event_handler.log_command:Invoking command in '/home/rschnurr/SkyClaw-Team1/ros2_ws/build/px4_msgs': CMAKE_PREFIX_PATH=${CMAKE_PREFIX_PATH}:/home/rschnurr/SkyClaw-Team1/ros2_ws/install/go_green:/opt/ros/humble /usr/bin/cmake --install /home/rschnurr/SkyClaw-Team1/ros2_ws/build/px4_msgs
[3.101s] Level 1:colcon.colcon_core.environment:create_environment_scripts_only(px4_msgs)
[3.102s] DEBUG:colcon.colcon_core.event_handler.log_command:Invoked command in '/home/rschnurr/SkyClaw-Team1/ros2_ws/build/px4_msgs' returned '0': CMAKE_PREFIX_PATH=${CMAKE_PREFIX_PATH}:/home/rschnurr/SkyClaw-Team1/ros2_ws/install/go_green:/opt/ros/humble /usr/bin/cmake --install /home/rschnurr/SkyClaw-Team1/ros2_ws/build/px4_msgs
[3.106s] Level 1:colcon.colcon_core.environment:checking '/home/rschnurr/SkyClaw-Team1/ros2_ws/install/px4_msgs' for CMake module files
[3.108s] Level 1:colcon.colcon_core.environment:checking '/home/rschnurr/SkyClaw-Team1/ros2_ws/install/px4_msgs' for CMake config files
[3.109s] Level 1:colcon.colcon_core.shell:create_environment_hook('px4_msgs', 'cmake_prefix_path')
[3.110s] INFO:colcon.colcon_core.shell:Creating environment hook '/home/rschnurr/SkyClaw-Team1/ros2_ws/install/px4_msgs/share/px4_msgs/hook/cmake_prefix_path.ps1'
[3.111s] INFO:colcon.colcon_core.shell:Creating environment descriptor '/home/rschnurr/SkyClaw-Team1/ros2_ws/install/px4_msgs/share/px4_msgs/hook/cmake_prefix_path.dsv'
[3.113s] INFO:colcon.colcon_core.shell:Creating environment hook '/home/rschnurr/SkyClaw-Team1/ros2_ws/install/px4_msgs/share/px4_msgs/hook/cmake_prefix_path.sh'
[3.115s] Level 1:colcon.colcon_core.environment:checking '/home/rschnurr/SkyClaw-Team1/ros2_ws/install/px4_msgs/lib'
[3.116s] Level 1:colcon.colcon_core.shell:create_environment_hook('px4_msgs', 'ld_library_path_lib')
[3.117s] INFO:colcon.colcon_core.shell:Creating environment hook '/home/rschnurr/SkyClaw-Team1/ros2_ws/install/px4_msgs/share/px4_msgs/hook/ld_library_path_lib.ps1'
[3.118s] INFO:colcon.colcon_core.shell:Creating environment descriptor '/home/rschnurr/SkyClaw-Team1/ros2_ws/install/px4_msgs/share/px4_msgs/hook/ld_library_path_lib.dsv'
[3.119s] INFO:colcon.colcon_core.shell:Creating environment hook '/home/rschnurr/SkyClaw-Team1/ros2_ws/install/px4_msgs/share/px4_msgs/hook/ld_library_path_lib.sh'
[3.121s] Level 1:colcon.colcon_core.environment:checking '/home/rschnurr/SkyClaw-Team1/ros2_ws/install/px4_msgs/bin'
[3.121s] Level 1:colcon.colcon_core.environment:checking '/home/rschnurr/SkyClaw-Team1/ros2_ws/install/px4_msgs/lib/pkgconfig/px4_msgs.pc'
[3.121s] Level 1:colcon.colcon_core.environment:checking '/home/rschnurr/SkyClaw-Team1/ros2_ws/install/px4_msgs/lib/python3.10/site-packages'
[3.121s] Level 1:colcon.colcon_core.environment:checking '/home/rschnurr/SkyClaw-Team1/ros2_ws/install/px4_msgs/bin'
[3.122s] INFO:colcon.colcon_core.shell:Creating package script '/home/rschnurr/SkyClaw-Team1/ros2_ws/install/px4_msgs/share/px4_msgs/package.ps1'
[3.123s] INFO:colcon.colcon_core.shell:Creating package descriptor '/home/rschnurr/SkyClaw-Team1/ros2_ws/install/px4_msgs/share/px4_msgs/package.dsv'
[3.124s] INFO:colcon.colcon_core.shell:Creating package script '/home/rschnurr/SkyClaw-Team1/ros2_ws/install/px4_msgs/share/px4_msgs/package.sh'
[3.125s] INFO:colcon.colcon_core.shell:Creating package script '/home/rschnurr/SkyClaw-Team1/ros2_ws/install/px4_msgs/share/px4_msgs/package.bash'
[3.127s] INFO:colcon.colcon_core.shell:Creating package script '/home/rschnurr/SkyClaw-Team1/ros2_ws/install/px4_msgs/share/px4_msgs/package.zsh'
[3.129s] Level 1:colcon.colcon_core.environment:create_file_with_runtime_dependencies(/home/rschnurr/SkyClaw-Team1/ros2_ws/install/px4_msgs/share/colcon-core/packages/px4_msgs)
[3.130s] Level 1:colcon.colcon_core.environment:create_environment_scripts_only(px4_msgs)
[3.131s] Level 1:colcon.colcon_core.environment:checking '/home/rschnurr/SkyClaw-Team1/ros2_ws/install/px4_msgs' for CMake module files
[3.132s] Level 1:colcon.colcon_core.environment:checking '/home/rschnurr/SkyClaw-Team1/ros2_ws/install/px4_msgs' for CMake config files
[3.132s] Level 1:colcon.colcon_core.shell:create_environment_hook('px4_msgs', 'cmake_prefix_path')
[3.133s] INFO:colcon.colcon_core.shell:Creating environment hook '/home/rschnurr/SkyClaw-Team1/ros2_ws/install/px4_msgs/share/px4_msgs/hook/cmake_prefix_path.ps1'
[3.134s] INFO:colcon.colcon_core.shell:Creating environment descriptor '/home/rschnurr/SkyClaw-Team1/ros2_ws/install/px4_msgs/share/px4_msgs/hook/cmake_prefix_path.dsv'
[3.135s] INFO:colcon.colcon_core.shell:Creating environment hook '/home/rschnurr/SkyClaw-Team1/ros2_ws/install/px4_msgs/share/px4_msgs/hook/cmake_prefix_path.sh'
[3.136s] Level 1:colcon.colcon_core.environment:checking '/home/rschnurr/SkyClaw-Team1/ros2_ws/install/px4_msgs/lib'
[3.136s] Level 1:colcon.colcon_core.shell:create_environment_hook('px4_msgs', 'ld_library_path_lib')
[3.137s] INFO:colcon.colcon_core.shell:Creating environment hook '/home/rschnurr/SkyClaw-Team1/ros2_ws/install/px4_msgs/share/px4_msgs/hook/ld_library_path_lib.ps1'
[3.138s] INFO:colcon.colcon_core.shell:Creating environment descriptor '/home/rschnurr/SkyClaw-Team1/ros2_ws/install/px4_msgs/share/px4_msgs/hook/ld_library_path_lib.dsv'
[3.138s] INFO:colcon.colcon_core.shell:Creating environment hook '/home/rschnurr/SkyClaw-Team1/ros2_ws/install/px4_msgs/share/px4_msgs/hook/ld_library_path_lib.sh'
[3.139s] Level 1:colcon.colcon_core.environment:checking '/home/rschnurr/SkyClaw-Team1/ros2_ws/install/px4_msgs/bin'
[3.139s] Level 1:colcon.colcon_core.environment:checking '/home/rschnurr/SkyClaw-Team1/ros2_ws/install/px4_msgs/lib/pkgconfig/px4_msgs.pc'
[3.139s] Level 1:colcon.colcon_core.environment:checking '/home/rschnurr/SkyClaw-Team1/ros2_ws/install/px4_msgs/lib/python3.10/site-packages'
[3.140s] Level 1:colcon.colcon_core.environment:checking '/home/rschnurr/SkyClaw-Team1/ros2_ws/install/px4_msgs/bin'
[3.140s] INFO:colcon.colcon_core.shell:Creating package script '/home/rschnurr/SkyClaw-Team1/ros2_ws/install/px4_msgs/share/px4_msgs/package.ps1'
[3.141s] INFO:colcon.colcon_core.shell:Creating package descriptor '/home/rschnurr/SkyClaw-Team1/ros2_ws/install/px4_msgs/share/px4_msgs/package.dsv'
[3.142s] INFO:colcon.colcon_core.shell:Creating package script '/home/rschnurr/SkyClaw-Team1/ros2_ws/install/px4_msgs/share/px4_msgs/package.sh'
[3.142s] INFO:colcon.colcon_core.shell:Creating package script '/home/rschnurr/SkyClaw-Team1/ros2_ws/install/px4_msgs/share/px4_msgs/package.bash'
[3.143s] INFO:colcon.colcon_core.shell:Creating package script '/home/rschnurr/SkyClaw-Team1/ros2_ws/install/px4_msgs/share/px4_msgs/package.zsh'
[3.144s] Level 1:colcon.colcon_core.environment:create_file_with_runtime_dependencies(/home/rschnurr/SkyClaw-Team1/ros2_ws/install/px4_msgs/share/colcon-core/packages/px4_msgs)
[3.145s] INFO:colcon.colcon_ros.task.ament_python.build:Building ROS package in '/home/rschnurr/SkyClaw-Team1/ros2_ws/src/go_green' with build type 'ament_python'
[3.146s] Level 1:colcon.colcon_core.shell:create_environment_hook('go_green', 'ament_prefix_path')
[3.146s] INFO:colcon.colcon_core.shell:Creating environment hook '/home/rschnurr/SkyClaw-Team1/ros2_ws/install/go_green/share/go_green/hook/ament_prefix_path.ps1'
[3.150s] INFO:colcon.colcon_core.shell:Creating environment descriptor '/home/rschnurr/SkyClaw-Team1/ros2_ws/install/go_green/share/go_green/hook/ament_prefix_path.dsv'
[3.150s] INFO:colcon.colcon_core.shell:Creating environment hook '/home/rschnurr/SkyClaw-Team1/ros2_ws/install/go_green/share/go_green/hook/ament_prefix_path.sh'
[3.153s] INFO:colcon.colcon_core.shell:Skip shell extension 'powershell' for command environment: Not usable outside of PowerShell
[3.154s] DEBUG:colcon.colcon_core.shell:Skip shell extension 'dsv' for command environment
[3.160s] INFO:colcon.colcon_ros.task.ament_cmake.build:Building ROS package in '/home/rschnurr/SkyClaw-Team1/ros2_ws/src/px4_ros_com' with build type 'ament_cmake'
[3.160s] INFO:colcon.colcon_cmake.task.cmake.build:Building CMake package in '/home/rschnurr/SkyClaw-Team1/ros2_ws/src/px4_ros_com'
[3.161s] INFO:colcon.colcon_core.shell:Skip shell extension 'powershell' for command environment: Not usable outside of PowerShell
[3.161s] DEBUG:colcon.colcon_core.shell:Skip shell extension 'dsv' for command environment
[3.810s] INFO:colcon.colcon_core.task.python.build:Building Python package in '/home/rschnurr/SkyClaw-Team1/ros2_ws/src/go_green'
[3.811s] INFO:colcon.colcon_core.shell:Skip shell extension 'powershell' for command environment: Not usable outside of PowerShell
[3.811s] DEBUG:colcon.colcon_core.shell:Skip shell extension 'dsv' for command environment
[3.834s] DEBUG:colcon.colcon_core.event_handler.log_command:Invoking command in '/home/rschnurr/SkyClaw-Team1/ros2_ws/build/px4_ros_com': CMAKE_PREFIX_PATH=/home/rschnurr/SkyClaw-Team1/ros2_ws/install/px4_msgs:/home/rschnurr/SkyClaw-Team1/ros2_ws/install/px4_ros_com:/home/rschnurr/SkyClaw-Team1/ros2_ws/install/go_green:/opt/ros/humble LD_LIBRARY_PATH=/home/rschnurr/SkyClaw-Team1/ros2_ws/install/px4_msgs/lib:/home/rschnurr/SkyClaw-Team1/ros2_ws/install/px4_ros_com/lib:/usr/lib/x86_64-linux-gnu/gazebo-11/plugins:/opt/ros/humble/opt/rviz_ogre_vendor/lib:/opt/ros/humble/lib/x86_64-linux-gnu:/opt/ros/humble/lib /usr/bin/cmake --build /home/rschnurr/SkyClaw-Team1/ros2_ws/build/px4_ros_com -- -j16 -l16
[4.709s] DEBUG:colcon.colcon_core.event_handler.log_command:Invoked command in '/home/rschnurr/SkyClaw-Team1/ros2_ws/build/px4_ros_com' returned '0': CMAKE_PREFIX_PATH=/home/rschnurr/SkyClaw-Team1/ros2_ws/install/px4_msgs:/home/rschnurr/SkyClaw-Team1/ros2_ws/install/px4_ros_com:/home/rschnurr/SkyClaw-Team1/ros2_ws/install/go_green:/opt/ros/humble LD_LIBRARY_PATH=/home/rschnurr/SkyClaw-Team1/ros2_ws/install/px4_msgs/lib:/home/rschnurr/SkyClaw-Team1/ros2_ws/install/px4_ros_com/lib:/usr/lib/x86_64-linux-gnu/gazebo-11/plugins:/opt/ros/humble/opt/rviz_ogre_vendor/lib:/opt/ros/humble/lib/x86_64-linux-gnu:/opt/ros/humble/lib /usr/bin/cmake --build /home/rschnurr/SkyClaw-Team1/ros2_ws/build/px4_ros_com -- -j16 -l16
[4.715s] DEBUG:colcon.colcon_core.event_handler.log_command:Invoking command in '/home/rschnurr/SkyClaw-Team1/ros2_ws/build/px4_ros_com': CMAKE_PREFIX_PATH=/home/rschnurr/SkyClaw-Team1/ros2_ws/install/px4_msgs:/home/rschnurr/SkyClaw-Team1/ros2_ws/install/px4_ros_com:/home/rschnurr/SkyClaw-Team1/ros2_ws/install/go_green:/opt/ros/humble LD_LIBRARY_PATH=/home/rschnurr/SkyClaw-Team1/ros2_ws/install/px4_msgs/lib:/home/rschnurr/SkyClaw-Team1/ros2_ws/install/px4_ros_com/lib:/usr/lib/x86_64-linux-gnu/gazebo-11/plugins:/opt/ros/humble/opt/rviz_ogre_vendor/lib:/opt/ros/humble/lib/x86_64-linux-gnu:/opt/ros/humble/lib /usr/bin/cmake --install /home/rschnurr/SkyClaw-Team1/ros2_ws/build/px4_ros_com
[4.835s] Level 1:colcon.colcon_core.environment:create_environment_scripts_only(px4_ros_com)
[4.836s] DEBUG:colcon.colcon_core.event_handler.log_command:Invoked command in '/home/rschnurr/SkyClaw-Team1/ros2_ws/build/px4_ros_com' returned '0': CMAKE_PREFIX_PATH=/home/rschnurr/SkyClaw-Team1/ros2_ws/install/px4_msgs:/home/rschnurr/SkyClaw-Team1/ros2_ws/install/px4_ros_com:/home/rschnurr/SkyClaw-Team1/ros2_ws/install/go_green:/opt/ros/humble LD_LIBRARY_PATH=/home/rschnurr/SkyClaw-Team1/ros2_ws/install/px4_msgs/lib:/home/rschnurr/SkyClaw-Team1/ros2_ws/install/px4_ros_com/lib:/usr/lib/x86_64-linux-gnu/gazebo-11/plugins:/opt/ros/humble/opt/rviz_ogre_vendor/lib:/opt/ros/humble/lib/x86_64-linux-gnu:/opt/ros/humble/lib /usr/bin/cmake --install /home/rschnurr/SkyClaw-Team1/ros2_ws/build/px4_ros_com
[4.837s] Level 1:colcon.colcon_core.environment:checking '/home/rschnurr/SkyClaw-Team1/ros2_ws/install/px4_ros_com' for CMake module files
[4.840s] Level 1:colcon.colcon_core.environment:checking '/home/rschnurr/SkyClaw-Team1/ros2_ws/install/px4_ros_com' for CMake config files
[4.841s] Level 1:colcon.colcon_core.shell:create_environment_hook('px4_ros_com', 'cmake_prefix_path')
[4.841s] INFO:colcon.colcon_core.shell:Creating environment hook '/home/rschnurr/SkyClaw-Team1/ros2_ws/install/px4_ros_com/share/px4_ros_com/hook/cmake_prefix_path.ps1'
[4.842s] INFO:colcon.colcon_core.shell:Creating environment descriptor '/home/rschnurr/SkyClaw-Team1/ros2_ws/install/px4_ros_com/share/px4_ros_com/hook/cmake_prefix_path.dsv'
[4.843s] INFO:colcon.colcon_core.shell:Creating environment hook '/home/rschnurr/SkyClaw-Team1/ros2_ws/install/px4_ros_com/share/px4_ros_com/hook/cmake_prefix_path.sh'
[4.843s] Level 1:colcon.colcon_core.environment:checking '/home/rschnurr/SkyClaw-Team1/ros2_ws/install/px4_ros_com/lib'
[4.844s] Level 1:colcon.colcon_core.shell:create_environment_hook('px4_ros_com', 'ld_library_path_lib')
[4.844s] INFO:colcon.colcon_core.shell:Creating environment hook '/home/rschnurr/SkyClaw-Team1/ros2_ws/install/px4_ros_com/share/px4_ros_com/hook/ld_library_path_lib.ps1'
[4.845s] INFO:colcon.colcon_core.shell:Creating environment descriptor '/home/rschnurr/SkyClaw-Team1/ros2_ws/install/px4_ros_com/share/px4_ros_com/hook/ld_library_path_lib.dsv'
[4.845s] INFO:colcon.colcon_core.shell:Creating environment hook '/home/rschnurr/SkyClaw-Team1/ros2_ws/install/px4_ros_com/share/px4_ros_com/hook/ld_library_path_lib.sh'
[4.846s] Level 1:colcon.colcon_core.environment:checking '/home/rschnurr/SkyClaw-Team1/ros2_ws/install/px4_ros_com/bin'
[4.846s] Level 1:colcon.colcon_core.environment:checking '/home/rschnurr/SkyClaw-Team1/ros2_ws/install/px4_ros_com/lib/pkgconfig/px4_ros_com.pc'
[4.847s] Level 1:colcon.colcon_core.environment:checking '/home/rschnurr/SkyClaw-Team1/ros2_ws/install/px4_ros_com/lib/python3.10/site-packages'
[4.847s] Level 1:colcon.colcon_core.environment:checking '/home/rschnurr/SkyClaw-Team1/ros2_ws/install/px4_ros_com/bin'
[4.849s] INFO:colcon.colcon_core.shell:Creating package script '/home/rschnurr/SkyClaw-Team1/ros2_ws/install/px4_ros_com/share/px4_ros_com/package.ps1'
[4.850s] INFO:colcon.colcon_core.shell:Creating package descriptor '/home/rschnurr/SkyClaw-Team1/ros2_ws/install/px4_ros_com/share/px4_ros_com/package.dsv'
[4.851s] INFO:colcon.colcon_core.shell:Creating package script '/home/rschnurr/SkyClaw-Team1/ros2_ws/install/px4_ros_com/share/px4_ros_com/package.sh'
[4.852s] INFO:colcon.colcon_core.shell:Creating package script '/home/rschnurr/SkyClaw-Team1/ros2_ws/install/px4_ros_com/share/px4_ros_com/package.bash'
[4.852s] INFO:colcon.colcon_core.shell:Creating package script '/home/rschnurr/SkyClaw-Team1/ros2_ws/install/px4_ros_com/share/px4_ros_com/package.zsh'
[4.853s] Level 1:colcon.colcon_core.environment:create_file_with_runtime_dependencies(/home/rschnurr/SkyClaw-Team1/ros2_ws/install/px4_ros_com/share/colcon-core/packages/px4_ros_com)
[4.854s] Level 1:colcon.colcon_core.environment:create_environment_scripts_only(px4_ros_com)
[4.854s] Level 1:colcon.colcon_core.environment:checking '/home/rschnurr/SkyClaw-Team1/ros2_ws/install/px4_ros_com' for CMake module files
[4.855s] Level 1:colcon.colcon_core.environment:checking '/home/rschnurr/SkyClaw-Team1/ros2_ws/install/px4_ros_com' for CMake config files
[4.855s] Level 1:colcon.colcon_core.shell:create_environment_hook('px4_ros_com', 'cmake_prefix_path')
[4.856s] INFO:colcon.colcon_core.shell:Creating environment hook '/home/rschnurr/SkyClaw-Team1/ros2_ws/install/px4_ros_com/share/px4_ros_com/hook/cmake_prefix_path.ps1'
[4.857s] INFO:colcon.colcon_core.shell:Creating environment descriptor '/home/rschnurr/SkyClaw-Team1/ros2_ws/install/px4_ros_com/share/px4_ros_com/hook/cmake_prefix_path.dsv'
[4.858s] INFO:colcon.colcon_core.shell:Creating environment hook '/home/rschnurr/SkyClaw-Team1/ros2_ws/install/px4_ros_com/share/px4_ros_com/hook/cmake_prefix_path.sh'
[4.859s] Level 1:colcon.colcon_core.environment:checking '/home/rschnurr/SkyClaw-Team1/ros2_ws/install/px4_ros_com/lib'
[4.859s] Level 1:colcon.colcon_core.shell:create_environment_hook('px4_ros_com', 'ld_library_path_lib')
[4.860s] INFO:colcon.colcon_core.shell:Creating environment hook '/home/rschnurr/SkyClaw-Team1/ros2_ws/install/px4_ros_com/share/px4_ros_com/hook/ld_library_path_lib.ps1'
[4.860s] INFO:colcon.colcon_core.shell:Creating environment descriptor '/home/rschnurr/SkyClaw-Team1/ros2_ws/install/px4_ros_com/share/px4_ros_com/hook/ld_library_path_lib.dsv'
[4.861s] INFO:colcon.colcon_core.shell:Creating environment hook '/home/rschnurr/SkyClaw-Team1/ros2_ws/install/px4_ros_com/share/px4_ros_com/hook/ld_library_path_lib.sh'
[4.862s] Level 1:colcon.colcon_core.environment:checking '/home/rschnurr/SkyClaw-Team1/ros2_ws/install/px4_ros_com/bin'
[4.862s] Level 1:colcon.colcon_core.environment:checking '/home/rschnurr/SkyClaw-Team1/ros2_ws/install/px4_ros_com/lib/pkgconfig/px4_ros_com.pc'
[4.862s] Level 1:colcon.colcon_core.environment:checking '/home/rschnurr/SkyClaw-Team1/ros2_ws/install/px4_ros_com/lib/python3.10/site-packages'
[4.863s] Level 1:colcon.colcon_core.environment:checking '/home/rschnurr/SkyClaw-Team1/ros2_ws/install/px4_ros_com/bin'
[4.863s] INFO:colcon.colcon_core.shell:Creating package script '/home/rschnurr/SkyClaw-Team1/ros2_ws/install/px4_ros_com/share/px4_ros_com/package.ps1'
[4.865s] INFO:colcon.colcon_core.shell:Creating package descriptor '/home/rschnurr/SkyClaw-Team1/ros2_ws/install/px4_ros_com/share/px4_ros_com/package.dsv'
[4.865s] INFO:colcon.colcon_core.shell:Creating package script '/home/rschnurr/SkyClaw-Team1/ros2_ws/install/px4_ros_com/share/px4_ros_com/package.sh'
[4.866s] INFO:colcon.colcon_core.shell:Creating package script '/home/rschnurr/SkyClaw-Team1/ros2_ws/install/px4_ros_com/share/px4_ros_com/package.bash'
[4.867s] INFO:colcon.colcon_core.shell:Creating package script '/home/rschnurr/SkyClaw-Team1/ros2_ws/install/px4_ros_com/share/px4_ros_com/package.zsh'
[4.868s] Level 1:colcon.colcon_core.environment:create_file_with_runtime_dependencies(/home/rschnurr/SkyClaw-Team1/ros2_ws/install/px4_ros_com/share/colcon-core/packages/px4_ros_com)
[4.902s] DEBUG:colcon.colcon_core.event_handler.log_command:Invoking command in '/home/rschnurr/SkyClaw-Team1/ros2_ws/src/go_green': CMAKE_PREFIX_PATH=/home/rschnurr/SkyClaw-Team1/ros2_ws/install/px4_msgs:/home/rschnurr/SkyClaw-Team1/ros2_ws/install/px4_ros_com LD_LIBRARY_PATH=/home/rschnurr/SkyClaw-Team1/ros2_ws/install/px4_msgs/lib:/home/rschnurr/SkyClaw-Team1/ros2_ws/install/px4_ros_com/lib:/usr/lib/x86_64-linux-gnu/gazebo-11/plugins:/opt/ros/humble/opt/rviz_ogre_vendor/lib:/opt/ros/humble/lib/x86_64-linux-gnu:/opt/ros/humble/lib PYTHONPATH=/home/rschnurr/SkyClaw-Team1/ros2_ws/build/go_green/prefix_override:/usr/lib/python3/dist-packages/colcon_core/task/python/colcon_distutils_commands:/home/rschnurr/SkyClaw-Team1/ros2_ws/install/go_green/lib/python3.10/site-packages:${PYTHONPATH} /usr/bin/python3 -W ignore:setup.py install is deprecated -W ignore:easy_install command is deprecated setup.py egg_info --egg-base ../../build/go_green build --build-base /home/rschnurr/SkyClaw-Team1/ros2_ws/build/go_green/build install --record /home/rschnurr/SkyClaw-Team1/ros2_ws/build/go_green/install.log --single-version-externally-managed install_data
[5.790s] Level 1:colcon.colcon_core.environment:checking '/home/rschnurr/SkyClaw-Team1/ros2_ws/install/go_green' for CMake module files
[5.793s] DEBUG:colcon.colcon_core.event_handler.log_command:Invoked command in '/home/rschnurr/SkyClaw-Team1/ros2_ws/src/go_green' returned '0': CMAKE_PREFIX_PATH=/home/rschnurr/SkyClaw-Team1/ros2_ws/install/px4_msgs:/home/rschnurr/SkyClaw-Team1/ros2_ws/install/px4_ros_com LD_LIBRARY_PATH=/home/rschnurr/SkyClaw-Team1/ros2_ws/install/px4_msgs/lib:/home/rschnurr/SkyClaw-Team1/ros2_ws/install/px4_ros_com/lib:/usr/lib/x86_64-linux-gnu/gazebo-11/plugins:/opt/ros/humble/opt/rviz_ogre_vendor/lib:/opt/ros/humble/lib/x86_64-linux-gnu:/opt/ros/humble/lib PYTHONPATH=/home/rschnurr/SkyClaw-Team1/ros2_ws/build/go_green/prefix_override:/usr/lib/python3/dist-packages/colcon_core/task/python/colcon_distutils_commands:/home/rschnurr/SkyClaw-Team1/ros2_ws/install/go_green/lib/python3.10/site-packages:${PYTHONPATH} /usr/bin/python3 -W ignore:setup.py install is deprecated -W ignore:easy_install command is deprecated setup.py egg_info --egg-base ../../build/go_green build --build-base /home/rschnurr/SkyClaw-Team1/ros2_ws/build/go_green/build install --record /home/rschnurr/SkyClaw-Team1/ros2_ws/build/go_green/install.log --single-version-externally-managed install_data
[5.795s] Level 1:colcon.colcon_core.environment:checking '/home/rschnurr/SkyClaw-Team1/ros2_ws/install/go_green' for CMake config files
[5.798s] Level 1:colcon.colcon_core.environment:checking '/home/rschnurr/SkyClaw-Team1/ros2_ws/install/go_green/lib'
[5.798s] Level 1:colcon.colcon_core.environment:checking '/home/rschnurr/SkyClaw-Team1/ros2_ws/install/go_green/bin'
[5.799s] Level 1:colcon.colcon_core.environment:checking '/home/rschnurr/SkyClaw-Team1/ros2_ws/install/go_green/lib/pkgconfig/go_green.pc'
[5.800s] Level 1:colcon.colcon_core.environment:checking '/home/rschnurr/SkyClaw-Team1/ros2_ws/install/go_green/lib/python3.10/site-packages'
[5.800s] Level 1:colcon.colcon_core.shell:create_environment_hook('go_green', 'pythonpath')
[5.801s] INFO:colcon.colcon_core.shell:Creating environment hook '/home/rschnurr/SkyClaw-Team1/ros2_ws/install/go_green/share/go_green/hook/pythonpath.ps1'
[5.803s] INFO:colcon.colcon_core.shell:Creating environment descriptor '/home/rschnurr/SkyClaw-Team1/ros2_ws/install/go_green/share/go_green/hook/pythonpath.dsv'
[5.804s] INFO:colcon.colcon_core.shell:Creating environment hook '/home/rschnurr/SkyClaw-Team1/ros2_ws/install/go_green/share/go_green/hook/pythonpath.sh'
[5.808s] Level 1:colcon.colcon_core.environment:checking '/home/rschnurr/SkyClaw-Team1/ros2_ws/install/go_green/bin'
[5.808s] Level 1:colcon.colcon_core.environment:create_environment_scripts_only(go_green)
[5.809s] INFO:colcon.colcon_core.shell:Creating package script '/home/rschnurr/SkyClaw-Team1/ros2_ws/install/go_green/share/go_green/package.ps1'
[5.811s] INFO:colcon.colcon_core.shell:Creating package descriptor '/home/rschnurr/SkyClaw-Team1/ros2_ws/install/go_green/share/go_green/package.dsv'
[5.813s] INFO:colcon.colcon_core.shell:Creating package script '/home/rschnurr/SkyClaw-Team1/ros2_ws/install/go_green/share/go_green/package.sh'
[5.814s] INFO:colcon.colcon_core.shell:Creating package script '/home/rschnurr/SkyClaw-Team1/ros2_ws/install/go_green/share/go_green/package.bash'
[5.815s] INFO:colcon.colcon_core.shell:Creating package script '/home/rschnurr/SkyClaw-Team1/ros2_ws/install/go_green/share/go_green/package.zsh'
[5.816s] Level 1:colcon.colcon_core.environment:create_file_with_runtime_dependencies(/home/rschnurr/SkyClaw-Team1/ros2_ws/install/go_green/share/colcon-core/packages/go_green)
[5.817s] DEBUG:colcon.colcon_parallel_executor.executor.parallel:closing loop
[5.819s] DEBUG:colcon.colcon_parallel_executor.executor.parallel:loop closed
[5.819s] DEBUG:colcon.colcon_parallel_executor.executor.parallel:run_until_complete finished with '0'
[5.819s] DEBUG:colcon.colcon_core.event_reactor:joining thread
[5.897s] INFO:colcon.colcon_core.plugin_system:Skipping extension 'colcon_notification.desktop_notification.notify_send': Could not find 'notify-send'
[5.898s] INFO:colcon.colcon_core.plugin_system:Skipping extension 'colcon_notification.desktop_notification.terminal_notifier': Not used on non-Darwin systems
[5.898s] INFO:colcon.colcon_core.plugin_system:Skipping extension 'colcon_notification.desktop_notification.win32': Not used on non-Windows systems
[5.898s] INFO:colcon.colcon_notification.desktop_notification:Sending desktop notification using 'notify2'
[5.898s] DEBUG:colcon.colcon_notification.desktop_notification.notify2:Failed to initialize notify2: org.freedesktop.DBus.Error.FileNotFound: Failed to connect to socket /run/user/1000/bus: No such file or directory
[5.899s] DEBUG:colcon.colcon_core.event_reactor:joined thread
[5.900s] INFO:colcon.colcon_core.shell:Creating prefix script '/home/rschnurr/SkyClaw-Team1/ros2_ws/install/local_setup.ps1'
[5.902s] INFO:colcon.colcon_core.shell:Creating prefix util module '/home/rschnurr/SkyClaw-Team1/ros2_ws/install/_local_setup_util_ps1.py'
[5.906s] INFO:colcon.colcon_core.shell:Creating prefix chain script '/home/rschnurr/SkyClaw-Team1/ros2_ws/install/setup.ps1'
[5.908s] INFO:colcon.colcon_core.shell:Creating prefix script '/home/rschnurr/SkyClaw-Team1/ros2_ws/install/local_setup.sh'
[5.910s] INFO:colcon.colcon_core.shell:Creating prefix util module '/home/rschnurr/SkyClaw-Team1/ros2_ws/install/_local_setup_util_sh.py'
[5.913s] INFO:colcon.colcon_core.shell:Creating prefix chain script '/home/rschnurr/SkyClaw-Team1/ros2_ws/install/setup.sh'
[5.917s] INFO:colcon.colcon_core.shell:Creating prefix script '/home/rschnurr/SkyClaw-Team1/ros2_ws/install/local_setup.bash'
[5.919s] INFO:colcon.colcon_core.shell:Creating prefix chain script '/home/rschnurr/SkyClaw-Team1/ros2_ws/install/setup.bash'
[5.923s] INFO:colcon.colcon_core.shell:Creating prefix script '/home/rschnurr/SkyClaw-Team1/ros2_ws/install/local_setup.zsh'
[5.924s] INFO:colcon.colcon_core.shell:Creating prefix chain script '/home/rschnurr/SkyClaw-Team1/ros2_ws/install/setup.zsh'
