[0.397s] DEBUG:colcon:Command line arguments: ['/usr/bin/colcon', 'build']
[0.397s] DEBUG:colcon:Parsed command line arguments: Namespace(log_base=None, log_level=None, verb_name='build', build_base='build', install_base='install', merge_install=False, symlink_install=False, test_result_base=None, continue_on_error=False, executor='parallel', parallel_workers=16, event_handlers=None, ignore_user_meta=False, metas=['./colcon.meta'], base_paths=['.'], packages_ignore=None, packages_ignore_regex=None, paths=None, packages_up_to=None, packages_up_to_regex=None, packages_above=None, packages_above_and_dependencies=None, packages_above_depth=None, packages_select_by_dep=None, packages_skip_by_dep=None, packages_skip_up_to=None, packages_select_build_failed=False, packages_skip_build_finished=False, packages_select_test_failures=False, packages_skip_test_passed=False, packages_select=None, packages_skip=None, packages_select_regex=None, packages_skip_regex=None, packages_start=None, packages_end=None, allow_overriding=[], cmake_args=None, cmake_target=None, cmake_target_skip_unavailable=False, cmake_clean_cache=False, cmake_clean_first=False, cmake_force_configure=False, ament_cmake_args=None, catkin_cmake_args=None, catkin_skip_building_tests=False, mixin_files=None, mixin=None, verb_parser=<colcon_mixin.mixin.mixin_argument.MixinArgumentDecorator object at 0x7312f8b730a0>, verb_extension=<colcon_core.verb.build.BuildVerb object at 0x7312f8b72b60>, main=<bound method BuildVerb.main of <colcon_core.verb.build.BuildVerb object at 0x7312f8b72b60>>, mixin_verb=('build',))
[0.480s] Level 1:colcon.colcon_core.package_discovery:discover_packages(colcon_meta) check parameters
[0.480s] Level 1:colcon.colcon_core.package_discovery:discover_packages(recursive) check parameters
[0.480s] Level 1:colcon.colcon_core.package_discovery:discover_packages(ignore) check parameters
[0.481s] Level 1:colcon.colcon_core.package_discovery:discover_packages(path) check parameters
[0.481s] Level 1:colcon.colcon_core.package_discovery:discover_packages(colcon_meta) discover
[0.481s] Level 1:colcon.colcon_core.package_discovery:discover_packages(recursive) discover
[0.481s] INFO:colcon.colcon_core.package_discovery:Crawling recursively for packages in '/home/rschnurr/SkyClaw-Team1/ros2_ws'
[0.481s] Level 1:colcon.colcon_core.package_identification:_identify(.) by extensions ['ignore', 'ignore_ament_install']
[0.482s] Level 1:colcon.colcon_core.package_identification:_identify(.) by extension 'ignore'
[0.482s] Level 1:colcon.colcon_core.package_identification:_identify(.) by extension 'ignore_ament_install'
[0.482s] Level 1:colcon.colcon_core.package_identification:_identify(.) by extensions ['colcon_pkg']
[0.483s] Level 1:colcon.colcon_core.package_identification:_identify(.) by extension 'colcon_pkg'
[0.483s] Level 1:colcon.colcon_core.package_identification:_identify(.) by extensions ['colcon_meta']
[0.483s] Level 1:colcon.colcon_core.package_identification:_identify(.) by extension 'colcon_meta'
[0.483s] Level 1:colcon.colcon_core.package_identification:_identify(.) by extensions ['ros']
[0.483s] Level 1:colcon.colcon_core.package_identification:_identify(.) by extension 'ros'
[0.552s] Level 1:colcon.colcon_core.package_identification:_identify(.) by extensions ['cmake', 'python']
[0.552s] Level 1:colcon.colcon_core.package_identification:_identify(.) by extension 'cmake'
[0.553s] Level 1:colcon.colcon_core.package_identification:_identify(.) by extension 'python'
[0.553s] Level 1:colcon.colcon_core.package_identification:_identify(.) by extensions ['python_setup_py']
[0.553s] Level 1:colcon.colcon_core.package_identification:_identify(.) by extension 'python_setup_py'
[0.553s] Level 1:colcon.colcon_core.package_identification:_identify(build) by extensions ['ignore', 'ignore_ament_install']
[0.553s] Level 1:colcon.colcon_core.package_identification:_identify(build) by extension 'ignore'
[0.554s] Level 1:colcon.colcon_core.package_identification:_identify(build) ignored
[0.554s] Level 1:colcon.colcon_core.package_identification:_identify(install) by extensions ['ignore', 'ignore_ament_install']
[0.554s] Level 1:colcon.colcon_core.package_identification:_identify(install) by extension 'ignore'
[0.555s] Level 1:colcon.colcon_core.package_identification:_identify(install) ignored
[0.555s] Level 1:colcon.colcon_core.package_identification:_identify(log) by extensions ['ignore', 'ignore_ament_install']
[0.555s] Level 1:colcon.colcon_core.package_identification:_identify(log) by extension 'ignore'
[0.556s] Level 1:colcon.colcon_core.package_identification:_identify(log) ignored
[0.556s] Level 1:colcon.colcon_core.package_identification:_identify(src) by extensions ['ignore', 'ignore_ament_install']
[0.557s] Level 1:colcon.colcon_core.package_identification:_identify(src) by extension 'ignore'
[0.557s] Level 1:colcon.colcon_core.package_identification:_identify(src) by extension 'ignore_ament_install'
[0.557s] Level 1:colcon.colcon_core.package_identification:_identify(src) by extensions ['colcon_pkg']
[0.558s] Level 1:colcon.colcon_core.package_identification:_identify(src) by extension 'colcon_pkg'
[0.558s] Level 1:colcon.colcon_core.package_identification:_identify(src) by extensions ['colcon_meta']
[0.558s] Level 1:colcon.colcon_core.package_identification:_identify(src) by extension 'colcon_meta'
[0.558s] Level 1:colcon.colcon_core.package_identification:_identify(src) by extensions ['ros']
[0.558s] Level 1:colcon.colcon_core.package_identification:_identify(src) by extension 'ros'
[0.558s] Level 1:colcon.colcon_core.package_identification:_identify(src) by extensions ['cmake', 'python']
[0.558s] Level 1:colcon.colcon_core.package_identification:_identify(src) by extension 'cmake'
[0.558s] Level 1:colcon.colcon_core.package_identification:_identify(src) by extension 'python'
[0.559s] Level 1:colcon.colcon_core.package_identification:_identify(src) by extensions ['python_setup_py']
[0.559s] Level 1:colcon.colcon_core.package_identification:_identify(src) by extension 'python_setup_py'
[0.559s] Level 1:colcon.colcon_core.package_identification:_identify(src/build) by extensions ['ignore', 'ignore_ament_install']
[0.559s] Level 1:colcon.colcon_core.package_identification:_identify(src/build) by extension 'ignore'
[0.559s] Level 1:colcon.colcon_core.package_identification:_identify(src/build) ignored
[0.559s] Level 1:colcon.colcon_core.package_identification:_identify(src/go_green) by extensions ['ignore', 'ignore_ament_install']
[0.559s] Level 1:colcon.colcon_core.package_identification:_identify(src/go_green) by extension 'ignore'
[0.559s] Level 1:colcon.colcon_core.package_identification:_identify(src/go_green) by extension 'ignore_ament_install'
[0.559s] Level 1:colcon.colcon_core.package_identification:_identify(src/go_green) by extensions ['colcon_pkg']
[0.559s] Level 1:colcon.colcon_core.package_identification:_identify(src/go_green) by extension 'colcon_pkg'
[0.559s] Level 1:colcon.colcon_core.package_identification:_identify(src/go_green) by extensions ['colcon_meta']
[0.559s] Level 1:colcon.colcon_core.package_identification:_identify(src/go_green) by extension 'colcon_meta'
[0.559s] Level 1:colcon.colcon_core.package_identification:_identify(src/go_green) by extensions ['ros']
[0.559s] Level 1:colcon.colcon_core.package_identification:_identify(src/go_green) by extension 'ros'
[0.565s] DEBUG:colcon.colcon_core.package_identification:Package 'src/go_green' with type 'ros.ament_python' and name 'go_green'
[0.565s] Level 1:colcon.colcon_core.package_identification:_identify(src/install) by extensions ['ignore', 'ignore_ament_install']
[0.566s] Level 1:colcon.colcon_core.package_identification:_identify(src/install) by extension 'ignore'
[0.566s] Level 1:colcon.colcon_core.package_identification:_identify(src/install) ignored
[0.566s] Level 1:colcon.colcon_core.package_identification:_identify(src/log) by extensions ['ignore', 'ignore_ament_install']
[0.566s] Level 1:colcon.colcon_core.package_identification:_identify(src/log) by extension 'ignore'
[0.566s] Level 1:colcon.colcon_core.package_identification:_identify(src/log) ignored
[0.566s] Level 1:colcon.colcon_core.package_identification:_identify(src/px4_msgs) by extensions ['ignore', 'ignore_ament_install']
[0.566s] Level 1:colcon.colcon_core.package_identification:_identify(src/px4_msgs) by extension 'ignore'
[0.566s] Level 1:colcon.colcon_core.package_identification:_identify(src/px4_msgs) by extension 'ignore_ament_install'
[0.567s] Level 1:colcon.colcon_core.package_identification:_identify(src/px4_msgs) by extensions ['colcon_pkg']
[0.567s] Level 1:colcon.colcon_core.package_identification:_identify(src/px4_msgs) by extension 'colcon_pkg'
[0.567s] Level 1:colcon.colcon_core.package_identification:_identify(src/px4_msgs) by extensions ['colcon_meta']
[0.567s] Level 1:colcon.colcon_core.package_identification:_identify(src/px4_msgs) by extension 'colcon_meta'
[0.567s] Level 1:colcon.colcon_core.package_identification:_identify(src/px4_msgs) by extensions ['ros']
[0.567s] Level 1:colcon.colcon_core.package_identification:_identify(src/px4_msgs) by extension 'ros'
[0.568s] DEBUG:colcon.colcon_core.package_identification:Package 'src/px4_msgs' with type 'ros.ament_cmake' and name 'px4_msgs'
[0.568s] Level 1:colcon.colcon_core.package_identification:_identify(src/px4_ros_com) by extensions ['ignore', 'ignore_ament_install']
[0.568s] Level 1:colcon.colcon_core.package_identification:_identify(src/px4_ros_com) by extension 'ignore'
[0.568s] Level 1:colcon.colcon_core.package_identification:_identify(src/px4_ros_com) by extension 'ignore_ament_install'
[0.568s] Level 1:colcon.colcon_core.package_identification:_identify(src/px4_ros_com) by extensions ['colcon_pkg']
[0.568s] Level 1:colcon.colcon_core.package_identification:_identify(src/px4_ros_com) by extension 'colcon_pkg'
[0.569s] Level 1:colcon.colcon_core.package_identification:_identify(src/px4_ros_com) by extensions ['colcon_meta']
[0.569s] Level 1:colcon.colcon_core.package_identification:_identify(src/px4_ros_com) by extension 'colcon_meta'
[0.569s] Level 1:colcon.colcon_core.package_identification:_identify(src/px4_ros_com) by extensions ['ros']
[0.569s] Level 1:colcon.colcon_core.package_identification:_identify(src/px4_ros_com) by extension 'ros'
[0.572s] DEBUG:colcon.colcon_core.package_identification:Package 'src/px4_ros_com' with type 'ros.ament_cmake' and name 'px4_ros_com'
[0.572s] Level 1:colcon.colcon_core.package_discovery:discover_packages(recursive) using defaults
[0.573s] Level 1:colcon.colcon_core.package_discovery:discover_packages(ignore) discover
[0.573s] Level 1:colcon.colcon_core.package_discovery:discover_packages(ignore) using defaults
[0.573s] Level 1:colcon.colcon_core.package_discovery:discover_packages(path) discover
[0.573s] Level 1:colcon.colcon_core.package_discovery:discover_packages(path) using defaults
[0.623s] Level 1:colcon.colcon_core.package_discovery:discover_packages(prefix_path) check parameters
[0.624s] Level 1:colcon.colcon_core.package_discovery:discover_packages(prefix_path) discover
[0.631s] DEBUG:colcon.colcon_installed_package_information.package_discovery:Found 278 installed packages in /opt/ros/humble
[0.636s] Level 1:colcon.colcon_core.package_discovery:discover_packages(prefix_path) using defaults
[0.693s] Level 5:colcon.colcon_core.verb:set package 'px4_msgs' build argument 'cmake_args' from command line to 'None'
[0.693s] Level 5:colcon.colcon_core.verb:set package 'px4_msgs' build argument 'cmake_target' from command line to 'None'
[0.693s] Level 5:colcon.colcon_core.verb:set package 'px4_msgs' build argument 'cmake_target_skip_unavailable' from command line to 'False'
[0.693s] Level 5:colcon.colcon_core.verb:set package 'px4_msgs' build argument 'cmake_clean_cache' from command line to 'False'
[0.693s] Level 5:colcon.colcon_core.verb:set package 'px4_msgs' build argument 'cmake_clean_first' from command line to 'False'
[0.694s] Level 5:colcon.colcon_core.verb:set package 'px4_msgs' build argument 'cmake_force_configure' from command line to 'False'
[0.694s] Level 5:colcon.colcon_core.verb:set package 'px4_msgs' build argument 'ament_cmake_args' from command line to 'None'
[0.694s] Level 5:colcon.colcon_core.verb:set package 'px4_msgs' build argument 'catkin_cmake_args' from command line to 'None'
[0.694s] Level 5:colcon.colcon_core.verb:set package 'px4_msgs' build argument 'catkin_skip_building_tests' from command line to 'False'
[0.694s] DEBUG:colcon.colcon_core.verb:Building package 'px4_msgs' with the following arguments: {'ament_cmake_args': None, 'build_base': '/home/rschnurr/SkyClaw-Team1/ros2_ws/build/px4_msgs', 'catkin_cmake_args': None, 'catkin_skip_building_tests': False, 'cmake_args': None, 'cmake_clean_cache': False, 'cmake_clean_first': False, 'cmake_force_configure': False, 'cmake_target': None, 'cmake_target_skip_unavailable': False, 'install_base': '/home/rschnurr/SkyClaw-Team1/ros2_ws/install/px4_msgs', 'merge_install': False, 'path': '/home/rschnurr/SkyClaw-Team1/ros2_ws/src/px4_msgs', 'symlink_install': False, 'test_result_base': None}
[0.695s] Level 5:colcon.colcon_core.verb:set package 'go_green' build argument 'cmake_args' from command line to 'None'
[0.695s] Level 5:colcon.colcon_core.verb:set package 'go_green' build argument 'cmake_target' from command line to 'None'
[0.696s] Level 5:colcon.colcon_core.verb:set package 'go_green' build argument 'cmake_target_skip_unavailable' from command line to 'False'
[0.696s] Level 5:colcon.colcon_core.verb:set package 'go_green' build argument 'cmake_clean_cache' from command line to 'False'
[0.696s] Level 5:colcon.colcon_core.verb:set package 'go_green' build argument 'cmake_clean_first' from command line to 'False'
[0.696s] Level 5:colcon.colcon_core.verb:set package 'go_green' build argument 'cmake_force_configure' from command line to 'False'
[0.696s] Level 5:colcon.colcon_core.verb:set package 'go_green' build argument 'ament_cmake_args' from command line to 'None'
[0.696s] Level 5:colcon.colcon_core.verb:set package 'go_green' build argument 'catkin_cmake_args' from command line to 'None'
[0.696s] Level 5:colcon.colcon_core.verb:set package 'go_green' build argument 'catkin_skip_building_tests' from command line to 'False'
[0.696s] DEBUG:colcon.colcon_core.verb:Building package 'go_green' with the following arguments: {'ament_cmake_args': None, 'build_base': '/home/rschnurr/SkyClaw-Team1/ros2_ws/build/go_green', 'catkin_cmake_args': None, 'catkin_skip_building_tests': False, 'cmake_args': None, 'cmake_clean_cache': False, 'cmake_clean_first': False, 'cmake_force_configure': False, 'cmake_target': None, 'cmake_target_skip_unavailable': False, 'install_base': '/home/rschnurr/SkyClaw-Team1/ros2_ws/install/go_green', 'merge_install': False, 'path': '/home/rschnurr/SkyClaw-Team1/ros2_ws/src/go_green', 'symlink_install': False, 'test_result_base': None}
[0.697s] Level 5:colcon.colcon_core.verb:set package 'px4_ros_com' build argument 'cmake_args' from command line to 'None'
[0.697s] Level 5:colcon.colcon_core.verb:set package 'px4_ros_com' build argument 'cmake_target' from command line to 'None'
[0.697s] Level 5:colcon.colcon_core.verb:set package 'px4_ros_com' build argument 'cmake_target_skip_unavailable' from command line to 'False'
[0.697s] Level 5:colcon.colcon_core.verb:set package 'px4_ros_com' build argument 'cmake_clean_cache' from command line to 'False'
[0.697s] Level 5:colcon.colcon_core.verb:set package 'px4_ros_com' build argument 'cmake_clean_first' from command line to 'False'
[0.697s] Level 5:colcon.colcon_core.verb:set package 'px4_ros_com' build argument 'cmake_force_configure' from command line to 'False'
[0.697s] Level 5:colcon.colcon_core.verb:set package 'px4_ros_com' build argument 'ament_cmake_args' from command line to 'None'
[0.697s] Level 5:colcon.colcon_core.verb:set package 'px4_ros_com' build argument 'catkin_cmake_args' from command line to 'None'
[0.698s] Level 5:colcon.colcon_core.verb:set package 'px4_ros_com' build argument 'catkin_skip_building_tests' from command line to 'False'
[0.698s] DEBUG:colcon.colcon_core.verb:Building package 'px4_ros_com' with the following arguments: {'ament_cmake_args': None, 'build_base': '/home/rschnurr/SkyClaw-Team1/ros2_ws/build/px4_ros_com', 'catkin_cmake_args': None, 'catkin_skip_building_tests': False, 'cmake_args': None, 'cmake_clean_cache': False, 'cmake_clean_first': False, 'cmake_force_configure': False, 'cmake_target': None, 'cmake_target_skip_unavailable': False, 'install_base': '/home/rschnurr/SkyClaw-Team1/ros2_ws/install/px4_ros_com', 'merge_install': False, 'path': '/home/rschnurr/SkyClaw-Team1/ros2_ws/src/px4_ros_com', 'symlink_install': False, 'test_result_base': None}
[0.698s] INFO:colcon.colcon_core.executor:Executing jobs using 'parallel' executor
[0.700s] DEBUG:colcon.colcon_parallel_executor.executor.parallel:run_until_complete
[0.701s] INFO:colcon.colcon_ros.task.ament_cmake.build:Building ROS package in '/home/rschnurr/SkyClaw-Team1/ros2_ws/src/px4_msgs' with build type 'ament_cmake'
[0.701s] INFO:colcon.colcon_cmake.task.cmake.build:Building CMake package in '/home/rschnurr/SkyClaw-Team1/ros2_ws/src/px4_msgs'
[0.705s] INFO:colcon.colcon_core.plugin_system:Skipping extension 'colcon_core.shell.bat': Not used on non-Windows systems
[0.706s] INFO:colcon.colcon_core.shell:Skip shell extension 'powershell' for command environment: Not usable outside of PowerShell
[0.707s] DEBUG:colcon.colcon_core.shell:Skip shell extension 'dsv' for command environment
[0.729s] DEBUG:colcon.colcon_core.event_handler.log_command:Invoking command in '/home/rschnurr/SkyClaw-Team1/ros2_ws/build/px4_msgs': CMAKE_PREFIX_PATH=/opt/ros/humble /usr/bin/cmake --build /home/rschnurr/SkyClaw-Team1/ros2_ws/build/px4_msgs -- -j16 -l16
[2.564s] DEBUG:colcon.colcon_core.event_handler.log_command:Invoked command in '/home/rschnurr/SkyClaw-Team1/ros2_ws/build/px4_msgs' returned '0': CMAKE_PREFIX_PATH=/opt/ros/humble /usr/bin/cmake --build /home/rschnurr/SkyClaw-Team1/ros2_ws/build/px4_msgs -- -j16 -l16
[2.586s] DEBUG:colcon.colcon_core.event_handler.log_command:Invoking command in '/home/rschnurr/SkyClaw-Team1/ros2_ws/build/px4_msgs': CMAKE_PREFIX_PATH=/opt/ros/humble /usr/bin/cmake --install /home/rschnurr/SkyClaw-Team1/ros2_ws/build/px4_msgs
[3.479s] Level 1:colcon.colcon_core.environment:create_environment_scripts_only(px4_msgs)
[3.480s] DEBUG:colcon.colcon_core.event_handler.log_command:Invoked command in '/home/rschnurr/SkyClaw-Team1/ros2_ws/build/px4_msgs' returned '0': CMAKE_PREFIX_PATH=/opt/ros/humble /usr/bin/cmake --install /home/rschnurr/SkyClaw-Team1/ros2_ws/build/px4_msgs
[3.486s] Level 1:colcon.colcon_core.environment:checking '/home/rschnurr/SkyClaw-Team1/ros2_ws/install/px4_msgs' for CMake module files
[3.487s] Level 1:colcon.colcon_core.environment:checking '/home/rschnurr/SkyClaw-Team1/ros2_ws/install/px4_msgs' for CMake config files
[3.487s] Level 1:colcon.colcon_core.shell:create_environment_hook('px4_msgs', 'cmake_prefix_path')
[3.487s] INFO:colcon.colcon_core.shell:Creating environment hook '/home/rschnurr/SkyClaw-Team1/ros2_ws/install/px4_msgs/share/px4_msgs/hook/cmake_prefix_path.ps1'
[3.489s] INFO:colcon.colcon_core.shell:Creating environment descriptor '/home/rschnurr/SkyClaw-Team1/ros2_ws/install/px4_msgs/share/px4_msgs/hook/cmake_prefix_path.dsv'
[3.490s] INFO:colcon.colcon_core.shell:Creating environment hook '/home/rschnurr/SkyClaw-Team1/ros2_ws/install/px4_msgs/share/px4_msgs/hook/cmake_prefix_path.sh'
[3.492s] Level 1:colcon.colcon_core.environment:checking '/home/rschnurr/SkyClaw-Team1/ros2_ws/install/px4_msgs/lib'
[3.492s] Level 1:colcon.colcon_core.shell:create_environment_hook('px4_msgs', 'ld_library_path_lib')
[3.492s] INFO:colcon.colcon_core.shell:Creating environment hook '/home/rschnurr/SkyClaw-Team1/ros2_ws/install/px4_msgs/share/px4_msgs/hook/ld_library_path_lib.ps1'
[3.493s] INFO:colcon.colcon_core.shell:Creating environment descriptor '/home/rschnurr/SkyClaw-Team1/ros2_ws/install/px4_msgs/share/px4_msgs/hook/ld_library_path_lib.dsv'
[3.495s] INFO:colcon.colcon_core.shell:Creating environment hook '/home/rschnurr/SkyClaw-Team1/ros2_ws/install/px4_msgs/share/px4_msgs/hook/ld_library_path_lib.sh'
[3.496s] Level 1:colcon.colcon_core.environment:checking '/home/rschnurr/SkyClaw-Team1/ros2_ws/install/px4_msgs/bin'
[3.496s] Level 1:colcon.colcon_core.environment:checking '/home/rschnurr/SkyClaw-Team1/ros2_ws/install/px4_msgs/lib/pkgconfig/px4_msgs.pc'
[3.497s] Level 1:colcon.colcon_core.environment:checking '/home/rschnurr/SkyClaw-Team1/ros2_ws/install/px4_msgs/lib/python3.10/site-packages'
[3.497s] Level 1:colcon.colcon_core.environment:checking '/home/rschnurr/SkyClaw-Team1/ros2_ws/install/px4_msgs/bin'
[3.498s] INFO:colcon.colcon_core.shell:Creating package script '/home/rschnurr/SkyClaw-Team1/ros2_ws/install/px4_msgs/share/px4_msgs/package.ps1'
[3.500s] INFO:colcon.colcon_core.shell:Creating package descriptor '/home/rschnurr/SkyClaw-Team1/ros2_ws/install/px4_msgs/share/px4_msgs/package.dsv'
[3.501s] INFO:colcon.colcon_core.shell:Creating package script '/home/rschnurr/SkyClaw-Team1/ros2_ws/install/px4_msgs/share/px4_msgs/package.sh'
[3.506s] INFO:colcon.colcon_core.shell:Creating package script '/home/rschnurr/SkyClaw-Team1/ros2_ws/install/px4_msgs/share/px4_msgs/package.bash'
[3.508s] INFO:colcon.colcon_core.shell:Creating package script '/home/rschnurr/SkyClaw-Team1/ros2_ws/install/px4_msgs/share/px4_msgs/package.zsh'
[3.509s] Level 1:colcon.colcon_core.environment:create_file_with_runtime_dependencies(/home/rschnurr/SkyClaw-Team1/ros2_ws/install/px4_msgs/share/colcon-core/packages/px4_msgs)
[3.511s] Level 1:colcon.colcon_core.environment:create_environment_scripts_only(px4_msgs)
[3.513s] Level 1:colcon.colcon_core.environment:checking '/home/rschnurr/SkyClaw-Team1/ros2_ws/install/px4_msgs' for CMake module files
[3.514s] Level 1:colcon.colcon_core.environment:checking '/home/rschnurr/SkyClaw-Team1/ros2_ws/install/px4_msgs' for CMake config files
[3.516s] Level 1:colcon.colcon_core.shell:create_environment_hook('px4_msgs', 'cmake_prefix_path')
[3.516s] INFO:colcon.colcon_core.shell:Creating environment hook '/home/rschnurr/SkyClaw-Team1/ros2_ws/install/px4_msgs/share/px4_msgs/hook/cmake_prefix_path.ps1'
[3.518s] INFO:colcon.colcon_core.shell:Creating environment descriptor '/home/rschnurr/SkyClaw-Team1/ros2_ws/install/px4_msgs/share/px4_msgs/hook/cmake_prefix_path.dsv'
[3.519s] INFO:colcon.colcon_core.shell:Creating environment hook '/home/rschnurr/SkyClaw-Team1/ros2_ws/install/px4_msgs/share/px4_msgs/hook/cmake_prefix_path.sh'
[3.520s] Level 1:colcon.colcon_core.environment:checking '/home/rschnurr/SkyClaw-Team1/ros2_ws/install/px4_msgs/lib'
[3.520s] Level 1:colcon.colcon_core.shell:create_environment_hook('px4_msgs', 'ld_library_path_lib')
[3.520s] INFO:colcon.colcon_core.shell:Creating environment hook '/home/rschnurr/SkyClaw-Team1/ros2_ws/install/px4_msgs/share/px4_msgs/hook/ld_library_path_lib.ps1'
[3.521s] INFO:colcon.colcon_core.shell:Creating environment descriptor '/home/rschnurr/SkyClaw-Team1/ros2_ws/install/px4_msgs/share/px4_msgs/hook/ld_library_path_lib.dsv'
[3.521s] INFO:colcon.colcon_core.shell:Creating environment hook '/home/rschnurr/SkyClaw-Team1/ros2_ws/install/px4_msgs/share/px4_msgs/hook/ld_library_path_lib.sh'
[3.522s] Level 1:colcon.colcon_core.environment:checking '/home/rschnurr/SkyClaw-Team1/ros2_ws/install/px4_msgs/bin'
[3.523s] Level 1:colcon.colcon_core.environment:checking '/home/rschnurr/SkyClaw-Team1/ros2_ws/install/px4_msgs/lib/pkgconfig/px4_msgs.pc'
[3.526s] Level 1:colcon.colcon_core.environment:checking '/home/rschnurr/SkyClaw-Team1/ros2_ws/install/px4_msgs/lib/python3.10/site-packages'
[3.527s] Level 1:colcon.colcon_core.environment:checking '/home/rschnurr/SkyClaw-Team1/ros2_ws/install/px4_msgs/bin'
[3.528s] INFO:colcon.colcon_core.shell:Creating package script '/home/rschnurr/SkyClaw-Team1/ros2_ws/install/px4_msgs/share/px4_msgs/package.ps1'
[3.529s] INFO:colcon.colcon_core.shell:Creating package descriptor '/home/rschnurr/SkyClaw-Team1/ros2_ws/install/px4_msgs/share/px4_msgs/package.dsv'
[3.530s] INFO:colcon.colcon_core.shell:Creating package script '/home/rschnurr/SkyClaw-Team1/ros2_ws/install/px4_msgs/share/px4_msgs/package.sh'
[3.531s] INFO:colcon.colcon_core.shell:Creating package script '/home/rschnurr/SkyClaw-Team1/ros2_ws/install/px4_msgs/share/px4_msgs/package.bash'
[3.531s] INFO:colcon.colcon_core.shell:Creating package script '/home/rschnurr/SkyClaw-Team1/ros2_ws/install/px4_msgs/share/px4_msgs/package.zsh'
[3.532s] Level 1:colcon.colcon_core.environment:create_file_with_runtime_dependencies(/home/rschnurr/SkyClaw-Team1/ros2_ws/install/px4_msgs/share/colcon-core/packages/px4_msgs)
[3.533s] INFO:colcon.colcon_ros.task.ament_python.build:Building ROS package in '/home/rschnurr/SkyClaw-Team1/ros2_ws/src/go_green' with build type 'ament_python'
[3.533s] Level 1:colcon.colcon_core.shell:create_environment_hook('go_green', 'ament_prefix_path')
[3.535s] INFO:colcon.colcon_core.shell:Creating environment hook '/home/rschnurr/SkyClaw-Team1/ros2_ws/install/go_green/share/go_green/hook/ament_prefix_path.ps1'
[3.536s] INFO:colcon.colcon_core.shell:Creating environment descriptor '/home/rschnurr/SkyClaw-Team1/ros2_ws/install/go_green/share/go_green/hook/ament_prefix_path.dsv'
[3.536s] INFO:colcon.colcon_core.shell:Creating environment hook '/home/rschnurr/SkyClaw-Team1/ros2_ws/install/go_green/share/go_green/hook/ament_prefix_path.sh'
[3.538s] INFO:colcon.colcon_core.shell:Skip shell extension 'powershell' for command environment: Not usable outside of PowerShell
[3.538s] DEBUG:colcon.colcon_core.shell:Skip shell extension 'dsv' for command environment
[3.544s] INFO:colcon.colcon_ros.task.ament_cmake.build:Building ROS package in '/home/rschnurr/SkyClaw-Team1/ros2_ws/src/px4_ros_com' with build type 'ament_cmake'
[3.545s] INFO:colcon.colcon_cmake.task.cmake.build:Building CMake package in '/home/rschnurr/SkyClaw-Team1/ros2_ws/src/px4_ros_com'
[3.546s] INFO:colcon.colcon_core.shell:Skip shell extension 'powershell' for command environment: Not usable outside of PowerShell
[3.546s] DEBUG:colcon.colcon_core.shell:Skip shell extension 'dsv' for command environment
[3.662s] DEBUG:colcon.colcon_core.event_handler.log_command:Invoking command in '/home/rschnurr/SkyClaw-Team1/ros2_ws/build/px4_ros_com': AMENT_PREFIX_PATH=/home/rschnurr/SkyClaw-Team1/ros2_ws/install/px4_msgs:${AMENT_PREFIX_PATH} CMAKE_PREFIX_PATH=/home/rschnurr/SkyClaw-Team1/ros2_ws/install/px4_msgs:/opt/ros/humble LD_LIBRARY_PATH=/home/rschnurr/SkyClaw-Team1/ros2_ws/install/px4_msgs/lib:${LD_LIBRARY_PATH} PYTHONPATH=/home/rschnurr/SkyClaw-Team1/ros2_ws/install/px4_msgs/local/lib/python3.10/dist-packages:${PYTHONPATH} /usr/bin/cmake --build /home/rschnurr/SkyClaw-Team1/ros2_ws/build/px4_ros_com -- -j16 -l16
[4.119s] INFO:colcon.colcon_core.task.python.build:Building Python package in '/home/rschnurr/SkyClaw-Team1/ros2_ws/src/go_green'
[4.120s] INFO:colcon.colcon_core.shell:Skip shell extension 'powershell' for command environment: Not usable outside of PowerShell
[4.120s] DEBUG:colcon.colcon_core.shell:Skip shell extension 'dsv' for command environment
[4.518s] DEBUG:colcon.colcon_core.event_handler.log_command:Invoked command in '/home/rschnurr/SkyClaw-Team1/ros2_ws/build/px4_ros_com' returned '0': AMENT_PREFIX_PATH=/home/rschnurr/SkyClaw-Team1/ros2_ws/install/px4_msgs:${AMENT_PREFIX_PATH} CMAKE_PREFIX_PATH=/home/rschnurr/SkyClaw-Team1/ros2_ws/install/px4_msgs:/opt/ros/humble LD_LIBRARY_PATH=/home/rschnurr/SkyClaw-Team1/ros2_ws/install/px4_msgs/lib:${LD_LIBRARY_PATH} PYTHONPATH=/home/rschnurr/SkyClaw-Team1/ros2_ws/install/px4_msgs/local/lib/python3.10/dist-packages:${PYTHONPATH} /usr/bin/cmake --build /home/rschnurr/SkyClaw-Team1/ros2_ws/build/px4_ros_com -- -j16 -l16
[4.519s] DEBUG:colcon.colcon_core.event_handler.log_command:Invoking command in '/home/rschnurr/SkyClaw-Team1/ros2_ws/build/px4_ros_com': AMENT_PREFIX_PATH=/home/rschnurr/SkyClaw-Team1/ros2_ws/install/px4_msgs:${AMENT_PREFIX_PATH} CMAKE_PREFIX_PATH=/home/rschnurr/SkyClaw-Team1/ros2_ws/install/px4_msgs:/opt/ros/humble LD_LIBRARY_PATH=/home/rschnurr/SkyClaw-Team1/ros2_ws/install/px4_msgs/lib:${LD_LIBRARY_PATH} PYTHONPATH=/home/rschnurr/SkyClaw-Team1/ros2_ws/install/px4_msgs/local/lib/python3.10/dist-packages:${PYTHONPATH} /usr/bin/cmake --install /home/rschnurr/SkyClaw-Team1/ros2_ws/build/px4_ros_com
[4.617s] Level 1:colcon.colcon_core.environment:create_environment_scripts_only(px4_ros_com)
[4.618s] Level 1:colcon.colcon_core.environment:checking '/home/rschnurr/SkyClaw-Team1/ros2_ws/install/px4_ros_com' for CMake module files
[4.619s] DEBUG:colcon.colcon_core.event_handler.log_command:Invoked command in '/home/rschnurr/SkyClaw-Team1/ros2_ws/build/px4_ros_com' returned '0': AMENT_PREFIX_PATH=/home/rschnurr/SkyClaw-Team1/ros2_ws/install/px4_msgs:${AMENT_PREFIX_PATH} CMAKE_PREFIX_PATH=/home/rschnurr/SkyClaw-Team1/ros2_ws/install/px4_msgs:/opt/ros/humble LD_LIBRARY_PATH=/home/rschnurr/SkyClaw-Team1/ros2_ws/install/px4_msgs/lib:${LD_LIBRARY_PATH} PYTHONPATH=/home/rschnurr/SkyClaw-Team1/ros2_ws/install/px4_msgs/local/lib/python3.10/dist-packages:${PYTHONPATH} /usr/bin/cmake --install /home/rschnurr/SkyClaw-Team1/ros2_ws/build/px4_ros_com
[4.620s] Level 1:colcon.colcon_core.environment:checking '/home/rschnurr/SkyClaw-Team1/ros2_ws/install/px4_ros_com' for CMake config files
[4.621s] Level 1:colcon.colcon_core.shell:create_environment_hook('px4_ros_com', 'cmake_prefix_path')
[4.621s] INFO:colcon.colcon_core.shell:Creating environment hook '/home/rschnurr/SkyClaw-Team1/ros2_ws/install/px4_ros_com/share/px4_ros_com/hook/cmake_prefix_path.ps1'
[4.623s] INFO:colcon.colcon_core.shell:Creating environment descriptor '/home/rschnurr/SkyClaw-Team1/ros2_ws/install/px4_ros_com/share/px4_ros_com/hook/cmake_prefix_path.dsv'
[4.624s] INFO:colcon.colcon_core.shell:Creating environment hook '/home/rschnurr/SkyClaw-Team1/ros2_ws/install/px4_ros_com/share/px4_ros_com/hook/cmake_prefix_path.sh'
[4.626s] Level 1:colcon.colcon_core.environment:checking '/home/rschnurr/SkyClaw-Team1/ros2_ws/install/px4_ros_com/lib'
[4.626s] Level 1:colcon.colcon_core.shell:create_environment_hook('px4_ros_com', 'ld_library_path_lib')
[4.626s] INFO:colcon.colcon_core.shell:Creating environment hook '/home/rschnurr/SkyClaw-Team1/ros2_ws/install/px4_ros_com/share/px4_ros_com/hook/ld_library_path_lib.ps1'
[4.627s] INFO:colcon.colcon_core.shell:Creating environment descriptor '/home/rschnurr/SkyClaw-Team1/ros2_ws/install/px4_ros_com/share/px4_ros_com/hook/ld_library_path_lib.dsv'
[4.627s] INFO:colcon.colcon_core.shell:Creating environment hook '/home/rschnurr/SkyClaw-Team1/ros2_ws/install/px4_ros_com/share/px4_ros_com/hook/ld_library_path_lib.sh'
[4.628s] Level 1:colcon.colcon_core.environment:checking '/home/rschnurr/SkyClaw-Team1/ros2_ws/install/px4_ros_com/bin'
[4.628s] Level 1:colcon.colcon_core.environment:checking '/home/rschnurr/SkyClaw-Team1/ros2_ws/install/px4_ros_com/lib/pkgconfig/px4_ros_com.pc'
[4.628s] Level 1:colcon.colcon_core.environment:checking '/home/rschnurr/SkyClaw-Team1/ros2_ws/install/px4_ros_com/lib/python3.10/site-packages'
[4.629s] Level 1:colcon.colcon_core.environment:checking '/home/rschnurr/SkyClaw-Team1/ros2_ws/install/px4_ros_com/bin'
[4.629s] INFO:colcon.colcon_core.shell:Creating package script '/home/rschnurr/SkyClaw-Team1/ros2_ws/install/px4_ros_com/share/px4_ros_com/package.ps1'
[4.631s] INFO:colcon.colcon_core.shell:Creating package descriptor '/home/rschnurr/SkyClaw-Team1/ros2_ws/install/px4_ros_com/share/px4_ros_com/package.dsv'
[4.632s] INFO:colcon.colcon_core.shell:Creating package script '/home/rschnurr/SkyClaw-Team1/ros2_ws/install/px4_ros_com/share/px4_ros_com/package.sh'
[4.633s] INFO:colcon.colcon_core.shell:Creating package script '/home/rschnurr/SkyClaw-Team1/ros2_ws/install/px4_ros_com/share/px4_ros_com/package.bash'
[4.634s] INFO:colcon.colcon_core.shell:Creating package script '/home/rschnurr/SkyClaw-Team1/ros2_ws/install/px4_ros_com/share/px4_ros_com/package.zsh'
[4.635s] Level 1:colcon.colcon_core.environment:create_file_with_runtime_dependencies(/home/rschnurr/SkyClaw-Team1/ros2_ws/install/px4_ros_com/share/colcon-core/packages/px4_ros_com)
[4.636s] Level 1:colcon.colcon_core.environment:create_environment_scripts_only(px4_ros_com)
[4.636s] Level 1:colcon.colcon_core.environment:checking '/home/rschnurr/SkyClaw-Team1/ros2_ws/install/px4_ros_com' for CMake module files
[4.637s] Level 1:colcon.colcon_core.environment:checking '/home/rschnurr/SkyClaw-Team1/ros2_ws/install/px4_ros_com' for CMake config files
[4.638s] Level 1:colcon.colcon_core.shell:create_environment_hook('px4_ros_com', 'cmake_prefix_path')
[4.638s] INFO:colcon.colcon_core.shell:Creating environment hook '/home/rschnurr/SkyClaw-Team1/ros2_ws/install/px4_ros_com/share/px4_ros_com/hook/cmake_prefix_path.ps1'
[4.639s] INFO:colcon.colcon_core.shell:Creating environment descriptor '/home/rschnurr/SkyClaw-Team1/ros2_ws/install/px4_ros_com/share/px4_ros_com/hook/cmake_prefix_path.dsv'
[4.640s] INFO:colcon.colcon_core.shell:Creating environment hook '/home/rschnurr/SkyClaw-Team1/ros2_ws/install/px4_ros_com/share/px4_ros_com/hook/cmake_prefix_path.sh'
[4.641s] Level 1:colcon.colcon_core.environment:checking '/home/rschnurr/SkyClaw-Team1/ros2_ws/install/px4_ros_com/lib'
[4.641s] Level 1:colcon.colcon_core.shell:create_environment_hook('px4_ros_com', 'ld_library_path_lib')
[4.642s] INFO:colcon.colcon_core.shell:Creating environment hook '/home/rschnurr/SkyClaw-Team1/ros2_ws/install/px4_ros_com/share/px4_ros_com/hook/ld_library_path_lib.ps1'
[4.643s] INFO:colcon.colcon_core.shell:Creating environment descriptor '/home/rschnurr/SkyClaw-Team1/ros2_ws/install/px4_ros_com/share/px4_ros_com/hook/ld_library_path_lib.dsv'
[4.643s] INFO:colcon.colcon_core.shell:Creating environment hook '/home/rschnurr/SkyClaw-Team1/ros2_ws/install/px4_ros_com/share/px4_ros_com/hook/ld_library_path_lib.sh'
[4.644s] Level 1:colcon.colcon_core.environment:checking '/home/rschnurr/SkyClaw-Team1/ros2_ws/install/px4_ros_com/bin'
[4.645s] Level 1:colcon.colcon_core.environment:checking '/home/rschnurr/SkyClaw-Team1/ros2_ws/install/px4_ros_com/lib/pkgconfig/px4_ros_com.pc'
[4.645s] Level 1:colcon.colcon_core.environment:checking '/home/rschnurr/SkyClaw-Team1/ros2_ws/install/px4_ros_com/lib/python3.10/site-packages'
[4.646s] Level 1:colcon.colcon_core.environment:checking '/home/rschnurr/SkyClaw-Team1/ros2_ws/install/px4_ros_com/bin'
[4.647s] INFO:colcon.colcon_core.shell:Creating package script '/home/rschnurr/SkyClaw-Team1/ros2_ws/install/px4_ros_com/share/px4_ros_com/package.ps1'
[4.647s] INFO:colcon.colcon_core.shell:Creating package descriptor '/home/rschnurr/SkyClaw-Team1/ros2_ws/install/px4_ros_com/share/px4_ros_com/package.dsv'
[4.648s] INFO:colcon.colcon_core.shell:Creating package script '/home/rschnurr/SkyClaw-Team1/ros2_ws/install/px4_ros_com/share/px4_ros_com/package.sh'
[4.649s] INFO:colcon.colcon_core.shell:Creating package script '/home/rschnurr/SkyClaw-Team1/ros2_ws/install/px4_ros_com/share/px4_ros_com/package.bash'
[4.650s] INFO:colcon.colcon_core.shell:Creating package script '/home/rschnurr/SkyClaw-Team1/ros2_ws/install/px4_ros_com/share/px4_ros_com/package.zsh'
[4.651s] Level 1:colcon.colcon_core.environment:create_file_with_runtime_dependencies(/home/rschnurr/SkyClaw-Team1/ros2_ws/install/px4_ros_com/share/colcon-core/packages/px4_ros_com)
[5.144s] DEBUG:colcon.colcon_core.event_handler.log_command:Invoking command in '/home/rschnurr/SkyClaw-Team1/ros2_ws/src/go_green': AMENT_PREFIX_PATH=/home/rschnurr/SkyClaw-Team1/ros2_ws/install/px4_msgs:${AMENT_PREFIX_PATH} CMAKE_PREFIX_PATH=/home/rschnurr/SkyClaw-Team1/ros2_ws/install/px4_msgs LD_LIBRARY_PATH=/home/rschnurr/SkyClaw-Team1/ros2_ws/install/px4_msgs/lib:${LD_LIBRARY_PATH} PYTHONPATH=/home/rschnurr/SkyClaw-Team1/ros2_ws/build/go_green/prefix_override:/usr/lib/python3/dist-packages/colcon_core/task/python/colcon_distutils_commands:/home/rschnurr/SkyClaw-Team1/ros2_ws/install/go_green/lib/python3.10/site-packages:/home/rschnurr/SkyClaw-Team1/ros2_ws/install/px4_msgs/local/lib/python3.10/dist-packages:${PYTHONPATH} /usr/bin/python3 -W ignore:setup.py install is deprecated -W ignore:easy_install command is deprecated setup.py egg_info --egg-base ../../build/go_green build --build-base /home/rschnurr/SkyClaw-Team1/ros2_ws/build/go_green/build install --record /home/rschnurr/SkyClaw-Team1/ros2_ws/build/go_green/install.log --single-version-externally-managed install_data
[5.847s] Level 1:colcon.colcon_core.environment:checking '/home/rschnurr/SkyClaw-Team1/ros2_ws/install/go_green' for CMake module files
[5.848s] DEBUG:colcon.colcon_core.event_handler.log_command:Invoked command in '/home/rschnurr/SkyClaw-Team1/ros2_ws/src/go_green' returned '0': AMENT_PREFIX_PATH=/home/rschnurr/SkyClaw-Team1/ros2_ws/install/px4_msgs:${AMENT_PREFIX_PATH} CMAKE_PREFIX_PATH=/home/rschnurr/SkyClaw-Team1/ros2_ws/install/px4_msgs LD_LIBRARY_PATH=/home/rschnurr/SkyClaw-Team1/ros2_ws/install/px4_msgs/lib:${LD_LIBRARY_PATH} PYTHONPATH=/home/rschnurr/SkyClaw-Team1/ros2_ws/build/go_green/prefix_override:/usr/lib/python3/dist-packages/colcon_core/task/python/colcon_distutils_commands:/home/rschnurr/SkyClaw-Team1/ros2_ws/install/go_green/lib/python3.10/site-packages:/home/rschnurr/SkyClaw-Team1/ros2_ws/install/px4_msgs/local/lib/python3.10/dist-packages:${PYTHONPATH} /usr/bin/python3 -W ignore:setup.py install is deprecated -W ignore:easy_install command is deprecated setup.py egg_info --egg-base ../../build/go_green build --build-base /home/rschnurr/SkyClaw-Team1/ros2_ws/build/go_green/build install --record /home/rschnurr/SkyClaw-Team1/ros2_ws/build/go_green/install.log --single-version-externally-managed install_data
[5.849s] Level 1:colcon.colcon_core.environment:checking '/home/rschnurr/SkyClaw-Team1/ros2_ws/install/go_green' for CMake config files
[5.850s] Level 1:colcon.colcon_core.environment:checking '/home/rschnurr/SkyClaw-Team1/ros2_ws/install/go_green/lib'
[5.850s] Level 1:colcon.colcon_core.environment:checking '/home/rschnurr/SkyClaw-Team1/ros2_ws/install/go_green/bin'
[5.850s] Level 1:colcon.colcon_core.environment:checking '/home/rschnurr/SkyClaw-Team1/ros2_ws/install/go_green/lib/pkgconfig/go_green.pc'
[5.851s] Level 1:colcon.colcon_core.environment:checking '/home/rschnurr/SkyClaw-Team1/ros2_ws/install/go_green/lib/python3.10/site-packages'
[5.851s] Level 1:colcon.colcon_core.shell:create_environment_hook('go_green', 'pythonpath')
[5.852s] INFO:colcon.colcon_core.shell:Creating environment hook '/home/rschnurr/SkyClaw-Team1/ros2_ws/install/go_green/share/go_green/hook/pythonpath.ps1'
[5.853s] INFO:colcon.colcon_core.shell:Creating environment descriptor '/home/rschnurr/SkyClaw-Team1/ros2_ws/install/go_green/share/go_green/hook/pythonpath.dsv'
[5.853s] INFO:colcon.colcon_core.shell:Creating environment hook '/home/rschnurr/SkyClaw-Team1/ros2_ws/install/go_green/share/go_green/hook/pythonpath.sh'
[5.854s] Level 1:colcon.colcon_core.environment:checking '/home/rschnurr/SkyClaw-Team1/ros2_ws/install/go_green/bin'
[5.854s] Level 1:colcon.colcon_core.environment:create_environment_scripts_only(go_green)
[5.855s] INFO:colcon.colcon_core.shell:Creating package script '/home/rschnurr/SkyClaw-Team1/ros2_ws/install/go_green/share/go_green/package.ps1'
[5.856s] INFO:colcon.colcon_core.shell:Creating package descriptor '/home/rschnurr/SkyClaw-Team1/ros2_ws/install/go_green/share/go_green/package.dsv'
[5.856s] INFO:colcon.colcon_core.shell:Creating package script '/home/rschnurr/SkyClaw-Team1/ros2_ws/install/go_green/share/go_green/package.sh'
[5.857s] INFO:colcon.colcon_core.shell:Creating package script '/home/rschnurr/SkyClaw-Team1/ros2_ws/install/go_green/share/go_green/package.bash'
[5.857s] INFO:colcon.colcon_core.shell:Creating package script '/home/rschnurr/SkyClaw-Team1/ros2_ws/install/go_green/share/go_green/package.zsh'
[5.857s] Level 1:colcon.colcon_core.environment:create_file_with_runtime_dependencies(/home/rschnurr/SkyClaw-Team1/ros2_ws/install/go_green/share/colcon-core/packages/go_green)
[5.859s] DEBUG:colcon.colcon_parallel_executor.executor.parallel:closing loop
[5.860s] DEBUG:colcon.colcon_parallel_executor.executor.parallel:loop closed
[5.860s] DEBUG:colcon.colcon_parallel_executor.executor.parallel:run_until_complete finished with '0'
[5.860s] DEBUG:colcon.colcon_core.event_reactor:joining thread
[5.987s] INFO:colcon.colcon_core.plugin_system:Skipping extension 'colcon_notification.desktop_notification.notify_send': Could not find 'notify-send'
[5.988s] INFO:colcon.colcon_core.plugin_system:Skipping extension 'colcon_notification.desktop_notification.terminal_notifier': Not used on non-Darwin systems
[5.988s] INFO:colcon.colcon_core.plugin_system:Skipping extension 'colcon_notification.desktop_notification.win32': Not used on non-Windows systems
[5.988s] INFO:colcon.colcon_notification.desktop_notification:Sending desktop notification using 'notify2'
[5.989s] DEBUG:colcon.colcon_notification.desktop_notification.notify2:Failed to initialize notify2: org.freedesktop.DBus.Error.FileNotFound: Failed to connect to socket /run/user/1000/bus: No such file or directory
[5.989s] DEBUG:colcon.colcon_core.event_reactor:joined thread
[5.990s] INFO:colcon.colcon_core.shell:Creating prefix script '/home/rschnurr/SkyClaw-Team1/ros2_ws/install/local_setup.ps1'
[5.992s] INFO:colcon.colcon_core.shell:Creating prefix util module '/home/rschnurr/SkyClaw-Team1/ros2_ws/install/_local_setup_util_ps1.py'
[5.997s] INFO:colcon.colcon_core.shell:Creating prefix chain script '/home/rschnurr/SkyClaw-Team1/ros2_ws/install/setup.ps1'
[6.001s] INFO:colcon.colcon_core.shell:Creating prefix script '/home/rschnurr/SkyClaw-Team1/ros2_ws/install/local_setup.sh'
[6.003s] INFO:colcon.colcon_core.shell:Creating prefix util module '/home/rschnurr/SkyClaw-Team1/ros2_ws/install/_local_setup_util_sh.py'
[6.005s] INFO:colcon.colcon_core.shell:Creating prefix chain script '/home/rschnurr/SkyClaw-Team1/ros2_ws/install/setup.sh'
[6.009s] INFO:colcon.colcon_core.shell:Creating prefix script '/home/rschnurr/SkyClaw-Team1/ros2_ws/install/local_setup.bash'
[6.011s] INFO:colcon.colcon_core.shell:Creating prefix chain script '/home/rschnurr/SkyClaw-Team1/ros2_ws/install/setup.bash'
[6.012s] INFO:colcon.colcon_core.shell:Creating prefix script '/home/rschnurr/SkyClaw-Team1/ros2_ws/install/local_setup.zsh'
[6.015s] INFO:colcon.colcon_core.shell:Creating prefix chain script '/home/rschnurr/SkyClaw-Team1/ros2_ws/install/setup.zsh'
